 WaterSim_5

 Timestamp is 5acfae6e (Thu Apr 12 12:07:26 2018)

 Preferred load address is 00400000

 Start         Length     Name                   Class
 0001:00000000 004f7feeH .text                   CODE
 0002:00000000 00000144H .idata$5                DATA
 0002:00000150 0004f1d8H .rdata                  DATA
 0002:0004f328 00000028H .idata$2                DATA
 0002:0004f350 00000014H .idata$3                DATA
 0002:0004f364 00000144H .idata$4                DATA
 0002:0004f4a8 000005b6H .idata$6                DATA
 0002:0004fa60 000028d4H .edata                  DATA
 0003:00000000 00000004H .CRT$XCA                DATA
 0003:00000004 00000000H .CRT$XCU                DATA
 0003:00000004 00000004H .CRT$XCZ                DATA
 0003:00000008 00000004H .CRT$XIA                DATA
 0003:0000000c 00000008H .CRT$XIC                DATA
 0003:00000014 00000004H .CRT$XIZ                DATA
 0003:00000018 00000004H .CRT$XPA                DATA
 0003:0000001c 0000000cH .CRT$XPX                DATA
 0003:00000028 00000004H .CRT$XPZ                DATA
 0003:0000002c 00000004H .CRT$XTA                DATA
 0003:00000030 00000004H .CRT$XTZ                DATA
 0003:00000040 01efdd90H .data                   DATA
 0003:01efddd0 003d4ef8H .bss                    DATA

  Address         Publics by Value              Rva+Base     Lib:Object

 0001:00000000       _lm_agwaterbudgets_        00404000 f   Agriculture.obj
 0001:00000011       _lm_agwaterbudgets@_initag_ 00404011 f   Agriculture.obj
 0001:00000070       _lm_agwaterbudgets@_openfiles_ag_ 00404070 f   Agriculture.obj
 0001:00000204       _lm_agwaterbudgets@_readfiles_ag_ 00404204 f   Agriculture.obj
 0001:000008af       _lms_agwaterbudgets_       004048af f   Agriculture.obj
 0001:000008c0       _lms_agwaterbudgets@_agriculturedemand_ 004048c0 f   Agriculture.obj
 0001:00001405       _lms_agwaterbudgets@_agricultureproduction_ 00405405 f   Agriculture.obj
 0001:0000211a       _lms_agwaterbudgets@_agriculturalbudgets_ 0040611a f   Agriculture.obj
 0001:000025fa       _initializeagriculture_    004065fa f   Agriculture.obj
 0001:00004a88       _sagdemand_                00408a88 f   Agriculture.obj
 0001:00006f87       _sagprovider_              0040af87 f   Agriculture.obj
 0001:000094da       _sagproductionstatic_      0040d4da f   Agriculture.obj
 0001:0000b9bd       _saginitialize_water_      0040f9bd f   Agriculture.obj
 0001:0000e44f       _sagpumpingses_            0041244f f   Agriculture.obj
 0001:000111d9       _sagsurfaceses_            004151d9 f   Agriculture.obj
 0001:00013820       _lm_buildnotes_            00417820 f   BuildNotes.obj
 0001:00013831       _lm_buildnotes@_buildnumk_ 00417831 f   BuildNotes.obj
 0001:0001388a       _lm_buildnotes@_buildverk_ 0041788a f   BuildNotes.obj
 0001:000138e3       _lm_buildnotes@_buildsubverk_ 004178e3 f   BuildNotes.obj
 0001:0001393c       _lm_buildnotes@_monthk_    0041793c f   BuildNotes.obj
 0001:00013995       _lm_buildnotes@_dayk_      00417995 f   BuildNotes.obj
 0001:000139ee       _lm_buildnotes@_yeark_     004179ee f   BuildNotes.obj
 0001:00013a47       _lm_buildnotes@_hourk_     00417a47 f   BuildNotes.obj
 0001:00013aa0       _lm_buildnotes@_mink_      00417aa0 f   BuildNotes.obj
 0001:00013b00       _pstartup_k_               00417b00 f   Demand.obj
 0001:00015f52       _sdemandwrap_              00419f52 f   Demand.obj
 0001:00018e9c       _soutdooraccounting_       0041ce9c f   Demand.obj
 0001:0001ba97       _pgraywater_               0041fa97 f   Demand.obj
 0001:0001e309       _pstormwaterharvest_       00422309 f   Demand.obj
 0001:00020b7b       _prainwaterharvest_        00424b7b f   Demand.obj
 0001:000233ed       _pwaterbanking_k_          004273ed f   Demand.obj
 0001:000262ab       _pwaterfordirectinject_s_  0042a2ab f   Demand.obj
 0001:00029aad       _pwaterreclaimed_s_        0042daad f   Demand.obj
 0001:0002cf4a       _prowaterreclaimed_s_      00430f4a f   Demand.obj
 0001:0002fa1a       _pwaterforvadose_s_        00433a1a f   Demand.obj
 0001:000335ae       _pnewwatersupplies_k_      004375ae f   Demand.obj
 0001:00036323       _pcleanup_k_               0043a323 f   Demand.obj
 0001:00038895       _punusednonpotable_        0043c895 f   Demand.obj
 0001:0003afb4       _scwaccounting_            0043efb4 f   Demand.obj
 0001:0003dee0       _soptimize_                00441ee0 f   Demand.obj
 0001:00040f41       _soptimize_off_            00444f41 f   Demand.obj
 0001:00043aef       _son_inrounding_           00447aef f   Demand.obj
 0001:000462e8       _son_outrounding_          0044a2e8 f   Demand.obj
 0001:00048ae1       _son_rounding_             0044cae1 f   Demand.obj
 0001:0004b548       _soff_rounding_            0044f548 f   Demand.obj
 0001:0004dfb7       _scwaccountingindoorout_   00451fb7 f   Demand.obj
 0001:00053450       _lm_designationsdaily_a_   00457450 f   DesignationsDaily.obj
 0001:00053461       _lm_designationsdaily_a@_initadesignationsdaily_ 00457461 f   DesignationsDaily.obj
 0001:000534c0       _lm_designationsdaily_a@_openfiles_adesignationsd_ 004574c0 f   DesignationsDaily.obj
 0001:000536f2       _lm_designationsdaily_a@_readfiles_adesignationsd_ 004576f2 f   DesignationsDaily.obj
 0001:00053d58       _lms_designationsdaily_a_  00457d58 f   DesignationsDaily.obj
 0001:00053d69       _lms_designationsdaily_a@_extract_ 00457d69 f   DesignationsDaily.obj
 0001:00054110       _lms_designationsdaily_a@_flow_ 00458110 f   DesignationsDaily.obj
 0001:00054300       _lms_designationsdaily_a@_fmodflowsvtdaily_ 00458300 f   DesignationsDaily.obj
 0001:00054418       _lms_designationsdaily_a@_designations_ 00458418 f   DesignationsDaily.obj
 0001:00055bf5       _lms_designationsdaily_a@_leapyear_ 00459bf5 f   DesignationsDaily.obj
 0001:00055db7       _initializedailydesig_     00459db7 f   DesignationsDaily.obj
 0001:0005820f       _extractdaily_             0045c20f f   DesignationsDaily.obj
 0001:0005a6e0       _lm_designations_b_        0045e6e0 f   Designations_CO.obj
 0001:0005a6f1       _lm_designations_b@_initbdesignations_ 0045e6f1 f   Designations_CO.obj
 0001:0005a762       _lm_designations_b@_openfiles_bdesignations_ 0045e762 f   Designations_CO.obj
 0001:0005a966       _lm_designations_b@_readparms_pvd_ 0045e966 f   Designations_CO.obj
 0001:0005ad56       _lm_designations_b@_readfiles_bdesignations_ 0045ed56 f   Designations_CO.obj
 0001:0005b123       _lms_designations_b_       0045f123 f   Designations_CO.obj
 0001:0005b134       _lms_designations_b@_apartition_b_ 0045f134 f   Designations_CO.obj
 0001:0005c34f       _lms_designations_b@_aallocate_b_ 0046034f f   Designations_CO.obj
 0001:0005c530       _lms_designations_b@_maxcapdesignations_ 00460530 f   Designations_CO.obj
 0001:0005c86b       _lms_designations_b@_capneeded_ 0046086b f   Designations_CO.obj
 0001:0005cb19       _lms_designations_b@_reductionsindesignations_ 00460b19 f   Designations_CO.obj
 0001:0005f9db       _lms_designations_b@_capout_ 004639db f   Designations_CO.obj
 0001:000601e9       _lms_designations_b@_waterbank_ 004641e9 f   Designations_CO.obj
 0001:000604f5       _lms_designations_b@_capprioritywater_ 004644f5 f   Designations_CO.obj
 0001:00060618       _lms_designations_b@_deltacapwater_ 00464618 f   Designations_CO.obj
 0001:000607ba       _lms_designations_b@_coriverdeltawater_ 004647ba f   Designations_CO.obj
 0001:00060e3c       _lms_designations_b@_atypeconvert_ 00464e3c f   Designations_CO.obj
 0001:00061069       _initializecoloradodesig_  00465069 f   Designations_CO.obj
 0001:000634c1       _pcap_water_               004674c1 f   Designations_CO.obj
 0001:00065cb0       _lm_designations_a_        00469cb0 f   Designations_STV.obj
 0001:00065cc1       _lm_designations_a@_initadesignations_ 00469cc1 f   Designations_STV.obj
 0001:00065d20       _lm_designations_a@_openfiles_adesignations_ 00469d20 f   Designations_STV.obj
 0001:00065f94       _lm_designations_a@_readfiles_adesignations_ 00469f94 f   Designations_STV.obj
 0001:000666f5       _lms_designations_a_       0046a6f5 f   Designations_STV.obj
 0001:00066706       _lms_designations_a@_aclear_ 0046a706 f   Designations_STV.obj
 0001:0006686c       _lms_designations_a@_adesignations_classbcmax_a_ 0046a86c f   Designations_STV.obj
 0001:00066c94       _lms_designations_a@_adesignations_classbc_storage_ 0046ac94 f   Designations_STV.obj
 0001:000678fd       _initializestvdesignations_ 0046b8fd f   Designations_STV.obj
 0001:00069d55       _adesignationsclassbcmax_  0046dd55 f   Designations_STV.obj
 0001:0006c220       _dsalttontoverde_          00470220 f   Designations_STV.obj
 0001:0006e74d       _sbookkeeping_             0047274d f   Designations_STV.obj
 0001:00070c75       _classadesignations_a_     00474c75 f   Designations_STV.obj
 0001:00073177       _ssrp_classbc_             00477177 f   Designations_STV.obj
 0001:00076b10       _lms_climatefactor_        0047ab10 f   Functions.obj
 0001:00076b21       _lms_climatefactor@_fclimatefactorco_ 0047ab21 f   Functions.obj
 0001:00076de4       _lms_climatefactor@_fclimatefactorsvt_ 0047ade4 f   Functions.obj
 0001:000770a7       _lms_climatefactor@_flinear_ 0047b0a7 f   Functions.obj
 0001:00077195       _lms_climatefactor@_climateparms_ 0047b195 f   Functions.obj
 0001:000772f1       _lms_climatefactor@_slope_ 0047b2f1 f   Functions.obj
 0001:00077473       _lms_climatefactor@_intercept_ 0047b473 f   Functions.obj
 0001:000775ec       _lms_agricultureretirement_ 0047b5ec f   Functions.obj
 0001:000775fd       _lms_agricultureretirement@_fagretirementfactor_ 0047b5fd f   Functions.obj
 0001:000778e8       _lms_agricultureretirement@_agricparms_ 0047b8e8 f   Functions.obj
 0001:00077a44       _lms_agricultureretirement@_slope_ 0047ba44 f   Functions.obj
 0001:00077bc6       _lms_agricultureretirement@_intercept_ 0047bbc6 f   Functions.obj
 0001:00077d41       _lms_agricultureretirement@_flinear_ 0047bd41 f   Functions.obj
 0001:00077e2f       _fvariablefactorx_         0047be2f f   Functions.obj
 0001:00077ef4       _agretirement_             0047bef4 f   Functions.obj
 0001:0007a465       _climatefactorco_          0047e465 f   Functions.obj
 0001:0007c97b       _climatefactorsvt_         0048097b f   Functions.obj
 0001:0007ee91       _fround_                   00482e91 f   Functions.obj
 0001:0007f042       _feffectivegpcd_           00483042 f   Functions.obj
 0001:0007f12d       _fincrementfloat_          0048312d f   Functions.obj
 0001:0007f1bf       _fincrementdouble_         004831bf f   Functions.obj
 0001:0007f251       _fstoragerelease_          00483251 f   Functions.obj
 0001:0007f497       _fmodifynormalflow_        00483497 f   Functions.obj
 0001:0007f579       _fmodifytrottnormalflow_   00483579 f   Functions.obj
 0001:0007f650       _fstates_                  00483650 f   Functions.obj
 0001:0007f8f0       _flogicaltointeger_        004838f0 f   Functions.obj
 0001:0007f994       _fdconvert_                00483994 f   Functions.obj
 0001:0007fa9c       _froundtoaf_               00483a9c f   Functions.obj
 0001:0007fb57       _fsesgpcd_alpha_           00483b57 f   Functions.obj
 0001:0008086b       _fminmaxalpha_             0048486b f   Functions.obj
 0001:00080926       _fsesgpcd_gamma_           00484926 f   Functions.obj
 0001:0008128d       _fsesgpcd_discount_        0048528d f   Functions.obj
 0001:0008146c       _fsesgpcd_equalweight_     0048546c f   Functions.obj
 0001:00081604       _fgamma_                   00485604 f   Functions.obj
 0001:00081700       _fsesgpcd_increase_        00485700 f   Functions.obj
 0001:000819af       _fevaporation_             004859af f   Functions.obj
 0001:00081aa1       _fevaporationmonthly_      00485aa1 f   Functions.obj
 0001:00081b59       _fevaporation_reach_       00485b59 f   Functions.obj
 0001:00081bfa       _fbankstoragereach_        00485bfa f   Functions.obj
 0001:00081c8a       _fevaporation_powell_      00485c8a f   Functions.obj
 0001:00081e35       _fevaporation_mead_        00485e35 f   Functions.obj
 0001:00081fe0       _fhorsepowercap_           00485fe0 f   Functions.obj
 0001:0008210c       _fkilowatthrsfromhp_       0048610c f   Functions.obj
 0001:000821d9       _fcftstoacftperannum_      004861d9 f   Functions.obj
 0001:000822ab       _facftperannumtocfts_      004862ab f   Functions.obj
 0001:0008237f       _fleapyear_                0048637f f   Functions.obj
 0001:0008253d       _fmonthsfromdoy_           0048653d f   Functions.obj
 0001:00083011       _fstverdereservoirf_       00487011 f   Functions.obj
 0001:000830e8       _fses_alpha_               004870e8 f   Functions.obj
 0001:00083c99       _fses_discount_            00487c99 f   Functions.obj
 0001:00083e6c       _fdemandfrompopgpcd_       00487e6c f   Functions.obj
 0001:00083f2b       _fcreatetarget_            00487f2b f   Functions.obj
 0001:00084032       _fhyperbola_               00488032 f   Functions.obj
 0001:0008422e       _fhyperbolarunoff_         0048822e f   Functions.obj
 0001:00084343       _fhyperbollclustatic_      00488343 f   Functions.obj
 0001:00084403       _flogistic_                00488403 f   Functions.obj
 0001:00084690       _finverselogistic_         00488690 f   Functions.obj
 0001:00084924       _flogisticlclustatic_      00488924 f   Functions.obj
 0001:000849e7       _fsumlcludemand_           004889e7 f   Functions.obj
 0001:00084be8       _flcluefficiencies_        00488be8 f   Functions.obj
 0001:00084d10       _gm_globaldata_            00488d10 f   Global.obj
 0001:00084d17       _gm_versioncontrol_        00488d17 f   Global.obj
 0001:00084d1e       _gm_modelcontrol_          00488d1e f   Global.obj
 0001:00084d25       _gm_exception_             00488d25 f   Global.obj
 0001:00084d30       _int2charact_              00488d30 f   GlobalSubroutines.obj
 0001:00084def       _sdatetimebuild_           00488def f   GlobalSubroutines.obj
 0001:0008588f       _openfiles_                0048988f f   GlobalSubroutines.obj
 0001:00085f83       _serrorcodes_              00489f83 f   GlobalSubroutines.obj
 0001:00086198       _daysintheyear_            0048a198 f   GlobalSubroutines.obj
 0001:0008632d       _scomparecontrol_          0048a32d f   GlobalSubroutines.obj
 0001:0008647d       _seightypercentcap_        0048a47d f   GlobalSubroutines.obj
 0001:00086778       _seightypercentsrp_        0048a778 f   GlobalSubroutines.obj
 0001:00086898       _seightypercent_           0048a898 f   GlobalSubroutines.obj
 0001:00086cd1       _saggroundwater_           0048acd1 f   GlobalSubroutines.obj
 0001:0008ae8e       _sagsurfacewaterother_     0048ee8e f   GlobalSubroutines.obj
 0001:0008fce9       _spopulationmask_          00493ce9 f   GlobalSubroutines.obj
 0001:000924d7       _scapmaskcredits_          004964d7 f   GlobalSubroutines.obj
 0001:00094a54       _sesrunningt_              00498a54 f   GlobalSubroutines.obj
 0001:00095115       _gpcd_eight_               00499115 f   GlobalSubroutines.obj
 0001:00097cb6       _gpcd_                     0049bcb6 f   GlobalSubroutines.obj
 0001:00098390       _smasksrp_                 0049c390 f   GlobalSubroutines.obj
 0001:000988cd       _smask_                    0049c8cd f   GlobalSubroutines.obj
 0001:00098b6f       _smaskcap_                 0049cb6f f   GlobalSubroutines.obj
 0001:00099330       _smasksrog_                0049d330 f   GlobalSubroutines.obj
 0001:000996c2       _smaskagriculture_         0049d6c2 f   GlobalSubroutines.obj
 0001:0009bc9e       _snewmaskagriculture_      0049fc9e f   GlobalSubroutines.obj
 0001:0009bff6       _agacerageandcredits_      0049fff6 f   GlobalSubroutines.obj
 0001:0009f5f6       _agacerageandcreditscap_   004a35f6 f   GlobalSubroutines.obj
 0001:000a20ae       _sproviders_               004a60ae f   GlobalSubroutines.obj
 0001:000a28c7       _smodifynormalflow_        004a68c7 f   GlobalSubroutines.obj
 0001:000a2da0       _lms_gpcddemand_           004a6da0 f   GPCDdemand.obj
 0001:000a2db1       _lms_gpcddemand@_mysub_    004a6db1 f   GPCDdemand.obj
 0001:000a386f       _lms_gpcddemand@_fcalcindoor_ 004a786f f   GPCDdemand.obj
 0001:000a3b2b       _lms_gpcddemand@_fcalcoutdoor_ 004a7b2b f   GPCDdemand.obj
 0001:000a3d59       _gpcdfrommetrics_          004a7d59 f   GPCDdemand.obj
 0001:000a6230       _lm_groundwater_a_         004aa230 f   Groundwater.obj
 0001:000a6241       _lm_groundwater_a@_initgw_ 004aa241 f   Groundwater.obj
 0001:000a62c4       _lm_groundwater_a@_openfiles_g_ 004aa2c4 f   Groundwater.obj
 0001:000a64c8       _lm_groundwater_a@_readfiles_g_ 004aa4c8 f   Groundwater.obj
 0001:000a6b60       _lm_groundwater_a@_readparms_g_ 004aab60 f   Groundwater.obj
 0001:000a6d2e       _lm_groundwater_a@_initialstate_g_ 004aad2e f   Groundwater.obj
 0001:000a6da8       _lms_groundwater_a_        004aada8 f   Groundwater.obj
 0001:000a6db9       _lms_groundwater_a@_initstate_g_ 004aadb9 f   Groundwater.obj
 0001:000a6e4e       _lms_groundwater_a@_deltastate_g_ 004aae4e f   Groundwater.obj
 0001:000a735c       _lms_groundwater_a@_outinitialg_ 004ab35c f   Groundwater.obj
 0001:000a73f6       _initializegwaterdata_     004ab3f6 f   Groundwater.obj
 0001:000a984e       _sinitialgroundwater_      004ad84e f   Groundwater.obj
 0001:000abcc5       _pprovidergroundwater_     004afcc5 f   Groundwater.obj
 0001:000af93d       _pproviderdefaultgroundwater_ 004b393d f   Groundwater.obj
 0001:000b2096       _modflowgroundwater_       004b6096 f   Groundwater.obj
 0001:000b2770       _lm_kernel_                004b6770 f   Kernel.obj
 0001:000b2781       _lm_kernel@_runoneyearkernel_ 004b6781 f   Kernel.obj
 0001:000b2ab9       _lm_kernel@_runmanyyearkernel_ 004b6ab9 f   Kernel.obj
 0001:000b2af4       _lm_kernel@_skernalcode_   004b6af4 f   Kernel.obj
 0001:000b3367       _lm_kernel@_upstreamk_     004b7367 f   Kernel.obj
 0001:000b3a20       _lm_kernel@_datetime_      004b7a20 f   Kernel.obj
 0001:000b3b0a       _lm_kernel@_downstreamk_   004b7b0a f   Kernel.obj
 0001:000b3e72       _lm_kernel@_int2char_      004b7e72 f   Kernel.obj
 0001:000b3f3f       _lm_kernel@_startupk_      004b7f3f f   Kernel.obj
 0001:000b4e63       _lm_kernel@_readfilescheckk_ 004b8e63 f   Kernel.obj
 0001:000b51c8       _lm_kernel@_teardownk_     004b91c8 f   Kernel.obj
 0001:000b53d9       _lm_kernel@_testing_       004b93d9 f   Kernel.obj
 0001:000b5420       _lm_initialize_            004b9420 f   Kernel.obj
 0001:000b5431       _lm_initialize@_initk_     004b9431 f   Kernel.obj
 0001:000b55a2       _lm_initialize@_global_    004b95a2 f   Kernel.obj
 0001:000b5617       _daysintheyeark_           004b9617 f   Kernel.obj
 0001:000b57ac       _lm_start_                 004b97ac f   Kernel.obj
 0001:000b57bd       _lm_start@_openfilesk_     004b97bd f   Kernel.obj
 0001:000b580a       _lm_start@_errorcheckreadk_ 004b980a f   Kernel.obj
 0001:000b5857       _lm_terminate_             004b9857 f   Kernel.obj
 0001:000b5868       _lm_terminate@_closefilesk_ 004b9868 f   Kernel.obj
 0001:000b58b5       _test_                     004b98b5 f   Kernel.obj
 0001:000b58f8       _outputpath_               004b98f8 f   Kernel.obj
 0001:000b7f00       _SetStringData_            004bbf00 f   KernelInterface.obj
 0001:000ba4a3       _SetStringOutput_          004be4a3 f   KernelInterface.obj
 0001:000bca46       _BuildNum_                 004c0a46 f   KernelInterface.obj
 0001:000bcb2d       _BuildVer_                 004c0b2d f   KernelInterface.obj
 0001:000bcc14       _BuildSubVer_              004c0c14 f   KernelInterface.obj
 0001:000bccfb       _TestMonth_                004c0cfb f   KernelInterface.obj
 0001:000bcde1       _TestDay_                  004c0de1 f   KernelInterface.obj
 0001:000bcec8       _TestYear_                 004c0ec8 f   KernelInterface.obj
 0001:000bcfaf       _TestHour_                 004c0faf f   KernelInterface.obj
 0001:000bd096       _TestMin_                  004c1096 f   KernelInterface.obj
 0001:000bd17d       _Init_                     004c117d f   KernelInterface.obj
 0001:000bf5f5       _getStatus_                004c35f5 f   KernelInterface.obj
 0001:000bf73a       _RunOneYear_               004c373a f   KernelInterface.obj
 0001:000c1c02       _RunManyYears_             004c5c02 f   KernelInterface.obj
 0001:000c40ca       _OpenFiles_                004c80ca f   KernelInterface.obj
 0001:000c6592       _ReadFilesErr_             004ca592 f   KernelInterface.obj
 0001:000c8a5a       _getReadFileError_         004cca5a f   KernelInterface.obj
 0001:000caf3b       _CloseFiles_               004cef3b f   KernelInterface.obj
 0001:000cd403       _getStartSimulation_       004d1403 f   KernelInterface.obj
 0001:000cf8e0       _setStartSimulation_       004d38e0 f   KernelInterface.obj
 0001:000d1dc6       _getEndSimulation_         004d5dc6 f   KernelInterface.obj
 0001:000d42a3       _setEndSimulation_         004d82a3 f   KernelInterface.obj
 0001:000d6789       _getWriteStatus_           004da789 f   KernelInterface.obj
 0001:000d8c6a       _setWriteStatus_           004dcc6a f   KernelInterface.obj
 0001:000db133       _getWriteLog_              004df133 f   KernelInterface.obj
 0001:000dd614       _setWriteLog_              004e1614 f   KernelInterface.obj
 0001:000dfadd       _getErrorCode_             004e3add f   KernelInterface.obj
 0001:000e1fbe       _getAPIcode_               004e5fbe f   KernelInterface.obj
 0001:000e444f       _setAPIcode_               004e844f f   KernelInterface.obj
 0001:000e68e9       _setBaseYear_              004ea8e9 f   KernelInterface.obj
 0001:000e8db3       _getClimateFactorEndYear_  004ecdb3 f   KernelInterface.obj
 0001:000eb240       _setClimateFactorEndYear_  004ef240 f   KernelInterface.obj
 0001:000ed70a       _getModifyNormalFlow_      004f170a f   KernelInterface.obj
 0001:000efd14       _setModifyNormalFlow_      004f3d14 f   KernelInterface.obj
 0001:000f25c0       _getSTVtrace_              004f65c0 f   KernelInterface.obj
 0001:000f4ab7       _setSVTtrace_              004f8ab7 f   KernelInterface.obj
 0001:000f6feb       _getSVTHistData_           004fafeb f   KernelInterface.obj
 0001:000f94e0       _setSVTHistData_           004fd4e0 f   KernelInterface.obj
 0001:000fba14       _getSVHistExtractionStartYear_ 004ffa14 f   KernelInterface.obj
 0001:000fdf0b       _setSVHistExtractionStartYear_ 00501f0b f   KernelInterface.obj
 0001:0010040b       _getSVClimateAdjustmentPercent_ 0050440b f   KernelInterface.obj
 0001:00102922       _setSVClimateAdjustmentPercent_ 00506922 f   KernelInterface.obj
 0001:00104e30       _getSVUserAdjustmentStartYear_ 00508e30 f   KernelInterface.obj
 0001:00107327       _setSVUserAdjustmentStartYear_ 0050b327 f   KernelInterface.obj
 0001:0010985b       _getSVUserAdjustmentStopYear_ 0050d85b f   KernelInterface.obj
 0001:0010bd52       _setSVUserAdjustmentStopYear_ 0050fd52 f   KernelInterface.obj
 0001:0010e252       _getSVUserAdjustmentPercent_ 00512252 f   KernelInterface.obj
 0001:00110765       _setSVUserAdjustmentPercent_ 00514765 f   KernelInterface.obj
 0001:00112c73       _setCOtrace_               00516c73 f   KernelInterface.obj
 0001:00115293       _getCOHistData_            00519293 f   KernelInterface.obj
 0001:00117876       _setCOHistData_            0051b876 f   KernelInterface.obj
 0001:00119e96       _getCOHistExtractionStartYear_ 0051de96 f   KernelInterface.obj
 0001:0011c479       _setCOHistExtractionStartYear_ 00520479 f   KernelInterface.obj
 0001:0011ea99       _getCOClimateAdjustmentPercent_ 00522a99 f   KernelInterface.obj
 0001:0012109c       _setCOClimateAdjustmentPercent_ 0052509c f   KernelInterface.obj
 0001:00123696       _getCOUserAdjustmentStartYear_ 00527696 f   KernelInterface.obj
 0001:00125c79       _setCOUserAdjustmentStartYear_ 00529c79 f   KernelInterface.obj
 0001:00128299       _getCOUserAdjustmentStopYear_ 0052c299 f   KernelInterface.obj
 0001:0012a87c       _setCOUserAdjustmentStopYear_ 0052e87c f   KernelInterface.obj
 0001:0012ce68       _getCOUserAdjustmentPercent_ 00530e68 f   KernelInterface.obj
 0001:0012f467       _setCOUserAdjustmentPercent_ 00533467 f   KernelInterface.obj
 0001:00131a61       _setWaterToCOdelta_        00535a61 f   KernelInterface.obj
 0001:00133f94       _setCODeltaBurden_         00537f94 f   KernelInterface.obj
 0001:001364c9       _getRatioCOdeltaBurden_    0053a4c9 f   KernelInterface.obj
 0001:001389c0       _getAZshareCOdeltaWater_   0053c9c0 f   KernelInterface.obj
 0001:0013aeb7       _getCAshareCOdeltaWater_   0053eeb7 f   KernelInterface.obj
 0001:0013d49a       _getNVshareCOdeltaWater_   0054149a f   KernelInterface.obj
 0001:0013fa7d       _getMXshareCOdeltaWater_   00543a7d f   KernelInterface.obj
 0001:00142060       _getNaturalRechargeSwitch_ 00546060 f   KernelInterface.obj
 0001:001444ed       _setNaturalRechargeSwitch_ 005484ed f   KernelInterface.obj
 0001:00146983       _getSVDelivery_            0054a983 f   KernelInterface.obj
 0001:00148e10       _getSVRiverFlow_           0054ce10 f   KernelInterface.obj
 0001:0014b307       _getSVStorage_             0054f307 f   KernelInterface.obj
 0001:0014d7fe       _getSVTspillage_           005517fe f   KernelInterface.obj
 0001:0014fc8b       _getVerdeFlow_             00553c8b f   KernelInterface.obj
 0001:00152118       _getVerdeStorage_          00556118 f   KernelInterface.obj
 0001:001545a5       _getVerdeClassAused_acft_  005585a5 f   KernelInterface.obj
 0001:00156a32       _getverdeclassbcused_acft_ 0055aa32 f   KernelInterface.obj
 0001:00158e9f       _getSaltTontoFlow_         0055ce9f f   KernelInterface.obj
 0001:0015b432       _getSaltTontoStorage_      0055f432 f   KernelInterface.obj
 0001:0015d9c5       _getOtherSaltStorage_      005619c5 f   KernelInterface.obj
 0001:0015ff58       _getRooseveltStorage_      00563f58 f   KernelInterface.obj
 0001:001624eb       _getSaltTontoClassAused_acft_ 005664eb f   KernelInterface.obj
 0001:00164a7e       _getSaltTontoClassBCused_acft_ 00568a7e f   KernelInterface.obj
 0001:00167011       _getAZshareCO_             0056b011 f   KernelInterface.obj
 0001:001695f4       _getCAP_                   0056d5f4 f   KernelInterface.obj
 0001:0016bbd7       _getPowellElevation_       0056fbd7 f   KernelInterface.obj
 0001:0016e1ba       _getMeadElevation_         005721ba f   KernelInterface.obj
 0001:0017079d       _getUpperBasinDeliveries_  0057479d f   KernelInterface.obj
 0001:00172d80       _setUpperBasinDeliveriesIndex_ 00576d80 f   KernelInterface.obj
 0001:001753a7       _getCODelivery_            005793a7 f   KernelInterface.obj
 0001:00177834       _getCORiverFlow_           0057b834 f   KernelInterface.obj
 0001:00179e17       _getCOStorage_             0057de17 f   KernelInterface.obj
 0001:0017c3fa       _getPowellStorage_         005803fa f   KernelInterface.obj
 0001:0017e9dd       _getMeadStorage_           005829dd f   KernelInterface.obj
 0001:00180fc0       _setAgPumpingCurve_        00584fc0 f   KernelInterface.obj
 0001:0018348a       _setAgCreditTransferPCT_   0058748a f   KernelInterface.obj
 0001:00185954       _setProviderAgCreditCurvePCT_ 00589954 f   KernelInterface.obj
 0001:001881ec       _getWaterFromAgPumping_    0058c1ec f   KernelInterface.obj
 0001:0018a828       _setWaterFromAgPumping_    0058e828 f   KernelInterface.obj
 0001:0018d0cd       _setWaterToAgricultureAF_  005910cd f   KernelInterface.obj
 0001:0018f961       _getWaterToAgricultureAF_  00593961 f   KernelInterface.obj
 0001:00191f4d       _getWaterFromAgPumpingMax_ 00595f4d f   KernelInterface.obj
 0001:00194589       _getWaterFromAgSurface_    00598589 f   KernelInterface.obj
 0001:00196ccb       _setWaterFromAgSurface_    0059accb f   KernelInterface.obj
 0001:001996b5       _getWaterFromAgSurfaceMax_ 0059d6b5 f   KernelInterface.obj
 0001:0019bdf7       _getGrossAgricultureWaterAF_ 0059fdf7 f   KernelInterface.obj
 0001:0019e3e3       _getNetAgricultureWaterAF_ 005a23e3 f   KernelInterface.obj
 0001:001a09cf       _getAgProductionPCT_       005a49cf f   KernelInterface.obj
 0001:001a2eac       _getAgCreditTransPCT_      005a6eac f   KernelInterface.obj
 0001:001a54e8       _getProviderMaxAgPumping_  005a94e8 f   KernelInterface.obj
 0001:001a7ad4       _getProviderMaxAgSurface_  005abad4 f   KernelInterface.obj
 0001:001aa0c0       _geteightyPctRule_         005ae0c0 f   KernelInterface.obj
 0001:001ac6ac       _getPopGrowthRateAdjustPct_ 005b06ac f   KernelInterface.obj
 0001:001aed20       _setPopGrowthRateAdjustPct_ 005b2d20 f   KernelInterface.obj
 0001:001b1627       _getPopGrowthRateOnProjectPct_ 005b5627 f   KernelInterface.obj
 0001:001b3c9b       _setPopGrowthRateOnProjectPct_ 005b7c9b f   KernelInterface.obj
 0001:001b65a2       _getPopGrowthRateOtherPct_ 005ba5a2 f   KernelInterface.obj
 0001:001b8c16       _setPopGrowthRateOtherPct_ 005bcc16 f   KernelInterface.obj
 0001:001bb51d       _PopulationOnProject_      005bf51d f   KernelInterface.obj
 0001:001bdb73       _PopulationOther_          005c1b73 f   KernelInterface.obj
 0001:001c01c9       _getTotalDemands_          005c41c9 f   KernelInterface.obj
 0001:001c281f       _getPopulations_           005c681f f   KernelInterface.obj
 0001:001c4e75       _getPopGrowthRate_         005c8e75 f   KernelInterface.obj
 0001:001c74cb       _setPopulationsOn_         005cb4cb f   KernelInterface.obj
 0001:001c9dc9       _setPopulationsOther_      005cddc9 f   KernelInterface.obj
 0001:001cc6c7       _getProviderDeliveriesUsed_ 005d06c7 f   KernelInterface.obj
 0001:001ced1d       _getCOAnnualDeliveries_    005d2d1d f   KernelInterface.obj
 0001:001d1373       _getCAPMandI_              005d5373 f   KernelInterface.obj
 0001:001d386a       _getCOMaxDeliveries_       005d786a f   KernelInterface.obj
 0001:001d5ec0       _getSRPAnnualDeliveries_   005d9ec0 f   KernelInterface.obj
 0001:001d8516       _getSVMaxDeliveriesSRP_    005dc516 f   KernelInterface.obj
 0001:001dab6c       _getSVClassADesignations_  005deb6c f   KernelInterface.obj
 0001:001dd1c2       _getSVClassBCDesignations_ 005e11c2 f   KernelInterface.obj
 0001:001df818       _getSVClassBCmax_          005e3818 f   KernelInterface.obj
 0001:001e1e6e       _getSVTclassBCstorage_     005e5e6e f   KernelInterface.obj
 0001:001e44c4       _getSVTclassBCstorageMax_  005e84c4 f   KernelInterface.obj
 0001:001e6b1a       _getSTClassAwaterUsed_     005eab1a f   KernelInterface.obj
 0001:001e90ad       _getSaltTontoClassBCwaterUsed_ 005ed0ad f   KernelInterface.obj
 0001:001eb640       _getVerdeClassAwaterUsed_  005ef640 f   KernelInterface.obj
 0001:001edacd       _getVerdeClassBCwaterUsed_ 005f1acd f   KernelInterface.obj
 0001:001eff5a       _getProviderGWDesignations_ 005f3f5a f   KernelInterface.obj
 0001:001f25b0       _setProviderAnnualCredits_ 005f65b0 f   KernelInterface.obj
 0001:001f4e3f       _getProviderGWstored_      005f8e3f f   KernelInterface.obj
 0001:001f749a       _getProviderSWDesignations_ 005fb49a f   KernelInterface.obj
 0001:001f9af0       _getAnnualProviderGroundW_ 005fdaf0 f   KernelInterface.obj
 0001:001fc1fc       _setProviderGroundWater_   006001fc f   KernelInterface.obj
 0001:001fea85       _getProviderGWPumpageMuni_ 00602a85 f   KernelInterface.obj
 0001:002010db       _getProviderGWPumpageSRP_  006050db f   KernelInterface.obj
 0001:00203731       _getProviderGWRecharge_    00607731 f   KernelInterface.obj
 0001:00205d87       _setAlterGPCDPct_          00609d87 f   KernelInterface.obj
 0001:00208291       _getProviderAlterGPCDPct_  0060c291 f   KernelInterface.obj
 0001:0020a8e7       _setProviderAlterGPCDPct_  0060e8e7 f   KernelInterface.obj
 0001:0020d1f6       _setProviderMinGPCD_       006111f6 f   KernelInterface.obj
 0001:0020f9c9       _getProviderMinGPCD_       006139c9 f   KernelInterface.obj
 0001:0021201f       _setDemandOption_          0061601f f   KernelInterface.obj
 0001:0021451f       _getDemandOption_          0061851f f   KernelInterface.obj
 0001:00216a16       _getWaterBankingOption_    0061aa16 f   KernelInterface.obj
 0001:0021906c       _setWaterBankingOption_    0061d06c f   KernelInterface.obj
 0001:0021b8f5       _setDemandPercent_         0061f8f5 f   KernelInterface.obj
 0001:0021de00       _getDemandPercent_         00621e00 f   KernelInterface.obj
 0001:002202f7       _getDemandMultiplier_      006242f7 f   KernelInterface.obj
 0001:00222807       _getOnProjectDemand_       00626807 f   KernelInterface.obj
 0001:00224e5d       _getOffProjectDemand_      00628e5d f   KernelInterface.obj
 0001:002274b3       _getTimeLagVadoseYears_    0062b4b3 f   KernelInterface.obj
 0001:00229bbf       _setTimeLagVadoseYears_    0062dbbf f   KernelInterface.obj
 0001:0022c58e       _getParmReclaimedToVadosePct_ 0063058e f   KernelInterface.obj
 0001:0022ecb8       _setParmReclaimedToVadosePct_ 00632cb8 f   KernelInterface.obj
 0001:00231555       _getParmReclaimedToDirectInjPct_ 00635555 f   KernelInterface.obj
 0001:00233c7f       _setParmReclaimedToDirectInjPct_ 00637c7f f   KernelInterface.obj
 0001:0023651c       _getParmReclaimedToOutputPct_ 0063a51c f   KernelInterface.obj
 0001:00238c46       _setParmReclaimedToOutputPct_ 0063cc46 f   KernelInterface.obj
 0001:0023b51d       _getParmReclaimedToInputPct_ 0063f51d f   KernelInterface.obj
 0001:0023dc47       _setParmReclaimedToInputPct_ 00641c47 f   KernelInterface.obj
 0001:0024051e       _getReclaimedOutdoorUse_   0064451e f   KernelInterface.obj
 0001:00242c48       _setReclaimedOutdoorUse_   00646c48 f   KernelInterface.obj
 0001:0024551f       _getParmRWWToROPct_        0064951f f   KernelInterface.obj
 0001:00247c49       _setParmRWWToROPct_        0064bc49 f   KernelInterface.obj
 0001:0024a4e6       _getParmROToOutputPct_     0064e4e6 f   KernelInterface.obj
 0001:0024cc10       _setParmROToOutputPct_     00650c10 f   KernelInterface.obj
 0001:0024f4e7       _getParmOutDoorResPct_     006534e7 f   KernelInterface.obj
 0001:00251c11       _setParmOutDoorResPct_     00655c11 f   KernelInterface.obj
 0001:002544e8       _getParmOutDoorComPct_     006584e8 f   KernelInterface.obj
 0001:00256c12       _setParmOutDoorComPct_     0065ac12 f   KernelInterface.obj
 0001:002594e9       _getParmOutDoorIndPct_     0065d4e9 f   KernelInterface.obj
 0001:0025bc13       _setParmOutDoorIndPct_     0065fc13 f   KernelInterface.obj
 0001:0025e4ea       _getParmWStoResPct_        006624ea f   KernelInterface.obj
 0001:00260c14       _setParmWStoResPct_        00664c14 f   KernelInterface.obj
 0001:00263555       _getParmWStoComPct_        00667555 f   KernelInterface.obj
 0001:00265c7f       _setParmWStoComPct_        00669c7f f   KernelInterface.obj
 0001:00268556       _getParmWStoIndPct_        0066c556 f   KernelInterface.obj
 0001:0026ac80       _setParmWStoIndPct_        0066ec80 f   KernelInterface.obj
 0001:0026d557       _getParmWWtoRWWTPPct_      00671557 f   KernelInterface.obj
 0001:0026fc81       _setParmWWtoRWWTPPct_      00673c81 f   KernelInterface.obj
 0001:0027251e       _getParmWWtoEffluentPct_   0067651e f   KernelInterface.obj
 0001:00274c48       _setParmWWtoEffluentPct_   00678c48 f   KernelInterface.obj
 0001:0027751f       _getParmSWtoWBankPct_      0067b51f f   KernelInterface.obj
 0001:00279c49       _setParmSWtoWBankPct_      0067dc49 f   KernelInterface.obj
 0001:0027c550       _getParmSWtoWBankAmt_      00680550 f   KernelInterface.obj
 0001:0027ec72       _setParmSWtoWBankAmt_      00682c72 f   KernelInterface.obj
 0001:00281537       _getParmSWtoVadoseAmt_     00685537 f   KernelInterface.obj
 0001:00283c59       _setParmSWtoVadoseAmt_     00687c59 f   KernelInterface.obj
 0001:0028651e       _getParmWStoDIAmt_         0068a51e f   KernelInterface.obj
 0001:00288c40       _setParmWStoDIAmt_         0068cc40 f   KernelInterface.obj
 0001:0028b505       _getParmEffluentToPPlantPct_ 0068f505 f   KernelInterface.obj
 0001:0028dc2f       _setParmEffluentToPPlantPct_ 00691c2f f   KernelInterface.obj
 0001:002904cc       _getParmEffluenttoVadosePct_ 006944cc f   KernelInterface.obj
 0001:00292bf6       _setParmEffluenttoVadosePct_ 00696bf6 f   KernelInterface.obj
 0001:00295493       _getParmGWtoGWTPPct_       00699493 f   KernelInterface.obj
 0001:00297bbd       _setParmGWtoGWTPPct_       0069bbbd f   KernelInterface.obj
 0001:0029a45a       _setParmIncludeMeteo_      0069e45a f   KernelInterface.obj
 0001:0029c923       _getGrayWaterResidential_  006a0923 f   KernelInterface.obj
 0001:0029f06b       _getGrayWaterCommercial_   006a306b f   KernelInterface.obj
 0001:002a17b3       _getGrayWaterIndustrial_   006a57b3 f   KernelInterface.obj
 0001:002a3efb       _getGWbankedUsed_          006a7efb f   KernelInterface.obj
 0001:002a6607       _getGWbanked_              006aa607 f   KernelInterface.obj
 0001:002a8d13       _getReclaimedWaterTotal_   006acd13 f   KernelInterface.obj
 0001:002ab41f       _getReclaimedWaterOut_     006af41f f   KernelInterface.obj
 0001:002adb2b       _getReclaimedWaterUsed_    006b1b2b f   KernelInterface.obj
 0001:002b0237       _getReclaimedWaterToVadose_ 006b4237 f   KernelInterface.obj
 0001:002b2943       _getReclaimedWaterDischarged_ 006b6943 f   KernelInterface.obj
 0001:002b504f       _getReclaimedWaterDInject_ 006b904f f   KernelInterface.obj
 0001:002b775b       _getROReclaimedWaterOut_   006bb75b f   KernelInterface.obj
 0001:002b9e67       _getROReclaimedWaterUsed_  006bde67 f   KernelInterface.obj
 0001:002bc573       _getROReclaimedWaterDI_    006c0573 f   KernelInterface.obj
 0001:002bec7f       _getEffluentCreated_       006c2c7f f   KernelInterface.obj
 0001:002c138b       _getTWWTPCreated_          006c538b f   KernelInterface.obj
 0001:002c3a97       _getEffluentToPowerPlant_  006c7a97 f   KernelInterface.obj
 0001:002c61a3       _getEffluentToVadose_      006ca1a3 f   KernelInterface.obj
 0001:002c88af       _getEffluentToDischarge_   006cc8af f   KernelInterface.obj
 0001:002cafbb       _getEffluentToAg_          006cefbb f   KernelInterface.obj
 0001:002cd568       _getNonPotableOutdoorUse_  006d1568 f   KernelInterface.obj
 0001:002cfb21       _getFlushesPCD_            006d3b21 f   KernelInterface.obj
 0001:002d224b       _getParmBlackWaterPct_     006d624b f   KernelInterface.obj
 0001:002d4855       _setParmBlackWaterPct_     006d8855 f   KernelInterface.obj
 0001:002d724c       _getShowerBathPCD_         006db24c f   KernelInterface.obj
 0001:002d996e       _setShowerBathPCT_         006dd96e f   KernelInterface.obj
 0001:002dbe3f       _getDemandDeficit_         006dfe3f f   KernelInterface.obj
 0001:002de54b       _setParmAllStraws_         006e254b f   KernelInterface.obj
 0001:002e09e5       _getNewWaterSupplies_      006e49e5 f   KernelInterface.obj
 0001:002e303b       _setNewWaterSupplies_      006e703b f   KernelInterface.obj
 0001:002e5939       _getNewWaterSuppliesUsed_  006e9939 f   KernelInterface.obj
 0001:002e7f8f       _getCreditDeficits_        006ebf8f f   KernelInterface.obj
 0001:002ea5fb       _getTotalCredits_          006ee5fb f   KernelInterface.obj
 0001:002ecd07       _getIncidentalCredits_     006f0d07 f   KernelInterface.obj
 0001:002ef413       _getAgToMuniAddedCredits_  006f3413 f   KernelInterface.obj
 0001:002f1b1f       _getTotalAddedCredits_     006f5b1f f   KernelInterface.obj
 0001:002f422b       _getNormalFlowEmpiricalMax_ 006f822b f   KernelInterface.obj
 0001:002f6820       _setNormalFlowEmpiricalMax_ 006fa820 f   KernelInterface.obj
 0001:002f90b2       _getRegionalGroundwater_   006fd0b2 f   KernelInterface.obj
 0001:002fb66b       _getAgAndOtherPumping_     006ff66b f   KernelInterface.obj
 0001:002fdc24       _getRegionalInflow_        00701c24 f   KernelInterface.obj
 0001:003001dd       _getRegionalOutflow_       007041dd f   KernelInterface.obj
 0001:00302796       _getRegionalRecharge_      00706796 f   KernelInterface.obj
 0001:00304d4f       _getNaturalRecharge_       00708d4f f   KernelInterface.obj
 0001:00307308       _getfluxVadoseToAquifer_   0070b308 f   KernelInterface.obj
 0001:00309a14       _getAgToVadoseFlux_        0070da14 f   KernelInterface.obj
 0001:0030befd       _getCAGRD_                 0070fefd f   KernelInterface.obj
 0001:0030e4aa       _setCAGRD_                 007124aa f   KernelInterface.obj
 0001:00310a93       _set_parmVinze_Johnston_   00714a93 f   KernelInterface.obj
 0001:00312f59       _getProviderGPCD_          00716f59 f   KernelInterface.obj
 0001:003155af       _setProviderGPCD_          007195af f   KernelInterface.obj
 0001:00317ead       _getProviderGPCDraw_       0071bead f   KernelInterface.obj
 0001:0031a503       _getProviderGPCDres_       0071e503 f   KernelInterface.obj
 0001:0031cb59       _getProviderGPCDind_       00720b59 f   KernelInterface.obj
 0001:0031f1af       _setWaterCommercialTurf_   007231af f   KernelInterface.obj
 0001:00321686       _getGPCDResBehavior_       00725686 f   KernelInterface.obj
 0001:00323f5e       _setGPCDResBehavior_       00727f5e f   KernelInterface.obj
 0001:0032682b       _get_APIinterFaceStatus_   0072a82b f   KernelInterface.obj
 0001:00328cbc       _set_APIinterFaceStatus_   0072ccbc f   KernelInterface.obj
 0001:0032b185       _setProviderFlowToCOdelta_AF_ 0072f185 f   KernelInterface.obj
 0001:0032da0e       _getProviderCOdelataRatioAZ_ 00731a0e f   KernelInterface.obj
 0001:00330064       _setDefaultPumpingMandIPct_ 00734064 f   KernelInterface.obj
 0001:003328ed       _getDefaultPumpingMandIPct_ 007368ed f   KernelInterface.obj
 0001:00334ed9       _getCAPlossPotentialPriority4_AF_ 00738ed9 f   KernelInterface.obj
 0001:003374c5       _getCAPlossPotentialPiority5_AF_ 0073b4c5 f   KernelInterface.obj
 0001:00339ab1       _getCAPpriority4NotUsed_AF_ 0073dab1 f   KernelInterface.obj
 0001:0033c09d       _getCAPpriority5NotUsed_AF_ 0074009d f   KernelInterface.obj
 0001:0033e689       _setParmGrayWater_         00742689 f   KernelInterface.obj
 0001:00340b52       _setParmGrayWaterCompliance_ 00744b52 f   KernelInterface.obj
 0001:00342ff6       _setParmYearsToAdopt_      00746ff6 f   KernelInterface.obj
 0001:00345492       _setParmRainWaterHarvesting_ 00749492 f   KernelInterface.obj
 0001:00347952       _setParmRainWaterHarvestResOnly_ 0074b952 f   KernelInterface.obj
 0001:00349e12       _setParmRainWaterHarvestComOnly_ 0074de12 f   KernelInterface.obj
 0001:0034c2d2       _setParmStormWaterHarvesting_ 007502d2 f   KernelInterface.obj
 0001:0034e792       _setStormWaterCapacity_m3_ 00752792 f   KernelInterface.obj
 0001:0035101b       _getStormWaterCapacity_m3_ 0075501b f   KernelInterface.obj
 0001:00353607       _setParmIwaniecPPtoAgEffluent_ 00757607 f   KernelInterface.obj
 0001:00355ac7       _setParmIwaniecLeaks_      00759ac7 f   KernelInterface.obj
 0001:00357f87       _getGPCD_resGrayWater_     0075bf87 f   KernelInterface.obj
 0001:0035a5dd       _getGPCD_comGrayWater_     0075e5dd f   KernelInterface.obj
 0001:0035cc33       _getGPCD_indGrayWater_     00760c33 f   KernelInterface.obj
 0001:0035f289       _setparmIwaniecScenarios_  00763289 f   KernelInterface.obj
 0001:00361704       _setScenario_              00765704 f   KernelInterface.obj
 0001:00363b7f       _getScenario_              00767b7f f   KernelInterface.obj
 0001:00365ffa       _get_harvestedStormWater_  00769ffa f   KernelInterface.obj
 0001:003686e1       _setAgEfficiency_          0076c6e1 f   KernelInterface.obj
 0001:0036abac       _getAgPumpingTotal_        0076ebac f   KernelInterface.obj
 0001:0036d1c3       _getAgSurfaceTotal_        007711c3 f   KernelInterface.obj
 0001:0036f7da       _get_effluentUsedAg_       007737da f   KernelInterface.obj
 0001:00371df1       _getUseLCLU_               00775df1 f   KernelInterface.obj
 0001:003742bf       _setUseLCLU_               007782bf f   KernelInterface.obj
 0001:0037673a       _getRainWaterHarvested_    0077a73a f   KernelInterface.obj
 0001:00378d51       _getRainWaterHarvested_SF_ 0077cd51 f   KernelInterface.obj
 0001:0037b368       _getRainWaterHarvested_MF_ 0077f368 f   KernelInterface.obj
 0001:0037d97f       _getRainWaterHarvested_PU_ 0078197f f   KernelInterface.obj
 0001:0037ff96       _getRainWaterHarvested_COM_ 00783f96 f   KernelInterface.obj
 0001:003825ad       _getRainHarvestToTotalOutdoor_ 007865ad f   KernelInterface.obj
 0001:00384c94       _getGrayWaterToTotalOutdoor_ 00788c94 f   KernelInterface.obj
 0001:0038737b       _getReclaimedToTotalOutdoor_ 0078b37b f   KernelInterface.obj
 0001:00389a62       _getAnnualDemand_MD_AF_    0078da62 f   KernelInterface.obj
 0001:0038c149       _getAnnualDemand_HD_AF_    00790149 f   KernelInterface.obj
 0001:0038e830       _getAnnualDemand_LD_AF_    00792830 f   KernelInterface.obj
 0001:00390f17       _getAnnualDemand_Turf_AF_  00794f17 f   KernelInterface.obj
 0001:003935fe       _getAnnualDemand_GWay_AF_  007975fe f   KernelInterface.obj
 0001:00395ce5       _getAnnualDemand_Tree_AF_  00799ce5 f   KernelInterface.obj
 0001:003983cc       _getNonpotableTotalUsed_AF_ 0079c3cc f   KernelInterface.obj
 0001:0039a9fd       _getResOutdoorGPCD_PU_     0079e9fd f   KernelInterface.obj
 0001:0039cfc4       _getResIndoorGPCD_PU_      007a0fc4 f   KernelInterface.obj
 0001:0039f58b       _getResOutdoorGPCD_MD_     007a358b f   KernelInterface.obj
 0001:003a1b52       _getResIndoorGPCD_MD_      007a5b52 f   KernelInterface.obj
 0001:003a4119       _getResOutdoorGPCD_HD_     007a8119 f   KernelInterface.obj
 0001:003a66e0       _getResIndoorGPCD_HD_      007aa6e0 f   KernelInterface.obj
 0001:003a8ca7       _setRainFallFactor_        007acca7 f   KernelInterface.obj
 0001:003ab122       _getResIndoorUse_          007af122 f   KernelInterface.obj
 0001:003ad6c1       _getResOutdoorUse_         007b16c1 f   KernelInterface.obj
 0001:003afc60       _getAgRetirementPct_       007b3c60 f   KernelInterface.obj
 0001:003b212f       _setAgRetirementPct_       007b612f f   KernelInterface.obj
 0001:003b4600       _lm_lulc_                  007b8600 f   LandUseLandCover.obj
 0001:003b4611       _lm_lulc@_initlulc_        007b8611 f   LandUseLandCover.obj
 0001:003b4670       _lm_lulc@_openfiles_lu_    007b8670 f   LandUseLandCover.obj
 0001:003b48ad       _lm_lulc@_readfiles_lu_    007b88ad f   LandUseLandCover.obj
 0001:003b4c92       _lms_lulc_                 007b8c92 f   LandUseLandCover.obj
 0001:003b4ca3       _lms_lulc@_providerrcn_    007b8ca3 f   LandUseLandCover.obj
 0001:003b514f       _lms_lulc@_slcluarea_      007b914f f   LandUseLandCover.obj
 0001:003b522f       _lms_lulc@_sproportionallandcover_ 007b922f f   LandUseLandCover.obj
 0001:003b56d2       _lms_lulc@_slanduselandcoverarea_ 007b96d2 f   LandUseLandCover.obj
 0001:003b5d00       _lms_lulc@_ssetwaterusebylclu_ 007b9d00 f   LandUseLandCover.obj
 0001:003b6175       _lms_lulc@_sgetwaterusebylclu_ 007ba175 f   LandUseLandCover.obj
 0001:003b64b4       _lms_lulc@_sgetrawefficiencies_ 007ba4b4 f   LandUseLandCover.obj
 0001:003b6572       _lms_lulc@_sgetweighting_  007ba572 f   LandUseLandCover.obj
 0001:003b6852       _lms_lulc@_smultiplymatricies_ 007ba852 f   LandUseLandCover.obj
 0001:003b6ba6       _lms_lulc@_getlclupct_     007baba6 f   LandUseLandCover.obj
 0001:003b6fe2       _lms_lulc@_setlinearlclu_  007bafe2 f   LandUseLandCover.obj
 0001:003b721c       _lms_lulc@_getlinearlclu_  007bb21c f   LandUseLandCover.obj
 0001:003b7536       _lms_lulc@_logisticlclu_   007bb536 f   LandUseLandCover.obj
 0001:003b7b59       _lms_lulc@_hyperbollclu_   007bbb59 f   LandUseLandCover.obj
 0001:003b817c       _lms_lulc@_sdefaultlandcover_ 007bc17c f   LandUseLandCover.obj
 0001:003b8432       _initializelulc_           007bc432 f   LandUseLandCover.obj
 0001:003ba88a       _sdefaultrcn_              007be88a f   LandUseLandCover.obj
 0001:003bd092       _sproviderrcn_             007c1092 f   LandUseLandCover.obj
 0001:003bf54e       _ssetlcludemand_           007c354e f   LandUseLandCover.obj
 0001:003c19e1       _sgetlcludemand_           007c59e1 f   LandUseLandCover.obj
 0001:003c3e74       _srunlcluarea_             007c7e74 f   LandUseLandCover.obj
 0001:003c6307       _srunlclu_                 007ca307 f   LandUseLandCover.obj
 0001:003c8820       _lm_meteorology_           007cc820 f   Meteorology.obj
 0001:003c8831       _lm_meteorology@_initmeteo_ 007cc831 f   Meteorology.obj
 0001:003c88c3       _lm_meteorology@_openfiles_met_ 007cc8c3 f   Meteorology.obj
 0001:003c8aa9       _lm_meteorology@_readfiles_met_ 007ccaa9 f   Meteorology.obj
 0001:003ca3a3       _initializemeteo_          007ce3a3 f   Meteorology.obj
 0001:003cc800       _lm_parametercontrol_      007d0800 f   Parameter_control.obj
 0001:003cc811       _lm_parametercontrol@_initparmcontrol_ 007d0811 f   Parameter_control.obj
 0001:003cc870       _lm_parametercontrol@_openfiles_pc_ 007d0870 f   Parameter_control.obj
 0001:003cca3d       _lm_parametercontrol@_readfiles_pc_ 007d0a3d f   Parameter_control.obj
 0001:003ccf54       _lm_parametercontrol@_initarrays_ 007d0f54 f   Parameter_control.obj
 0001:003cd518       _lm_parametercontrol@_initparameters_ 007d1518 f   Parameter_control.obj
 0001:003cd70e       _lm_parametercontrol@_initbaseparms_ 007d170e f   Parameter_control.obj
 0001:003cd872       _lm_parametercontrol@_initglobal_ 007d1872 f   Parameter_control.obj
 0001:003cdabb       _lm_parametercontrol@_initco_ 007d1abb f   Parameter_control.obj
 0001:003cdb6d       _lm_parametercontrol@_initsvt_ 007d1b6d f   Parameter_control.obj
 0001:003ce2dc       _lm_parametercontrol@_initpopanddemand_ 007d22dc f   Parameter_control.obj
 0001:003cecdf       _lm_parametercontrol@_initcity_ 007d2cdf f   Parameter_control.obj
 0001:003d0ed4       _lm_parametercontrol@_initgeneral_ 007d4ed4 f   Parameter_control.obj
 0001:003d16be       _lm_parametercontrol@_initgwater_ 007d56be f   Parameter_control.obj
 0001:003d1a0e       _lm_parametercontrol@_initgeneric_ 007d5a0e f   Parameter_control.obj
 0001:003d2065       _lm_parametercontrol@_initnew_ 007d6065 f   Parameter_control.obj
 0001:003d290c       _lms_parametercontrol_     007d690c f   Parameter_control.obj
 0001:003d291d       _lms_parametercontrol@_modifydesignations_ 007d691d f   Parameter_control.obj
 0001:003d2cc5       _initializemodel_          007d6cc5 f   Parameter_control.obj
 0001:003d5141       _pcityparametercontrol_a_  007d9141 f   Parameter_control.obj
 0001:003d9124       _invokedefault_            007dd124 f   Parameter_control.obj
 0001:003dbbea       _checkdefault_             007dfbea f   Parameter_control.obj
 0001:003de9d2       _sparametercontrol_tstep_  007e29d2 f   Parameter_control.obj
 0001:003e1098       _clearinclude_             007e5098 f   Parameter_control.obj
 0001:003e3529       _sinputscity_              007e7529 f   Parameter_control.obj
 0001:003e6a80       _MAIN__                    007eaa80 f   Program.obj
 0001:003eb335       _parminitialization_       007ef335 f   Program.obj
 0001:003ed800       _lms_provider_             007f1800 f   Provider.obj
 0001:003ed811       _lms_provider@_writetodisk__ 007f1811 f   Provider.obj
 0001:003ed8f9       _lms_provider@_sprovider_  007f18f9 f   Provider.obj
 0001:003ede73       _lms_provider@_ademandsupply_ 007f1e73 f   Provider.obj
 0001:003f3880       _lms_provider@_waterbanking_ 007f7880 f   Provider.obj
 0001:003f3fbb       _lms_provider@_clearvariables_ 007f7fbb f   Provider.obj
 0001:003f4202       _lms_provider@_sendtocitymodelnewvar_ 007f8202 f   Provider.obj
 0001:003f6d78       _lms_provider@_adifference_ 007fad78 f   Provider.obj
 0001:003f7658       _nexchangevariables_       007fb658 f   Provider.obj
 0001:003f9cef       _pwaterproviders_          007fdcef f   Provider.obj
 0001:003fc340       _lm_providerpopulation_    00800340 f   ProviderPopulationandDemand.obj
 0001:003fc351       _lm_providerpopulation@_initpop_ 00800351 f   ProviderPopulationandDemand.obj
 0001:003fc3c2       _lm_providerpopulation@_openfiles_pop_ 008003c2 f   ProviderPopulationandDemand.obj
 0001:003fc6df       _lm_providerpopulation@_readfiles_pop_ 008006df f   ProviderPopulationandDemand.obj
 0001:003fd5a6       _lm_providerpopulation@_initialize_ 008015a6 f   ProviderPopulationandDemand.obj
 0001:003fd75a       _lms_providerpopanddemand_ 0080175a f   ProviderPopulationandDemand.obj
 0001:003fd76b       _lms_providerpopanddemand@_calcdemand_ 0080176b f   ProviderPopulationandDemand.obj
 0001:00403616       _lms_providerpopanddemand@_lulcdemand_ 00807616 f   ProviderPopulationandDemand.obj
 0001:004036a8       _lms_providerpopanddemand@_foutdooruse_ 008076a8 f   ProviderPopulationandDemand.obj
 0001:00403848       _lms_providerpopanddemand@_primegpcd_ 00807848 f   ProviderPopulationandDemand.obj
 0001:0040445e       _lms_providerpopanddemand@_readnewgpcd_ 0080845e f   ProviderPopulationandDemand.obj
 0001:004045cd       _lms_providerpopanddemand@_gpcdses_ 008085cd f   ProviderPopulationandDemand.obj
 0001:00405857       _lms_providerpopanddemand@_calculatealpha_ 00809857 f   ProviderPopulationandDemand.obj
 0001:00405b98       _lms_providerpopanddemand@_gpcd_target_ 00809b98 f   ProviderPopulationandDemand.obj
 0001:00405c53       _lms_providerpopanddemand@_sholttarget_ 00809c53 f   ProviderPopulationandDemand.obj
 0001:00406177       _lms_providerpopanddemand@_fholt_ 0080a177 f   ProviderPopulationandDemand.obj
 0001:0040646a       _lms_providerpopanddemand@_fminmaxalpha_ 0080a46a f   ProviderPopulationandDemand.obj
 0001:00406521       _lms_providerpopanddemand@_fminmaxbeta_ 0080a521 f   ProviderPopulationandDemand.obj
 0001:004065d7       _lms_providerpopanddemand@_sfindalphabetastart_ 0080a5d7 f   ProviderPopulationandDemand.obj
 0001:00406ad2       _lms_providerpopanddemand@_slinearregression_ 0080aad2 f   ProviderPopulationandDemand.obj
 0001:00406deb       _lms_providerpopanddemand@_sfindbetagamma_ 0080adeb f   ProviderPopulationandDemand.obj
 0001:004076df       _lms_providerpopanddemand@_ssetgpcd_ 0080b6df f   ProviderPopulationandDemand.obj
 0001:00407a13       _initializepopanddemand_   0080ba13 f   ProviderPopulationandDemand.obj
 0001:00409e6b       _readgpcdglobal_           0080de6b f   ProviderPopulationandDemand.obj
 0001:0040c375       _readprovidergpcd_         00810375 f   ProviderPopulationandDemand.obj
 0001:0040e87f       _foutdoorestimate_         0081287f f   ProviderPopulationandDemand.obj
 0001:0040eb4d       _fgpcdmethodvalues_        00812b4d f   ProviderPopulationandDemand.obj
 0001:0040ed13       _punmetdemand_             00812d13 f   ProviderPopulationandDemand.obj
 0001:004115d6       _pdemand_                  008155d6 f   ProviderPopulationandDemand.obj
 0001:004144eb       _pglobaldemand_            008184eb f   ProviderPopulationandDemand.obj
 0001:00416af4       _scleardemand_             0081aaf4 f   ProviderPopulationandDemand.obj
 0001:00419107       _providerarea2012_         0081d107 f   ProviderPopulationandDemand.obj
 0001:0041b700       _providerareaag_2012_      0081f700 f   ProviderPopulationandDemand.obj
 0001:0041de30       _typefiveexpsrp_           00821e30 f   Regressions.obj
 0001:0041e380       _typefiveexp_              00822380 f   Regressions.obj
 0001:0041e945       _typefiveexpres_           00822945 f   Regressions.obj
 0001:0041f7ed       _typefiveexpcio_           008237ed f   Regressions.obj
 0001:004204cd       _normal_                   008244cd f   Regressions.obj
 0001:004211ce       _zdistribution_            008251ce f   Regressions.obj
 0001:00421316       _donormal_                 00825316 f   Regressions.obj
 0001:0042173e       _demandnormal_             0082573e f   Regressions.obj
 0001:004219ef       _nmodifier_                008259ef f   Regressions.obj
 0001:004222b0       _catchexception_           008262b0 f   Regressions.obj
 0001:00422a49       _catchminexception_        00826a49 f   Regressions.obj
 0001:00422c11       _gm_euler_                 00826c11 f   Regressions.obj
 0001:00422c22       _gm_euler@_seuler_         00826c22 f   Regressions.obj
 0001:00422fe5       _f_                        00826fe5 f   Regressions.obj
 0001:00423072       _ptypefiveexp_             00827072 f   Regressions.obj
 0001:0042324e       _gaussian_                 0082724e f   Regressions.obj
 0001:0042340f       _gaussianprime_            0082740f f   Regressions.obj
 0001:00423660       _lms_srpnewrelease_        00827660 f   SRPnewRelease.obj
 0001:00423671       _lms_srpnewrelease@_initialize_ 00827671 f   SRPnewRelease.obj
 0001:004238a5       _lms_srpnewrelease@_nrelease_ 008278a5 f   SRPnewRelease.obj
 0001:00423d25       _lms_srpnewrelease@_areleaseout_ 00827d25 f   SRPnewRelease.obj
 0001:00423f68       _lms_srpnewrelease@_updatestate_ 00827f68 f   SRPnewRelease.obj
 0001:0042437c       _lms_srpnewrelease@_outputstointerface_ 0082837c f   SRPnewRelease.obj
 0001:004244b9       _psrpnewrelease_           008284b9 f   SRPnewRelease.obj
 0001:00426b10       _lms_srpwateroperations_   0082ab10 f   SRPwaterOperations.obj
 0001:00426b21       _lms_srpwateroperations@_classa_ 0082ab21 f   SRPwaterOperations.obj
 0001:0042706e       _lms_srpwateroperations@_ncs_ 0082b06e f   SRPwaterOperations.obj
 0001:00427a21       _psrp_newclassa_           0082ba21 f   SRPwaterOperations.obj
 0001:0042a383       _psrp_newclassbc_          0082e383 f   SRPwaterOperations.obj
 0001:0042ddb4       _psrp_newncs_              00831db4 f   SRPwaterOperations.obj
 0001:004305b0       _sstrings_                 008345b0 f   Strings.obj
 0001:0043105a       _soncethrough_             0083505a f   Strings.obj
 0001:004316b8       _swrite_                   008356b8 f   Strings.obj
 0001:004318f9       _ewrite_                   008358f9 f   Strings.obj
 0001:00431b80       _gm_typecontrol_           00835b80 f   TypeConstructs.obj
 0001:00431b90       _lms_watershed_            00835b90 f   WaterShed.obj
 0001:00431ba1       _lms_watershed@_initgroundwater_ 00835ba1 f   WaterShed.obj
 0001:00431ca7       _lms_watershed@_initgw_    00835ca7 f   WaterShed.obj
 0001:00431eb4       _pinitgroundwater_         00835eb4 f   WaterShed.obj
 0001:00434445       _flows_                    00838445 f   WaterShed.obj
 0001:004369a0       _sflowforenvironment_      0083a9a0 f   WaterShed.obj
 0001:004398ad       _sflowssalttontoverde_     0083d8ad f   WaterShed.obj
 0001:0043bdbb       _pdesignate_               0083fdbb f   WaterShed.obj
 0001:0043e510       _lm_river_ba_              00842510 f   WaterShed_CO.obj
 0001:0043e521       _lm_river_ba@_initwsb_     00842521 f   WaterShed_CO.obj
 0001:0043e5a4       _lm_river_ba@_openfiles_b_ 008425a4 f   WaterShed_CO.obj
 0001:0043eb03       _lm_river_ba@_readfiles_b_ 00842b03 f   WaterShed_CO.obj
 0001:0043fda3       _lm_river_ba@_readparms_b_ 00843da3 f   WaterShed_CO.obj
 0001:00440133       _lm_river_ba@_initialstate_b_ 00844133 f   WaterShed_CO.obj
 0001:004402ff       _lms_river_ba_             008442ff f   WaterShed_CO.obj
 0001:00440310       _lms_river_ba@_initial_co_ 00844310 f   WaterShed_CO.obj
 0001:00440577       _lms_river_ba@_aflow_b_    00844577 f   WaterShed_CO.obj
 0001:00441ba6       _lms_river_ba@_amodifyflow_ba_ 00845ba6 f   WaterShed_CO.obj
 0001:00442641       _lms_river_ba@_amodifyflow_bb_ 00846641 f   WaterShed_CO.obj
 0001:00442987       _lms_river_ba@_amodifyflow_bc_ 00846987 f   WaterShed_CO.obj
 0001:00442ef2       _lms_river_ba@_upperbasinempirical_ 00846ef2 f   WaterShed_CO.obj
 0001:004431b4       _lms_river_ba@_aouttointerface_ 008471b4 f   WaterShed_CO.obj
 0001:0044326b       _lms_river_ba@_reservoirs_b_ 0084726b f   WaterShed_CO.obj
 0001:0044343b       _lms_river_ba@_expectedstorage_ba_ 0084743b f   WaterShed_CO.obj
 0001:00443774       _lms_river_ba@_initialstorage_b_ 00847774 f   WaterShed_CO.obj
 0001:0044388b       _lms_river_ba@_expectedstorage_bb_ 0084788b f   WaterShed_CO.obj
 0001:00443b73       _lms_river_ba@_fbankstoragepowell_ 00847b73 f   WaterShed_CO.obj
 0001:00443bff       _lms_river_ba@_fbankstoragemead_ 00847bff f   WaterShed_CO.obj
 0001:00443c8b       _lms_river_ba@_amodifystorage_ba_ 00847c8b f   WaterShed_CO.obj
 0001:004446ad       _lms_river_ba@_actualrelease_ 008486ad f   WaterShed_CO.obj
 0001:00444a19       _lms_river_ba@_overriderelease_ 00848a19 f   WaterShed_CO.obj
 0001:00444c54       _lms_river_ba@_adwrrelease_ 00848c54 f   WaterShed_CO.obj
 0001:00445d92       _lms_river_ba@_actualstorage_ 00849d92 f   WaterShed_CO.obj
 0001:004465a6       _lms_river_ba@_threshold_b_ 0084a5a6 f   WaterShed_CO.obj
 0001:004471f1       _lms_river_ba@_targetamount_ 0084b1f1 f   WaterShed_CO.obj
 0001:00447520       _lms_river_ba@_equalizationtier_ 0084b520 f   WaterShed_CO.obj
 0001:00448090       _lms_river_ba@_upperelevationtier_ 0084c090 f   WaterShed_CO.obj
 0001:00448531       _lms_river_ba@_targetelevations_ 0084c531 f   WaterShed_CO.obj
 0001:0044893a       _lms_river_ba@_balancecontent_ 0084c93a f   WaterShed_CO.obj
 0001:0044912e       _lms_river_ba@_elevationspowell_ 0084d12e f   WaterShed_CO.obj
 0001:00449334       _lms_river_ba@_statefromelevationpowell_ 0084d334 f   WaterShed_CO.obj
 0001:004493ce       _lms_river_ba@_elevationsmead_ 0084d3ce f   WaterShed_CO.obj
 0001:0044957a       _lms_river_ba@_amodifystorage_bb_ 0084d57a f   WaterShed_CO.obj
 0001:0044b2cb       _lms_river_ba@_statesshortageratios_ 0084f2cb f   WaterShed_CO.obj
 0001:0044b49c       _lms_river_ba@_sevenstates_ 0084f49c f   WaterShed_CO.obj
 0001:0044b7b6       _lms_river_ba@_designations_b_ 0084f7b6 f   WaterShed_CO.obj
 0001:0044bbc3       _lms_river_ba@_updatestate_b_ 0084fbc3 f   WaterShed_CO.obj
 0001:0044c3c4       _lms_river_ba@_outinitialb_ 008503c4 f   WaterShed_CO.obj
 0001:0044c45e       _lms_river_ba@_outputsb_   0085045e f   WaterShed_CO.obj
 0001:0044c6ec       _initializecolorado_       008506ec f   WaterShed_CO.obj
 0001:0044ebae       _pflowsreservoirscolorado_ 00852bae f   WaterShed_CO.obj
 0001:00451390       _lm_srpsalttonto_          00855390 f   WaterShed_SaltTonto.obj
 0001:004513a1       _lm_srpsalttonto@_initwssalttonto_ 008553a1 f   WaterShed_SaltTonto.obj
 0001:00451400       _lm_srpsalttonto@_openfiles_st_ 00855400 f   WaterShed_SaltTonto.obj
 0001:00451554       _lm_srpsalttonto@_readfiles_st_ 00855554 f   WaterShed_SaltTonto.obj
 0001:00451932       _lm_srpsalttonto@_initialstate_st_ 00855932 f   WaterShed_SaltTonto.obj
 0001:004519f7       _lms_srpsalttonto_         008559f7 f   WaterShed_SaltTonto.obj
 0001:00451a08       _lms_srpsalttonto@_ainflow_salttonto_ 00855a08 f   WaterShed_SaltTonto.obj
 0001:00452552       _lms_srpsalttonto@_countyears_ 00856552 f   WaterShed_SaltTonto.obj
 0001:00452683       _lms_srpsalttonto@_monthlyflow_ 00856683 f   WaterShed_SaltTonto.obj
 0001:004528e9       _lms_srpsalttonto@_expectedstoragesalt_ 008568e9 f   WaterShed_SaltTonto.obj
 0001:00452d9f       _lms_srpsalttonto@_normalflowavailablemonthly_ 00856d9f f   WaterShed_SaltTonto.obj
 0001:004534fa       _lms_srpsalttonto@_monthlybc_ 008574fa f   WaterShed_SaltTonto.obj
 0001:00453727       _lms_srpsalttonto@_storagesaltmonthly_ 00857727 f   WaterShed_SaltTonto.obj
 0001:00454803       _lms_srpsalttonto@_storagerooseveltmonthly_ 00858803 f   WaterShed_SaltTonto.obj
 0001:00454fca       _lms_srpsalttonto@_initializeloop_ 00858fca f   WaterShed_SaltTonto.obj
 0001:00455089       _lms_srpsalttonto@_outputstointerface_ 00859089 f   WaterShed_SaltTonto.obj
 0001:004552da       _lms_srpsalttonto@_validate_ 008592da f   WaterShed_SaltTonto.obj
 0001:004554a3       _lms_srpsalttonto@_updatestate_ 008594a3 f   WaterShed_SaltTonto.obj
 0001:0045570d       _lms_srpsalttonto@_movingaveage_ 0085970d f   WaterShed_SaltTonto.obj
 0001:00455c59       _initializesalttonto_      00859c59 f   WaterShed_SaltTonto.obj
 0001:004580b1       _adjustedflowsalttonto_    0085c0b1 f   WaterShed_SaltTonto.obj
 0001:0045a64a       _normalflowsalttonto_      0085e64a f   WaterShed_SaltTonto.obj
 0001:0045d540       _lm_river_aa_              00861540 f   WaterShed_STV.obj
 0001:0045d551       _lm_river_aa@_initwsa_     00861551 f   WaterShed_STV.obj
 0001:0045d5d4       _lm_river_aa@_openfiles_a_ 008615d4 f   WaterShed_STV.obj
 0001:0045d811       _lm_river_aa@_readfiles_a_ 00861811 f   WaterShed_STV.obj
 0001:0045dcb5       _lm_river_aa@_readparms_a_ 00861cb5 f   WaterShed_STV.obj
 0001:0045e10a       _lm_river_aa@_initialstate_a_ 0086210a f   WaterShed_STV.obj
 0001:0045e4e3       _lms_river_aa_             008624e3 f   WaterShed_STV.obj
 0001:0045e4f4       _lms_river_aa@_outinitiala_ 008624f4 f   WaterShed_STV.obj
 0001:0045e53b       _lms_river_aa@_sunintendedrecharge_ 0086253b f   WaterShed_STV.obj
 0001:0045e77e       _initializesalttontoverde_ 0086277e f   WaterShed_STV.obj
 0001:00460bd6       _psalttontoverde_          00864bd6 f   WaterShed_STV.obj
 0001:00463110       _lm_srpverde_              00867110 f   WaterShed_Verde.obj
 0001:00463121       _lm_srpverde@_initwsverde_ 00867121 f   WaterShed_Verde.obj
 0001:00463180       _lm_srpverde@_openfiles_v_ 00867180 f   WaterShed_Verde.obj
 0001:004632c3       _lm_srpverde@_readfiles_v_ 008672c3 f   WaterShed_Verde.obj
 0001:004636a1       _lm_srpverde@_initialstate_v_ 008676a1 f   WaterShed_Verde.obj
 0001:0046370a       _lms_srpverde_             0086770a f   WaterShed_Verde.obj
 0001:0046371b       _lms_srpverde@_ainflow_verde_ 0086771b f   WaterShed_Verde.obj
 0001:0046425e       _lms_srpverde@_countyears_ 0086825e f   WaterShed_Verde.obj
 0001:0046438f       _lms_srpverde@_monthlyflow_ 0086838f f   WaterShed_Verde.obj
 0001:004645f5       _lms_srpverde@_expectedstorageverde_ 008685f5 f   WaterShed_Verde.obj
 0001:004649bf       _lms_srpverde@_normalflowavailablemonthly_ 008689bf f   WaterShed_Verde.obj
 0001:0046501f       _lms_srpverde@_monthlybc_  0086901f f   WaterShed_Verde.obj
 0001:0046589f       _lms_srpverde@_storageverdemonthly_ 0086989f f   WaterShed_Verde.obj
 0001:004664e6       _lms_srpverde@_initializeloop_ 0086a4e6 f   WaterShed_Verde.obj
 0001:004665d3       _lms_srpverde@_transferout_ 0086a5d3 f   WaterShed_Verde.obj
 0001:004666a5       _lms_srpverde@_outputstointerface_ 0086a6a5 f   WaterShed_Verde.obj
 0001:0046683c       _lms_srpverde@_validate_   0086a83c f   WaterShed_Verde.obj
 0001:00466b29       _lms_srpverde@_updatestate_ 0086ab29 f   WaterShed_Verde.obj
 0001:00466c18       _initializeverde_          0086ac18 f   WaterShed_Verde.obj
 0001:00469070       _adjustedflowverde_        0086d070 f   WaterShed_Verde.obj
 0001:0046b503       _normalflowverde_          0086f503 f   WaterShed_Verde.obj
 0001:0046de70       _monthlydemand_            00871e70 f   WaterShed_Verde.obj
 0001:0046e177       _checkclassaflowavailable_ 00872177 f   WaterShed_Verde.obj
 0001:0046e2e0       _lm_citiwaterbudgets_      008722e0 f   Water_CityModel.obj
 0001:0046e2f1       _lm_citiwaterbudgets@_initcitymodel_ 008722f1 f   Water_CityModel.obj
 0001:0046e350       _lm_citiwaterbudgets@_openfiles_cm_ 00872350 f   Water_CityModel.obj
 0001:0046e58d       _lm_citiwaterbudgets@_readfiles_cm_ 0087258d f   Water_CityModel.obj
 0001:0046e972       _lms_citiwaterbudgets_     00872972 f   Water_CityModel.obj
 0001:0046e983       _lms_citiwaterbudgets@_saquifer_ 00872983 f   Water_CityModel.obj
 0001:0046ff3e       _lms_citiwaterbudgets@_scommercial_ 00873f3e f   Water_CityModel.obj
 0001:00472575       _lms_citiwaterbudgets@_sshowerminutes_ 00876575 f   Water_CityModel.obj
 0001:004726b9       _lms_citiwaterbudgets@_sindustrial_ 008766b9 f   Water_CityModel.obj
 0001:00474d9b       _lms_citiwaterbudgets@_sdirectinjection_ 00878d9b f   Water_CityModel.obj
 0001:004752ce       _lms_citiwaterbudgets@_seffluent_ 008792ce f   Water_CityModel.obj
 0001:004769a6       _lms_citiwaterbudgets@_sgwtreatment_ 0087a9a6 f   Water_CityModel.obj
 0001:00476e6c       _lms_citiwaterbudgets@_sindustrialreuse_ 0087ae6c f   Water_CityModel.obj
 0001:0047757b       _lms_citiwaterbudgets@_sreclaimed_ 0087b57b f   Water_CityModel.obj
 0001:0047836f       _lms_citiwaterbudgets@_sresidential_ 0087c36f f   Water_CityModel.obj
 0001:0047abc0       _lms_citiwaterbudgets@_sroprocess_ 0087ebc0 f   Water_CityModel.obj
 0001:0047b458       _lms_citiwaterbudgets@_srwwtp_ 0087f458 f   Water_CityModel.obj
 0001:0047bc10       _lms_citiwaterbudgets@_ssurfacewater_ 0087fc10 f   Water_CityModel.obj
 0001:0047c7e9       _lms_citiwaterbudgets@_sswtp_ 008807e9 f   Water_CityModel.obj
 0001:0047cbff       _lms_citiwaterbudgets@_svadose_ 00880bff f   Water_CityModel.obj
 0001:0047e833       _lms_citiwaterbudgets@_slagvadose_ 00882833 f   Water_CityModel.obj
 0001:0047ede7       _lms_citiwaterbudgets@_storelaggedvadose_ 00882de7 f   Water_CityModel.obj
 0001:0047f06c       _lms_citiwaterbudgets@_fvadoseinfiltration_ 0088306c f   Water_CityModel.obj
 0001:0047f14a       _lms_citiwaterbudgets@_fvadoseloss_ 0088314a f   Water_CityModel.obj
 0001:0047f21c       _lms_citiwaterbudgets@_swsupply_ 0088321c f   Water_CityModel.obj
 0001:00480e49       _lms_citiwaterbudgets@_swwtp_ 00884e49 f   Water_CityModel.obj
 0001:0048199e       _lms_citiwaterbudgets@_sagriculture_ 0088599e f   Water_CityModel.obj
 0001:00481df5       _lms_citiwaterbudgets@_spowerplant_ 00885df5 f   Water_CityModel.obj
 0001:00482004       _lms_citiwaterbudgets@_sbalancews_ 00886004 f   Water_CityModel.obj
 0001:00482bc0       _lms_citiwaterbudgets@_sproportionnew_ 00886bc0 f   Water_CityModel.obj
 0001:004831d0       _lms_citiwaterbudgets@_sproportion_ 008871d0 f   Water_CityModel.obj
 0001:004844fa       _lms_citiwaterbudgets@_srangecheck_ 008884fa f   Water_CityModel.obj
 0001:00484783       _lms_citiwaterbudgets@_swaterfluxtoatmos_ 00888783 f   Water_CityModel.obj
 0001:00484987       _lms_citiwaterbudgets@_supdatestate_ 00888987 f   Water_CityModel.obj
 0001:00484d7e       _lms_citiwaterbudgets@_sstepupdate_ 00888d7e f   Water_CityModel.obj
 0001:00485373       _lms_citiwaterbudgets@_sgraywater_ 00889373 f   Water_CityModel.obj
 0001:00485b80       _lms_citiwaterbudgets@_sblackwater_ 00889b80 f   Water_CityModel.obj
 0001:00486351       _lms_citiwaterbudgets@_srunoff_ 0088a351 f   Water_CityModel.obj
 0001:0048653e       _lms_citiwaterbudgets@_fpercolation_ 0088a53e f   Water_CityModel.obj
 0001:00486650       _lms_citiwaterbudgets@_fstormwaterstorage_ 0088a650 f   Water_CityModel.obj
 0001:004869ef       _lms_citiwaterbudgets@_speakrainfall_ 0088a9ef f   Water_CityModel.obj
 0001:00486afc       _lms_citiwaterbudgets@_srainfallrunoff_ 0088aafc f   Water_CityModel.obj
 0001:00487ead       _lms_citiwaterbudgets@_sconverge_ 0088bead f   Water_CityModel.obj
 0001:00487ee8       _lms_citiwaterbudgets@_svadosecurve_ 0088bee8 f   Water_CityModel.obj
 0001:00487fc2       _lms_citiwaterbudgets@_typetransferin_ 0088bfc2 f   Water_CityModel.obj
 0001:00489408       _lms_citiwaterbudgets@_typetransferout_ 0088d408 f   Water_CityModel.obj
 0001:0048a224       _lms_citiwaterbudgets@_soutputtointerface_ 0088e224 f   Water_CityModel.obj
 0001:0048bc2e       _lms_citiwaterbudgets@_scitymodelwater_ 0088fc2e f   Water_CityModel.obj
 0001:0048c3f0       _lms_citiwaterbudgets@_loopend_ 008903f0 f   Water_CityModel.obj
 0001:0048c479       _lms_citiwaterbudgets@_screditbalance_ 00890479 f   Water_CityModel.obj
 0001:0048cbe3       _lms_citiwaterbudgets@_outputs_ 00890be3 f   Water_CityModel.obj
 0001:0048cdcb       _initializecitymodel_      00890dcb f   Water_CityModel.obj
 0001:0048f211       _pcitimodel_               00893211 f   Water_CityModel.obj
 0001:00491d4f       _frainevaporationrate_     00895d4f f   Water_CityModel.obj
 0001:00491e20       _f_anint                   00895e20 f   fj90f:jwe_fani.obj
 0001:00491ea0       _f_trim                    00895ea0 f   fj90f:jwe_ftrm.obj
 0001:00491ef0       _f_scmov                   00895ef0 f   fj90f:jwe_fcmv.obj
 0001:00491f50       _f_cmove                   00895f50 f   fj90f:jwe_fcmv.obj
 0001:00491fb0       _f_dnint                   00895fb0 f   fj90f:jwe_fdni.obj
 0001:004920c0       _f_aixi                    008960c0 f   fj90f:jwe_fixi.obj
 0001:00492270       _f_index                   00896270 f   fj90f:jwe_fidx.obj
 0001:004922e0       _f_indexa                  008962e0 f   fj90f:jwe_fidx.obj
 0001:004923c0       _f_indexj                  008963c0 f   fj90f:jwe_fidx.obj
 0001:00492460       _f_indxaj                  00896460 f   fj90f:jwe_fidx.obj
 0001:004925a0       _f_datim                   008965a0 f   fj90f:jwe_fdat.obj
 0001:00492bd0       _f_dint                    00896bd0 f   fj90f:jwe_fdin.obj
 0001:00492c40       _f_cshft                   00896c40 f   fj90f:jwe_fcsh.obj
 0001:00495430       _jwe_fcsh1                 00899430 f   fj90f:jwe_fcsh1.obj
 0001:00497710       _jwe_fcsh8                 0089b710 f   fj90f:jwe_fcsh8.obj
 0001:00499e10       _jwe_fcsh4                 0089de10 f   fj90f:jwe_fcsh4.obj
 0001:0049c080       _jwe_fcsh2                 008a0080 f   fj90f:jwe_fcsh2.obj
 0001:0049e300       _g_arxr                    008a2300 f   fj90g:jwe_grxr.obj
 0001:0049e94a       _jwe_gpow                  008a294a f   fj90g:jwe_grxr.obj
 0001:0049eae0       _g_exp                     008a2ae0 f   fj90g:jwe_gexp.obj
 0001:0049ec10       _g_adxd                    008a2c10 f   fj90g:jwe_gdxd.obj
 0001:0049f0f0       _jwe_gpwd                  008a30f0 f   fj90g:jwe_gdxd.obj
 0001:0049f350       _g_fract                   008a3350 f   fj90g:jwe_gfrr.obj
 0001:0049f390       _g_atan                    008a3390 f   fj90g:jwe_gatn.obj
 0001:0049f3b0       _g_dexp                    008a33b0 f   fj90g:jwe_gdex.obj
 0001:0049f4f0       _jwe_gdex                  008a34f0 f   fj90g:jwe_gdex.obj
 0001:0049f510       _g_dsqrt                   008a3510 f   fj90g:jwe_gdsq.obj
 0001:0049f620       _jwe_ilst                  008a3620 f   fj90i:jwe_ilst.obj
 0001:0049fbe0       _jwe_iocf                  008a3be0 f   fj90i:jwe_iocf.obj
 0001:004a23b0       _jwe_ifac                  008a63b0 f   fj90i:jwe_iocf.obj
 0001:004a25c0       _jwe_debg                  008a65c0 f   fj90i:jwe_debg.obj
 0001:004a30a0       _jwe_iinq                  008a70a0 f   fj90i:jwe_iinq.obj
 0001:004a32f0       _jwe_iiq0                  008a72f0 f   fj90i:jwe_iinq.obj
 0001:004a3690       _jwe_iiq1                  008a7690 f   fj90i:jwe_iinq.obj
 0001:004a3980       _jwe_iiq2                  008a7980 f   fj90i:jwe_iinq.obj
 0001:004a3c60       _jwe_iiq3                  008a7c60 f   fj90i:jwe_iinq.obj
 0001:004a41c0       _jwe_iiqs                  008a81c0 f   fj90i:jwe_iinq.obj
 0001:004a4e10       _jwe_iiqe                  008a8e10 f   fj90i:jwe_iinq.obj
 0001:004a50c0       _jwe_iiq4                  008a90c0 f   fj90i:jwe_iinq.obj
 0001:004a53b0       _jwe_iiq5                  008a93b0 f   fj90i:jwe_iinq.obj
 0001:004a5a60       _jwe_xalc                  008a9a60 f   fj90i:jwe_xalc.obj
 0001:004a5ec0       _jwe_x_alloc_trace         008a9ec0 f   fj90i:jwe_xalc.obj
 0001:004a5ff0       _jwe_xdal                  008a9ff0 f   fj90i:jwe_xdal.obj
 0001:004a63a0       _jwe_iinf                  008aa3a0 f   fj90i:jwe_iinf.obj
 0001:004a6e40       _jwe_xstp                  008aae40 f   fj90i:jwe_xstp.obj
 0001:004a6f90       _jwe_xadt                  008aaf90 f   fj90i:jwe_xadt.obj
 0001:004a7170       _jwe_xddt                  008ab170 f   fj90i:jwe_xadt.obj
 0001:004a73b0       _jwe_xopt                  008ab3b0 f   fj90i:jwe_xopt.obj
 0001:004a8370       _jwe_xcop                  008ac370 f   fj90i:jwe_xopt.obj
 0001:004a85d0       _jwe_xrcp                  008ac5d0 f   fj90i:jwe_xopt.obj
 0001:004a85e0       _jwe_isfm                  008ac5e0 f   fj90i:jwe_isfm.obj
 0001:004a8e70       _jwe_ipsf                  008ace70 f   fj90i:jwe_ipsf.obj
 0001:004a9240       _jwe_xilc                  008ad240 f   fj90i:jwe_xilc.obj
 0001:004a9280       _jwe_xint                  008ad280 f   fj90i:jwe_xint.obj
 0001:004a9300       _jwe_iedo                  008ad300 f   fj90i:jwe_iedo.obj
 0001:004ac390       _jwe_ildo                  008b0390 f   fj90i:jwe_ildo.obj
 0001:004adbd0       _jwe_illd                  008b1bd0 f   fj90i:jwe_ildo.obj
 0001:004add00       _jwe_iedi                  008b1d00 f   fj90i:jwe_iedi.obj
 0001:004b1330       _jwe_ilni                  008b5330 f   fj90i:jwe_ilni.obj
 0001:004b2720       _jwe_ildi                  008b6720 f   fj90i:jwe_ildi.obj
 0001:004b33c0       _jwe_iscf                  008b73c0 f   fj90i:jwe_iscf.obj
 0001:004b3f80       _jwe_icui                  008b7f80 f   fj90i:jwe_icui.obj
 0001:004b43f0       _jwe_iist                  008b83f0 f   fj90i:jwe_icui.obj
 0001:004b4440       _jwe_isui                  008b8440 f   fj90i:jwe_isui.obj
 0001:004b4570       _jwe_isu1                  008b8570 f   fj90i:jwe_isui.obj
 0001:004b4620       _jwe_icep                  008b8620 f   fj90i:jwe_icep.obj
 0001:004b46e0       _jwe_ifcf                  008b86e0 f   fj90i:jwe_ifcf.obj
 0001:004b4860       _jwe_ifcc                  008b8860 f   fj90i:jwe_ifcc.obj
 0001:004b4920       _jwe_iflc                  008b8920 f   fj90i:jwe_iflc.obj
 0001:004b4b80       _jwe_iflo                  008b8b80 f   fj90i:jwe_iflo.obj
 0001:004b4c10       _jwe_ienv                  008b8c10 f   fj90i:jwe_ienv.obj
 0001:004b4d90       _jwe_isss                  008b8d90 f   fj90i:jwe_isss.obj
 0001:004b4da0       _jwe_ifnc                  008b8da0 f   fj90i:jwe_ifnc.obj
 0001:004b5050       _jwe_ifck                  008b9050 f   fj90i:jwe_ifck.obj
 0001:004b5120       _jwe_igfn                  008b9120 f   fj90i:jwe_igfn.obj
 0001:004b51d0       _jwe_iftx                  008b91d0 f   fj90i:jwe_iftx.obj
 0001:004b5330       _jwe_dsha                  008b9330 f   fj90i:jwe_dsha.obj
 0001:004b5560       _jwe_dren                  008b9560 f   fj90i:jwe_dren.obj
 0001:004b56c0       _jwe_dpme                  008b96c0 f   fj90i:jwe_dpme.obj
 0001:004b5790       _jwe_ddou                  008b9790 f   fj90i:jwe_ddou.obj
 0001:004b5920       _jwe_ddoa                  008b9920 f   fj90i:jwe_ddoa.obj
 0001:004b5b00       _jwe_dpck                  008b9b00 f   fj90i:jwe_dpck.obj
 0001:004b5b90       _jwe_dudf                  008b9b90 f   fj90i:jwe_dudf.obj
 0001:004b5cd0       _jwe_dudd                  008b9cd0 f   fj90i:jwe_dudf.obj
 0001:004b6430       _jwe_duda                  008ba430 f   fj90i:jwe_dudf.obj
 0001:004b6700       _jwe_dudc                  008ba700 f   fj90i:jwe_dudf.obj
 0001:004b6e70       _jwe_dude                  008bae70 f   fj90i:jwe_dudf.obj
 0001:004b70c0       _jwe_dudn                  008bb0c0 f   fj90i:jwe_dudf.obj
 0001:004b73a0       _jwe_dedc                  008bb3a0 f   fj90i:jwe_dudf.obj
 0001:004b7410       _jwe_dvec                  008bb410 f   fj90i:jwe_dudf.obj
 0001:004b7780       _jwe_dsck                  008bb780 f   fj90i:jwe_dsck.obj
 0001:004b83b0       _jwe_dsce                  008bc3b0 f   fj90i:jwe_dsck.obj
 0001:004b8860       _jwe_duis                  008bc860 f   fj90i:jwe_duis.obj
 0001:004b89d0       _jwe_duid                  008bc9d0 f   fj90i:jwe_duis.obj
 0001:004b8de0       _jwe_dack                  008bcde0 f   fj90i:jwe_dack.obj
 0001:004b9660       _jwe_dacd                  008bd660 f   fj90i:jwe_dack.obj
 0001:004ba530       _jwe_iiol                  008be530 f   fj90i:jwe_iiol.obj
 0001:004baa50       _jwe_iils                  008bea50 f   fj90i:jwe_iiol.obj
 0001:004baaa0       _jwe_ifil                  008beaa0 f   fj90i:jwe_ifil.obj
 0001:004baf40       _jwe_iunt                  008bef40 f   fj90i:jwe_iunt.obj
 0001:004bb020       _jwe_iblk                  008bf020 f   fj90i:jwe_iblk.obj
 0001:004bb150       _jwe_xalc_fast             008bf150 f   fj90i:jwe_xdta.obj
 0001:004bb360       _jwe_xdal_fast             008bf360 f   fj90i:jwe_xdta.obj
 0001:004bb600       _jwe_xget_align            008bf600 f   fj90i:jwe_xdta.obj
[...]
 0001:004ae3d0       _jwe_idmv                  008b23d0 f   fj90i:jwe_iedi.obj
 0001:004ae4a0       _jwe_iiex                  008b24a0 f   fj90i:jwe_iedi.obj
 0001:004ae5b0       _jwe_iexp                  008b25b0 f   fj90i:jwe_iedi.obj
 0001:004ae6e0       _jwe_iied                  008b26e0 f   fj90i:jwe_iedi.obj
 0001:004ae800       _jwe_iiif                  008b2800 f   fj90i:jwe_iedi.obj
 0001:004ae8d0       _jwe_iiec                  008b28d0 f   fj90i:jwe_iedi.obj
 0001:004ae920       _jwe_iieo                  008b2920 f   fj90i:jwe_iedi.obj
 0001:004ae9c0       _jwe_iiri                  008b29c0 f   fj90i:jwe_iedi.obj
 0001:004aeac0       _jwe_iini                  008b2ac0 f   fj90i:jwe_iedi.obj
 0001:004aec20       _jwe_iiie                  008b2c20 f   fj90i:jwe_iedi.obj
 0001:004af330       _jwe_iile                  008b3330 f   fj90i:jwe_iedi.obj
 0001:004af640       _jwe_iize                  008b3640 f   fj90i:jwe_iedi.obj
 0001:004afa60       _jwe_iizs                  008b3a60 f   fj90i:jwe_iedi.obj
 0001:004afdf0       _jwe_iiae                  008b3df0 f   fj90i:jwe_iedi.obj
 0001:004afe90       _jwe_iiaw                  008b3e90 f   fj90i:jwe_iedi.obj
 0001:004afff0       _jwe_iire                  008b3ff0 f   fj90i:jwe_iedi.obj
 0001:004b0170       _jwe_iibe                  008b4170 f   fj90i:jwe_iedi.obj
 0001:004b0500       _jwe_iibs                  008b4500 f   fj90i:jwe_iedi.obj
 0001:004b07e0       _jwe_iioe                  008b47e0 f   fj90i:jwe_iedi.obj
 0001:004b0b50       _jwe_iios                  008b4b50 f   fj90i:jwe_iedi.obj
 0001:004b0e60       _jwe_iige                  008b4e60 f   fj90i:jwe_iedi.obj
 0001:004b0e80       _jwe_iine                  008b4e80 f   fj90i:jwe_iedi.obj
 0001:004b0e90       _jwe_iief                  008b4e90 f   fj90i:jwe_iedi.obj
 0001:004b1280       _jwe_iiqe                  008b5280 f   fj90i:jwe_iedi.obj
 0001:004ac400       _jwe_ilor                  008b0400 f   fj90i:jwe_ildo.obj
 0001:004ad5a0       _jwe_il_c                  008b15a0 f   fj90i:jwe_ildo.obj
 0001:004ad660       _jwe_il_r                  008b1660 f   fj90i:jwe_ildo.obj
 0001:004ad980       _jwe_iloc                  008b1980 f   fj90i:jwe_ildo.obj
 0001:004adb30       _jwe_iloe                  008b1b30 f   fj90i:jwe_ildo.obj
 0001:004a9320       _jwe_iofe                  008ad320 f   fj90i:jwe_iedo.obj
 0001:004a9590       _jwe_ioed                  008ad590 f   fj90i:jwe_iedo.obj
 0001:004a9f10       _jwe_ior0                  008adf10 f   fj90i:jwe_iedo.obj
 0001:004aa0a0       _jwe_ioni                  008ae0a0 f   fj90i:jwe_iedo.obj
 0001:004aa160       _jwe_ioic                  008ae160 f   fj90i:jwe_iedo.obj
 0001:004aa380       _jwe_ioge                  008ae380 f   fj90i:jwe_iedo.obj
 0001:004aa3c0       _jwe_iocl                  008ae3c0 f   fj90i:jwe_iedo.obj
 0001:004aa3f0       _jwe_ioie                  008ae3f0 f   fj90i:jwe_iedo.obj
 0001:004aa6b0       _jwe_ioig                  008ae6b0 f   fj90i:jwe_iedo.obj
 0001:004aa950       _jwe_iole                  008ae950 f   fj90i:jwe_iedo.obj
 0001:004aaa30       _jwe_ioaw                  008aea30 f   fj90i:jwe_iedo.obj
 0001:004aaac0       _jwe_ioae                  008aeac0 f   fj90i:jwe_iedo.obj
 0001:004aaaf0       _jwe_iozs                  008aeaf0 f   fj90i:jwe_iedo.obj
 0001:004aad40       _jwe_ioze                  008aed40 f   fj90i:jwe_iedo.obj
 0001:004aaf40       _jwe_ioen                  008aef40 f   fj90i:jwe_iedo.obj
 0001:004ab3f0       _jwe_ioes                  008af3f0 f   fj90i:jwe_iedo.obj
 0001:004ab790       _jwe_iore                  008af790 f   fj90i:jwe_iedo.obj
 0001:004ab820       _jwe_iobs                  008af820 f   fj90i:jwe_iedo.obj
 0001:004abb10       _jwe_iobe                  008afb10 f   fj90i:jwe_iedo.obj
 0001:004abdc0       _jwe_ioos                  008afdc0 f   fj90i:jwe_iedo.obj
 0001:004ac170       _jwe_iooe                  008b0170 f   fj90i:jwe_iedo.obj
 0001:004ac380       _jwe_ione                  008b0380 f   fj90i:jwe_iedo.obj
 0001:004a90e0       _jwe_ipse                  008ad0e0 f   fj90i:jwe_ipsf.obj
 0001:004a8de0       _jwe_iser                  008acde0 f   fj90i:jwe_isfm.obj
 0001:004a75c0       _jwe_xsch                  008ab5c0 f   fj90i:jwe_xopt.obj
 0001:004a7270       _err_end                   008ab270 f   fj90i:jwe_xadt.obj
 0001:004a6c70       _jwe_iifg                  008aac70 f   fj90i:jwe_iinf.obj
 0001:004a6d30       _jwe_iifp                  008aad30 f   fj90i:jwe_iinf.obj
 0001:004a6230       _jwe_error_call            008aa230 f   fj90i:jwe_xdal.obj
 0001:004a5c70       _jwe_error_call            008a9c70 f   fj90i:jwe_xalc.obj
 0001:004a4570       _jwe_iiqc                  008a8570 f   fj90i:jwe_iinq.obj
 0001:004a4c30       _jwe_iiqn                  008a8c30 f   fj90i:jwe_iinq.obj
 0001:004a4d30       _jwe_iiqt                  008a8d30 f   fj90i:jwe_iinq.obj
 0001:004a4f90       _jwe_iiqi                  008a8f90 f   fj90i:jwe_iinq.obj
 0001:004a5000       _jwe_wiqt                  008a9000 f   fj90i:jwe_iinq.obj
 0001:004a5060       _jwe_wiqf                  008a9060 f   fj90i:jwe_iinq.obj
 0001:004a5910       _jwe_ifls                  008a9910 f   fj90i:jwe_iinq.obj
 0001:004a59f0       _jwe_ifse                  008a99f0 f   fj90i:jwe_iinq.obj
 0001:004a5a30       _jwe_ifst                  008a9a30 f   fj90i:jwe_iinq.obj
 0001:004a2f60       _jwe_debe                  008a6f60 f   fj90i:jwe_debg.obj
 0001:004a0250       _jwe_iop0                  008a4250 f   fj90i:jwe_iocf.obj
 0001:004a0720       _jwe_iocl                  008a4720 f   fj90i:jwe_iocf.obj
 0001:004a0940       _jwe_iop1                  008a4940 f   fj90i:jwe_iocf.obj
 0001:004a1410       _jwe_iop2                  008a5410 f   fj90i:jwe_iocf.obj
 0001:004a15e0       _jwe_iop3                  008a55e0 f   fj90i:jwe_iocf.obj
 0001:004a1650       _jwe_iop5                  008a5650 f   fj90i:jwe_iocf.obj
 0001:004a1700       _jwe_iop4                  008a5700 f   fj90i:jwe_iocf.obj
 0001:004a17c0       _jwe_iop6                  008a57c0 f   fj90i:jwe_iocf.obj
 0001:004a1840       _jwe_iop7                  008a5840 f   fj90i:jwe_iocf.obj
 0001:004a1a40       _jwe_iopc                  008a5a40 f   fj90i:jwe_iocf.obj
 0001:004a1b10       _jwe_iopw                  008a5b10 f   fj90i:jwe_iocf.obj
 0001:004a1d90       _jwe_iope                  008a5d90 f   fj90i:jwe_iocf.obj
 0001:004a1fb0       _jwe_iops                  008a5fb0 f   fj90i:jwe_iocf.obj
 0001:004a2060       _jwe_iop8                  008a6060 f   fj90i:jwe_iocf.obj
 0001:004f7dce       _xtoa                      008fbdce f   libc:xtoa.obj
 0001:004f7ea0       _x64toa@20                 008fbea0 f   libc:xtoa.obj
 0001:004f7bdd       __stripquote               008fbbdd f   libc:tempnam.obj
 0001:004f7271       _output                    008fb271 f   libc:cprintf.obj
 0001:004f799e       _write_char                008fb99e f   libc:cprintf.obj
 0001:004f79b8       _write_multi_char          008fb9b8 f   libc:cprintf.obj
 0001:004f79e4       _write_string              008fb9e4 f   libc:cprintf.obj
 0001:004f7a17       _get_int_arg               008fba17 f   libc:cprintf.obj
 0001:004f7a24       _get_int64_arg             008fba24 f   libc:cprintf.obj
 0001:004f7a34       _get_short_arg             008fba34 f   libc:cprintf.obj
 0001:004f5c79       __get_fname                008f9c79 f   libc:fpexcept.obj
 0001:004f3374       label0                     008f7374 f   libc:adj_fdiv.obj
 0001:004f337a       label1                     008f737a f   libc:adj_fdiv.obj
 0001:004f337f       label2                     008f737f f   libc:adj_fdiv.obj
 0001:004f3385       label3                     008f7385 f   libc:adj_fdiv.obj
 0001:004f338a       label4                     008f738a f   libc:adj_fdiv.obj
 0001:004f3390       label5                     008f7390 f   libc:adj_fdiv.obj
 0001:004f3396       label6                     008f7396 f   libc:adj_fdiv.obj
 0001:004f339c       label7                     008f739c f   libc:adj_fdiv.obj
 0001:004f33a2       label8                     008f73a2 f   libc:adj_fdiv.obj
 0001:004f33be       label9                     008f73be f   libc:adj_fdiv.obj
 0001:004f33c3       label10                    008f73c3 f   libc:adj_fdiv.obj
 0001:004f33d9       label11                    008f73d9 f   libc:adj_fdiv.obj
 0001:004f33de       label12                    008f73de f   libc:adj_fdiv.obj
 0001:004f33fa       label13                    008f73fa f   libc:adj_fdiv.obj
 0001:004f340a       label14                    008f740a f   libc:adj_fdiv.obj
 0001:004f341e       label15                    008f741e f   libc:adj_fdiv.obj
 0001:004f342e       label16                    008f742e f   libc:adj_fdiv.obj
 0001:004f344e       label17                    008f744e f   libc:adj_fdiv.obj
 0001:004f3453       label18                    008f7453 f   libc:adj_fdiv.obj
 0001:004f346d       label19                    008f746d f   libc:adj_fdiv.obj
 0001:004f3472       label20                    008f7472 f   libc:adj_fdiv.obj
 0001:004f3492       label21                    008f7492 f   libc:adj_fdiv.obj
 0001:004f34a6       label22                    008f74a6 f   libc:adj_fdiv.obj
 0001:004f34be       label23                    008f74be f   libc:adj_fdiv.obj
 0001:004f34d2       label24                    008f74d2 f   libc:adj_fdiv.obj
 0001:004f34f2       label25                    008f74f2 f   libc:adj_fdiv.obj
 0001:004f34f7       label26                    008f74f7 f   libc:adj_fdiv.obj
 0001:004f3511       label27                    008f7511 f   libc:adj_fdiv.obj
 0001:004f3516       label28                    008f7516 f   libc:adj_fdiv.obj
 0001:004f3536       label29                    008f7536 f   libc:adj_fdiv.obj
 0001:004f354a       label30                    008f754a f   libc:adj_fdiv.obj
 0001:004f3562       label31                    008f7562 f   libc:adj_fdiv.obj
 0001:004f3576       label32                    008f7576 f   libc:adj_fdiv.obj
 0001:004f3596       label33                    008f7596 f   libc:adj_fdiv.obj
 0001:004f359b       label34                    008f759b f   libc:adj_fdiv.obj
 0001:004f35b5       label35                    008f75b5 f   libc:adj_fdiv.obj
 0001:004f35ba       label36                    008f75ba f   libc:adj_fdiv.obj
 0001:004f35da       label37                    008f75da f   libc:adj_fdiv.obj
 0001:004f35ee       label38                    008f75ee f   libc:adj_fdiv.obj
 0001:004f3606       label39                    008f7606 f   libc:adj_fdiv.obj
 0001:004f361a       label40                    008f761a f   libc:adj_fdiv.obj
 0001:004f363a       label41                    008f763a f   libc:adj_fdiv.obj
 0001:004f363f       label42                    008f763f f   libc:adj_fdiv.obj
 0001:004f3659       label43                    008f7659 f   libc:adj_fdiv.obj
 0001:004f365e       label44                    008f765e f   libc:adj_fdiv.obj
 0001:004f367e       label45                    008f767e f   libc:adj_fdiv.obj
 0001:004f3692       label46                    008f7692 f   libc:adj_fdiv.obj
 0001:004f36aa       label47                    008f76aa f   libc:adj_fdiv.obj
 0001:004f36be       label48                    008f76be f   libc:adj_fdiv.obj
 0001:004f36de       label49                    008f76de f   libc:adj_fdiv.obj
 0001:004f36e3       label50                    008f76e3 f   libc:adj_fdiv.obj
 0001:004f36fd       label51                    008f76fd f   libc:adj_fdiv.obj
 0001:004f3702       label52                    008f7702 f   libc:adj_fdiv.obj
 0001:004f3722       label53                    008f7722 f   libc:adj_fdiv.obj
 0001:004f3736       label54                    008f7736 f   libc:adj_fdiv.obj
 0001:004f374e       label55                    008f774e f   libc:adj_fdiv.obj
 0001:004f3762       label56                    008f7762 f   libc:adj_fdiv.obj
 0001:004f3782       label57                    008f7782 f   libc:adj_fdiv.obj
 0001:004f3787       label58                    008f7787 f   libc:adj_fdiv.obj
 0001:004f37a1       label59                    008f77a1 f   libc:adj_fdiv.obj
 0001:004f37a6       label60                    008f77a6 f   libc:adj_fdiv.obj
 0001:004f37c6       label61                    008f77c6 f   libc:adj_fdiv.obj
 0001:004f37da       label62                    008f77da f   libc:adj_fdiv.obj
 0001:004f37f2       label63                    008f77f2 f   libc:adj_fdiv.obj
 0001:004f3184       _findenv                   008f7184 f   libc:setenv.obj
 0001:004f31dc       _copy_environ              008f71dc f   libc:setenv.obj
 0001:004f2fd2       _strncnt                   008f6fd2 f   libc:a_cmp.obj
 0001:004f295e       _cvtdate                   008f695e f   libc:tzset.obj
 0001:004f18b3       _getSystemCP               008f58b3 f   libc:mbctype.obj
 0001:004f18fd       _CPtoLCID                  008f58fd f   libc:mbctype.obj
 0001:004f1930       _setSBCS                   008f5930 f   libc:mbctype.obj
 0001:004f1959       _setSBUpLow                008f5959 f   libc:mbctype.obj
 0001:004f0f22       _ctrlevent_capture@4       008f4f22 f   libc:winsig.obj
 0001:004f1087       _siglookup                 008f5087 f   libc:winsig.obj
 0001:004ef1b5       _strncnt                   008f31b5 f   libc:a_map.obj
 0001:004ee841       fFEXP                      008f2841 f   libc:87tran.obj
 0001:004ee981       _rtforexpinf               008f2981 f   libc:87tran.obj
 0001:004ee567       _write_char                008f2567 f   libc:output.obj
 0001:004ee59c       _write_multi_char          008f259c f   libc:output.obj
 0001:004ee5cd       _write_string              008f25cd f   libc:output.obj
 0001:004ee605       _get_int_arg               008f2605 f   libc:output.obj
 0001:004ee612       _get_int64_arg             008f2612 f   libc:output.obj
 0001:004ee622       _get_short_arg             008f2622 f   libc:output.obj
 0001:004ed760       _IsRootUNCName             008f1760 f   libc:stat.obj
 0001:004ed1c5       __cftoe_g                  008f11c5 f   libc:cvt.obj
 0001:004ed1ec       __cftof_g                  008f11ec f   libc:cvt.obj
 0001:004ed260       __shift                    008f1260 f   libc:cvt.obj
 0001:004eca5c       _gu_return                 008f0a5c f   libc:exsup.obj
 0001:004eca64       __unwind_handler           008f0a64 f   libc:exsup.obj
 0001:004ec315       _parse_cmdline             008f0315 f   libc:stdargv.obj
 0001:004ec180       _xcptlookup                008f0180 f   libc:winxfltr.obj
 0001:004ead5f       _doexit                    008eed5f f   libc:crt0dat.obj
 0001:004eadf8       __initterm                 008eedf8 f   libc:crt0dat.obj
 0001:004ea2d0       LeadUp1                    008ee2d0 f   libc:memmove.obj
 0001:004ea2fc       LeadUp2                    008ee2fc f   libc:memmove.obj
 0001:004ea320       LeadUp3                    008ee320 f   libc:memmove.obj
 0001:004ea39f       UnwindUp0                  008ee39f f   libc:memmove.obj
 0001:004ea38c       UnwindUp1                  008ee38c f   libc:memmove.obj
 0001:004ea384       UnwindUp2                  008ee384 f   libc:memmove.obj
 0001:004ea37c       UnwindUp3                  008ee37c f   libc:memmove.obj
 0001:004ea374       UnwindUp4                  008ee374 f   libc:memmove.obj
 0001:004ea36c       UnwindUp5                  008ee36c f   libc:memmove.obj
 0001:004ea364       UnwindUp6                  008ee364 f   libc:memmove.obj
 0001:004ea35c       UnwindUp7                  008ee35c f   libc:memmove.obj
 0001:004ea3b8       TrailUp0                   008ee3b8 f   libc:memmove.obj
 0001:004ea3c0       TrailUp1                   008ee3c0 f   libc:memmove.obj
 0001:004ea3cc       TrailUp2                   008ee3cc f   libc:memmove.obj
 0001:004ea3e0       TrailUp3                   008ee3e0 f   libc:memmove.obj
 0001:004ea458       LeadDown1                  008ee458 f   libc:memmove.obj
 0001:004ea478       LeadDown2                  008ee478 f   libc:memmove.obj
 0001:004ea4a0       LeadDown3                  008ee4a0 f   libc:memmove.obj
 0001:004ea4f4       UnwindDown7                008ee4f4 f   libc:memmove.obj
 0001:004ea4fc       UnwindDown6                008ee4fc f   libc:memmove.obj
 0001:004ea504       UnwindDown5                008ee504 f   libc:memmove.obj
 0001:004ea50c       UnwindDown4                008ee50c f   libc:memmove.obj
 0001:004ea514       UnwindDown3                008ee514 f   libc:memmove.obj
 0001:004ea51c       UnwindDown2                008ee51c f   libc:memmove.obj
 0001:004ea524       UnwindDown1                008ee524 f   libc:memmove.obj
 0001:004ea537       UnwindDown0                008ee537 f   libc:memmove.obj
 0001:004ea550       TrailDown0                 008ee550 f   libc:memmove.obj
 0001:004ea558       TrailDown1                 008ee558 f   libc:memmove.obj
 0001:004ea568       TrailDown2                 008ee568 f   libc:memmove.obj
 0001:004ea57c       TrailDown3                 008ee57c f   libc:memmove.obj
 0001:004e9fc2       _strtoxl                   008edfc2 f   libc:strtol.obj
 0001:004e9d86       _flsall                    008edd86 f   libc:fflush.obj
 0001:004e9c76       _IsRootUNCName             008edc76 f   libc:stati64.obj
 0001:004e979e       __abstract_cw              008ed79e f   libc:ieee87.obj
 0001:004e9830       __hw_cw                    008ed830 f   libc:ieee87.obj
 0001:004e98b9       __abstract_sw              008ed8b9 f   libc:ieee87.obj
 0001:004e95c9       _fast_error_exit           008ed5c9 f   libc:crt0.obj
 0001:004e9200       LeadUp1                    008ed200 f   libc:memcpy.obj
 0001:004e922c       LeadUp2                    008ed22c f   libc:memcpy.obj
 0001:004e9250       LeadUp3                    008ed250 f   libc:memcpy.obj
 0001:004e92cf       UnwindUp0                  008ed2cf f   libc:memcpy.obj
 0001:004e92bc       UnwindUp1                  008ed2bc f   libc:memcpy.obj
 0001:004e92b4       UnwindUp2                  008ed2b4 f   libc:memcpy.obj
 0001:004e92ac       UnwindUp3                  008ed2ac f   libc:memcpy.obj
 0001:004e92a4       UnwindUp4                  008ed2a4 f   libc:memcpy.obj
 0001:004e929c       UnwindUp5                  008ed29c f   libc:memcpy.obj
 0001:004e9294       UnwindUp6                  008ed294 f   libc:memcpy.obj
 0001:004e928c       UnwindUp7                  008ed28c f   libc:memcpy.obj
 0001:004e92e8       TrailUp0                   008ed2e8 f   libc:memcpy.obj
 0001:004e92f0       TrailUp1                   008ed2f0 f   libc:memcpy.obj
 0001:004e92fc       TrailUp2                   008ed2fc f   libc:memcpy.obj
 0001:004e9310       TrailUp3                   008ed310 f   libc:memcpy.obj
 0001:004e9388       LeadDown1                  008ed388 f   libc:memcpy.obj
 0001:004e93a8       LeadDown2                  008ed3a8 f   libc:memcpy.obj
 0001:004e93d0       LeadDown3                  008ed3d0 f   libc:memcpy.obj
 0001:004e9424       UnwindDown7                008ed424 f   libc:memcpy.obj
 0001:004e942c       UnwindDown6                008ed42c f   libc:memcpy.obj
 0001:004e9434       UnwindDown5                008ed434 f   libc:memcpy.obj
 0001:004e943c       UnwindDown4                008ed43c f   libc:memcpy.obj
 0001:004e9444       UnwindDown3                008ed444 f   libc:memcpy.obj
 0001:004e944c       UnwindDown2                008ed44c f   libc:memcpy.obj
 0001:004e9454       UnwindDown1                008ed454 f   libc:memcpy.obj
 0001:004e9467       UnwindDown0                008ed467 f   libc:memcpy.obj
 0001:004e9480       TrailDown0                 008ed480 f   libc:memcpy.obj
 0001:004e9488       TrailDown1                 008ed488 f   libc:memcpy.obj
 0001:004e9498       TrailDown2                 008ed498 f   libc:memcpy.obj
 0001:004e94ac       TrailDown3                 008ed4ac f   libc:memcpy.obj
