 WaterSimDCDC_model_5

 Timestamp is 5acffec9 (Thu Apr 12 17:50:17 2018)

 Preferred load address is 10000000

 Start         Length     Name                   Class
 0001:00000000 000b614eH .text                   CODE
 0002:00000000 00000148H .idata$5                DATA
 0002:00000150 0004f1dcH .rdata                  DATA
 0002:0004f32c 00000028H .idata$2                DATA
 0002:0004f354 00000014H .idata$3                DATA
 0002:0004f368 00000148H .idata$4                DATA
 0002:0004f4b0 000005d2H .idata$6                DATA
 0002:0004fa90 000028deH .edata                  DATA
 0003:00000000 00000004H .CRT$XCA                DATA
 0003:00000004 00000000H .CRT$XCU                DATA
 0003:00000004 00000004H .CRT$XCZ                DATA
 0003:00000008 00000004H .CRT$XIA                DATA
 0003:0000000c 00000008H .CRT$XIC                DATA
 0003:00000014 00000004H .CRT$XIZ                DATA
 0003:00000018 00000004H .CRT$XPA                DATA
 0003:0000001c 0000000cH .CRT$XPX                DATA
 0003:00000028 00000004H .CRT$XPZ                DATA
 0003:0000002c 00000004H .CRT$XTA                DATA
 0003:00000030 00000004H .CRT$XTZ                DATA
 0003:00000040 00051370H .data                   DATA
 0003:000513b0 003d4d9cH .bss                    DATA

  Address         Publics by Value              Rva+Base     Lib:Object

 0001:00000000       _lm_agwaterbudgets_        10004000 f   Agriculture.obj
 0001:00000011       _lm_agwaterbudgets@_initag_ 10004011 f   Agriculture.obj
 0001:0000002f       _lm_agwaterbudgets@_openfiles_ag_ 1000402f f   Agriculture.obj
 0001:0000014d       _lm_agwaterbudgets@_readfiles_ag_ 1000414d f   Agriculture.obj
 0001:000003db       _lms_agwaterbudgets_       100043db f   Agriculture.obj
 0001:000003ec       _lms_agwaterbudgets@_agriculturedemand_ 100043ec f   Agriculture.obj
 0001:0000089f       _lms_agwaterbudgets@_agricultureproduction_ 1000489f f   Agriculture.obj
 0001:00000ea6       _lms_agwaterbudgets@_agriculturalbudgets_ 10004ea6 f   Agriculture.obj
 0001:000010b0       _initializeagriculture_    100050b0 f   Agriculture.obj
 0001:000010d3       _sagdemand_                100050d3 f   Agriculture.obj
 0001:000010f6       _sagprovider_              100050f6 f   Agriculture.obj
 0001:00001125       _sagproductionstatic_      10005125 f   Agriculture.obj
 0001:00001144       _saginitialize_water_      10005144 f   Agriculture.obj
 0001:00001427       _sagpumpingses_            10005427 f   Agriculture.obj
 0001:00001772       _sagsurfaceses_            10005772 f   Agriculture.obj
 0001:00001910       _lm_buildnotes_            10005910 f   BuildNotes.obj
 0001:00001921       _lm_buildnotes@_buildnumk_ 10005921 f   BuildNotes.obj
 0001:00001946       _lm_buildnotes@_buildverk_ 10005946 f   BuildNotes.obj
 0001:0000196b       _lm_buildnotes@_buildsubverk_ 1000596b f   BuildNotes.obj
 0001:00001990       _lm_buildnotes@_monthk_    10005990 f   BuildNotes.obj
 0001:000019b5       _lm_buildnotes@_dayk_      100059b5 f   BuildNotes.obj
 0001:000019da       _lm_buildnotes@_yeark_     100059da f   BuildNotes.obj
 0001:000019ff       _lm_buildnotes@_hourk_     100059ff f   BuildNotes.obj
 0001:00001a24       _lm_buildnotes@_mink_      10005a24 f   BuildNotes.obj
 0001:00001a50       _pstartup_k_               10005a50 f   Demand.obj
 0001:00001a5c       _sdemandwrap_              10005a5c f   Demand.obj
 0001:00001e12       _soutdooraccounting_       10005e12 f   Demand.obj
 0001:00002005       _pgraywater_               10006005 f   Demand.obj
 0001:00002148       _pstormwaterharvest_       10006148 f   Demand.obj
 0001:0000228b       _prainwaterharvest_        1000628b f   Demand.obj
 0001:000023ce       _pwaterbanking_k_          100063ce f   Demand.obj
 0001:0000273a       _pwaterfordirectinject_s_  1000673a f   Demand.obj
 0001:00002e46       _pwaterreclaimed_s_        10006e46 f   Demand.obj
 0001:0000337e       _prowaterreclaimed_s_      1000737e f   Demand.obj
 0001:000035ef       _pwaterforvadose_s_        100075ef f   Demand.obj
 0001:00003e07       _pnewwatersupplies_k_      10007e07 f   Demand.obj
 0001:00004129       _pcleanup_k_               10008129 f   Demand.obj
 0001:00004135       _punusednonpotable_        10008135 f   Demand.obj
 0001:00004212       _scwaccounting_            10008212 f   Demand.obj
 0001:000045e4       _soptimize_                100085e4 f   Demand.obj
 0001:00004962       _soptimize_off_            10008962 f   Demand.obj
 0001:00004b64       _son_inrounding_           10008b64 f   Demand.obj
 0001:00004c2e       _son_outrounding_          10008c2e f   Demand.obj
 0001:00004cf8       _son_rounding_             10008cf8 f   Demand.obj
 0001:00004e80       _soff_rounding_            10008e80 f   Demand.obj
 0001:0000500a       _scwaccountingindoorout_   1000900a f   Demand.obj
 0001:00006060       _lm_designationsdaily_a_   1000a060 f   DesignationsDaily.obj
 0001:00006071       _lm_designationsdaily_a@_initadesignationsdaily_ 1000a071 f   DesignationsDaily.obj
 0001:0000608f       _lm_designationsdaily_a@_openfiles_adesignationsd_ 1000a08f f   DesignationsDaily.obj
 0001:00006210       _lm_designationsdaily_a@_readfiles_adesignationsd_ 1000a210 f   DesignationsDaily.obj
 0001:000065ab       _lms_designationsdaily_a_  1000a5ab f   DesignationsDaily.obj
 0001:000065bc       _lms_designationsdaily_a@_extract_ 1000a5bc f   DesignationsDaily.obj
 0001:00006775       _lms_designationsdaily_a@_flow_ 1000a775 f   DesignationsDaily.obj
 0001:000067e6       _lms_designationsdaily_a@_fmodflowsvtdaily_ 1000a7e6 f   DesignationsDaily.obj
 0001:0000684f       _lms_designationsdaily_a@_designations_ 1000a84f f   DesignationsDaily.obj
 0001:0000733f       _lms_designationsdaily_a@_leapyear_ 1000b33f f   DesignationsDaily.obj
 0001:000074a8       _initializedailydesig_     1000b4a8 f   DesignationsDaily.obj
 0001:000074bc       _extractdaily_             1000b4bc f   DesignationsDaily.obj
 0001:000074f0       _lm_designations_b_        1000b4f0 f   Designations_CO.obj
 0001:00007501       _lm_designations_b@_initbdesignations_ 1000b501 f   Designations_CO.obj
 0001:00007524       _lm_designations_b@_openfiles_bdesignations_ 1000b524 f   Designations_CO.obj
 0001:00007691       _lm_designations_b@_readparms_pvd_ 1000b691 f   Designations_CO.obj
 0001:0000774e       _lm_designations_b@_readfiles_bdesignations_ 1000b74e f   Designations_CO.obj
 0001:00007897       _lms_designations_b_       1000b897 f   Designations_CO.obj
 0001:000078a8       _lms_designations_b@_apartition_b_ 1000b8a8 f   Designations_CO.obj
 0001:00007e90       _lms_designations_b@_aallocate_b_ 1000be90 f   Designations_CO.obj
 0001:00007f3a       _lms_designations_b@_maxcapdesignations_ 1000bf3a f   Designations_CO.obj
 0001:00008098       _lms_designations_b@_capneeded_ 1000c098 f   Designations_CO.obj
 0001:0000819b       _lms_designations_b@_reductionsindesignations_ 1000c19b f   Designations_CO.obj
 0001:0000957b       _lms_designations_b@_capout_ 1000d57b f   Designations_CO.obj
 0001:0000989a       _lms_designations_b@_waterbank_ 1000d89a f   Designations_CO.obj
 0001:000099ae       _lms_designations_b@_capprioritywater_ 1000d9ae f   Designations_CO.obj
 0001:00009a09       _lms_designations_b@_deltacapwater_ 1000da09 f   Designations_CO.obj
 0001:00009abb       _lms_designations_b@_coriverdeltawater_ 1000dabb f   Designations_CO.obj
 0001:00009e73       _lms_designations_b@_atypeconvert_ 1000de73 f   Designations_CO.obj
 0001:00009f2f       _initializecoloradodesig_  1000df2f f   Designations_CO.obj
 0001:00009f43       _pcap_water_               1000df43 f   Designations_CO.obj
 0001:0000a0a0       _lm_designations_a_        1000e0a0 f   Designations_STV.obj
 0001:0000a0b1       _lm_designations_a@_initadesignations_ 1000e0b1 f   Designations_STV.obj
 0001:0000a0cf       _lm_designations_a@_openfiles_adesignations_ 1000e0cf f   Designations_STV.obj
 0001:0000a28b       _lm_designations_a@_readfiles_adesignations_ 1000e28b f   Designations_STV.obj
 0001:0000a5cf       _lms_designations_a_       1000e5cf f   Designations_STV.obj
 0001:0000a5e0       _lms_designations_a@_aclear_ 1000e5e0 f   Designations_STV.obj
 0001:0000a6ab       _lms_designations_a@_adesignations_classbcmax_a_ 1000e6ab f   Designations_STV.obj
 0001:0000a87f       _lms_designations_a@_adesignations_classbc_storage_ 1000e87f f   Designations_STV.obj
 0001:0000aebc       _initializestvdesignations_ 1000eebc f   Designations_STV.obj
 0001:0000aed0       _adesignationsclassbcmax_  1000eed0 f   Designations_STV.obj
 0001:0000aef7       _dsalttontoverde_          1000eef7 f   Designations_STV.obj
 0001:0000af3a       _sbookkeeping_             1000ef3a f   Designations_STV.obj
 0001:0000afbf       _classadesignations_a_     1000efbf f   Designations_STV.obj
 0001:0000b001       _ssrp_classbc_             1000f001 f   Designations_STV.obj
 0001:0000b760       _lms_climatefactor_        1000f760 f   Functions.obj
 0001:0000b771       _lms_climatefactor@_fclimatefactorco_ 1000f771 f   Functions.obj
 0001:0000b877       _lms_climatefactor@_fclimatefactorsvt_ 1000f877 f   Functions.obj
 0001:0000b97d       _lms_climatefactor@_flinear_ 1000f97d f   Functions.obj
 0001:0000b9bc       _lms_climatefactor@_climateparms_ 1000f9bc f   Functions.obj
 0001:0000ba45       _lms_climatefactor@_slope_ 1000fa45 f   Functions.obj
 0001:0000bae5       _lms_climatefactor@_intercept_ 1000fae5 f   Functions.obj
 0001:0000bb76       _lms_agricultureretirement_ 1000fb76 f   Functions.obj
 0001:0000bb87       _lms_agricultureretirement@_fagretirementfactor_ 1000fb87 f   Functions.obj
 0001:0000bc95       _lms_agricultureretirement@_agricparms_ 1000fc95 f   Functions.obj
 0001:0000bd1e       _lms_agricultureretirement@_slope_ 1000fd1e f   Functions.obj
 0001:0000bdbe       _lms_agricultureretirement@_intercept_ 1000fdbe f   Functions.obj
 0001:0000be4b       _lms_agricultureretirement@_flinear_ 1000fe4b f   Functions.obj
 0001:0000be8a       _fvariablefactorx_         1000fe8a f   Functions.obj
 0001:0000bed3       _agretirement_             1000fed3 f   Functions.obj
 0001:0000bf93       _climatefactorco_          1000ff93 f   Functions.obj
 0001:0000c022       _climatefactorsvt_         10010022 f   Functions.obj
 0001:0000c0b1       _fround_                   100100b1 f   Functions.obj
 0001:0000c1a4       _feffectivegpcd_           100101a4 f   Functions.obj
 0001:0000c1e8       _fincrementfloat_          100101e8 f   Functions.obj
 0001:0000c217       _fincrementdouble_         10010217 f   Functions.obj
 0001:0000c246       _fstoragerelease_          10010246 f   Functions.obj
 0001:0000c3aa       _fmodifynormalflow_        100103aa f   Functions.obj
 0001:0000c414       _fmodifytrottnormalflow_   10010414 f   Functions.obj
 0001:0000c44c       _fstates_                  1001044c f   Functions.obj
 0001:0000c50d       _flogicaltointeger_        1001050d f   Functions.obj
 0001:0000c54b       _fdconvert_                1001054b f   Functions.obj
 0001:0000c5c6       _froundtoaf_               100105c6 f   Functions.obj
 0001:0000c61e       _fsesgpcd_alpha_           1001061e f   Functions.obj
 0001:0000cbb5       _fminmaxalpha_             10010bb5 f   Functions.obj
 0001:0000cc10       _fsesgpcd_gamma_           10010c10 f   Functions.obj
 0001:0000d01d       _fsesgpcd_discount_        1001101d f   Functions.obj
 0001:0000d0c1       _fsesgpcd_equalweight_     100110c1 f   Functions.obj
 0001:0000d16e       _fgamma_                   1001116e f   Functions.obj
 0001:0000d1f2       _fsesgpcd_increase_        100111f2 f   Functions.obj
 0001:0000d2bd       _fevaporation_             100112bd f   Functions.obj
 0001:0000d343       _fevaporationmonthly_      10011343 f   Functions.obj
 0001:0000d397       _fevaporation_reach_       10011397 f   Functions.obj
 0001:0000d3d8       _fbankstoragereach_        100113d8 f   Functions.obj
 0001:0000d408       _fevaporation_powell_      10011408 f   Functions.obj
 0001:0000d4e3       _fevaporation_mead_        100114e3 f   Functions.obj
 0001:0000d5be       _fhorsepowercap_           100115be f   Functions.obj
 0001:0000d613       _fkilowatthrsfromhp_       10011613 f   Functions.obj
 0001:0000d674       _fcftstoacftperannum_      10011674 f   Functions.obj
 0001:0000d6cd       _facftperannumtocfts_      100116cd f   Functions.obj
 0001:0000d71e       _fleapyear_                1001171e f   Functions.obj
 0001:0000d87a       _fmonthsfromdoy_           1001187a f   Functions.obj
 0001:0000ddee       _fstverdereservoirf_       10011dee f   Functions.obj
 0001:0000de4d       _fses_alpha_               10011e4d f   Functions.obj
 0001:0000e32e       _fses_discount_            1001232e f   Functions.obj
 0001:0000e3c8       _fdemandfrompopgpcd_       100123c8 f   Functions.obj
 0001:0000e404       _fcreatetarget_            10012404 f   Functions.obj
 0001:0000e475       _fhyperbola_               10012475 f   Functions.obj
 0001:0000e553       _fhyperbolarunoff_         10012553 f   Functions.obj
 0001:0000e5c0       _fhyperbollclustatic_      100125c0 f   Functions.obj
 0001:0000e614       _flogistic_                10012614 f   Functions.obj
 0001:0000e751       _finverselogistic_         10012751 f   Functions.obj
 0001:0000e896       _flogisticlclustatic_      10012896 f   Functions.obj
 0001:0000e8fc       _fsumlcludemand_           100128fc f   Functions.obj
 0001:0000e97f       _flcluefficiencies_        1001297f f   Functions.obj
 0001:0000ea10       _gm_globaldata_            10012a10 f   Global.obj
 0001:0000ea17       _gm_versioncontrol_        10012a17 f   Global.obj
 0001:0000ea1e       _gm_modelcontrol_          10012a1e f   Global.obj
 0001:0000ea25       _gm_exception_             10012a25 f   Global.obj
 0001:0000ea30       _int2charact_              10012a30 f   GlobalSubroutines.obj
 0001:0000ea73       _sdatetimebuild_           10012a73 f   GlobalSubroutines.obj
 0001:0000f13b       _openfiles_                1001313b f   GlobalSubroutines.obj
 0001:0000f4ab       _serrorcodes_              100134ab f   GlobalSubroutines.obj
 0001:0000f4f8       _daysintheyear_            100134f8 f   GlobalSubroutines.obj
 0001:0000f550       _scomparecontrol_          10013550 f   GlobalSubroutines.obj
 0001:0000f5c0       _seightypercentcap_        100135c0 f   GlobalSubroutines.obj
 0001:0000f64f       _seightypercentsrp_        1001364f f   GlobalSubroutines.obj
 0001:0000f6af       _seightypercent_           100136af f   GlobalSubroutines.obj
 0001:0000f861       _saggroundwater_           10013861 f   GlobalSubroutines.obj
 0001:000103e7       _sagsurfacewaterother_     100143e7 f   GlobalSubroutines.obj
 0001:00011359       _spopulationmask_          10015359 f   GlobalSubroutines.obj
 0001:00011525       _scapmaskcredits_          10015525 f   GlobalSubroutines.obj
 0001:0001159e       _sesrunningt_              1001559e f   GlobalSubroutines.obj
 0001:0001178c       _gpcd_eight_               1001578c f   GlobalSubroutines.obj
 0001:0001201a       _gpcd_                     1001601a f   GlobalSubroutines.obj
 0001:0001218c       _smasksrp_                 1001618c f   GlobalSubroutines.obj
 0001:0001240a       _smask_                    1001640a f   GlobalSubroutines.obj
 0001:000124f1       _smaskcap_                 100164f1 f   GlobalSubroutines.obj
 0001:0001291a       _smasksrog_                1001691a f   GlobalSubroutines.obj
 0001:00012a94       _smaskagriculture_         10016a94 f   GlobalSubroutines.obj
 0001:00012b3c       _snewmaskagriculture_      10016b3c f   GlobalSubroutines.obj
 0001:00012c0c       _agacerageandcredits_      10016c0c f   GlobalSubroutines.obj
 0001:00013392       _agacerageandcreditscap_   10017392 f   GlobalSubroutines.obj
 0001:0001362b       _sproviders_               1001762b f   GlobalSubroutines.obj
 0001:000138d5       _smodifynormalflow_        100178d5 f   GlobalSubroutines.obj
 0001:00013a40       _lms_gpcddemand_           10017a40 f   GPCDdemand.obj
 0001:00013a51       _lms_gpcddemand@_mysub_    10017a51 f   GPCDdemand.obj
 0001:00013e9f       _lms_gpcddemand@_fcalcindoor_ 10017e9f f   GPCDdemand.obj
 0001:00013fcf       _lms_gpcddemand@_fcalcoutdoor_ 10017fcf f   GPCDdemand.obj
 0001:000140d3       _gpcdfrommetrics_          100180d3 f   GPCDdemand.obj
 0001:00014100       _lm_groundwater_a_         10018100 f   Groundwater.obj
 0001:00014111       _lm_groundwater_a@_initgw_ 10018111 f   Groundwater.obj
 0001:00014139       _lm_groundwater_a@_openfiles_g_ 10018139 f   Groundwater.obj
 0001:000142a6       _lm_groundwater_a@_readfiles_g_ 100182a6 f   Groundwater.obj
 0001:0001458d       _lm_groundwater_a@_readparms_g_ 1001858d f   Groundwater.obj
 0001:00014609       _lm_groundwater_a@_initialstate_g_ 10018609 f   Groundwater.obj
 0001:00014635       _lms_groundwater_a_        10018635 f   Groundwater.obj
 0001:00014646       _lms_groundwater_a@_initstate_g_ 10018646 f   Groundwater.obj
 0001:0001466d       _lms_groundwater_a@_deltastate_g_ 1001866d f   Groundwater.obj
 0001:000148e6       _lms_groundwater_a@_outinitialg_ 100188e6 f   Groundwater.obj
 0001:00014912       _initializegwaterdata_     10018912 f   Groundwater.obj
 0001:00014926       _sinitialgroundwater_      10018926 f   Groundwater.obj
 0001:00014941       _pprovidergroundwater_     10018941 f   Groundwater.obj
 0001:000151e2       _pproviderdefaultgroundwater_ 100191e2 f   Groundwater.obj
 0001:00015321       _modflowgroundwater_       10019321 f   Groundwater.obj
 0001:000154a0       _lm_kernel_                100194a0 f   Kernel.obj
 0001:000154b1       _lm_kernel@_runoneyearkernel_ 100194b1 f   Kernel.obj
 0001:0001561b       _lm_kernel@_runmanyyearkernel_ 1001961b f   Kernel.obj
 0001:0001562f       _lm_kernel@_skernalcode_   1001962f f   Kernel.obj
 0001:000159ab       _lm_kernel@_upstreamk_     100199ab f   Kernel.obj
 0001:00015cf3       _lm_kernel@_datetime_      10019cf3 f   Kernel.obj
 0001:00015d49       _lm_kernel@_downstreamk_   10019d49 f   Kernel.obj
 0001:00015e6f       _lm_kernel@_int2char_      10019e6f f   Kernel.obj
 0001:00015eb5       _lm_kernel@_startupk_      10019eb5 f   Kernel.obj
 0001:00016ad8       _lm_kernel@_readfilescheckk_ 1001aad8 f   Kernel.obj
 0001:00016ca2       _lm_kernel@_teardownk_     1001aca2 f   Kernel.obj
 0001:00016dd6       _lm_kernel@_testing_       1001add6 f   Kernel.obj
 0001:00016dea       _lm_initialize_            1001adea f   Kernel.obj
 0001:00016dfb       _lm_initialize@_initk_     1001adfb f   Kernel.obj
 0001:00016e75       _lm_initialize@_global_    1001ae75 f   Kernel.obj
 0001:00016eb6       _daysintheyeark_           1001aeb6 f   Kernel.obj
 0001:00016f0e       _lm_start_                 1001af0e f   Kernel.obj
 0001:00016f1f       _lm_start@_openfilesk_     1001af1f f   Kernel.obj
 0001:00016f38       _lm_start@_errorcheckreadk_ 1001af38 f   Kernel.obj
 0001:00016f51       _lm_terminate_             1001af51 f   Kernel.obj
 0001:00016f62       _lm_terminate@_closefilesk_ 1001af62 f   Kernel.obj
 0001:00016f7b       _test_                     1001af7b f   Kernel.obj
 0001:00016f87       _outputpath_               1001af87 f   Kernel.obj
 0001:000170d0       _SetStringData_            1001b0d0 f   KernelInterface.obj
 0001:0001715f       _SetStringOutput_          1001b15f f   KernelInterface.obj
 0001:000171ee       _BuildNum_                 1001b1ee f   KernelInterface.obj
 0001:00017229       _BuildVer_                 1001b229 f   KernelInterface.obj
 0001:00017264       _BuildSubVer_              1001b264 f   KernelInterface.obj
 0001:0001729f       _TestMonth_                1001b29f f   KernelInterface.obj
 0001:000172da       _TestDay_                  1001b2da f   KernelInterface.obj
 0001:00017315       _TestYear_                 1001b315 f   KernelInterface.obj
 0001:00017350       _TestHour_                 1001b350 f   KernelInterface.obj
 0001:0001738b       _TestMin_                  1001b38b f   KernelInterface.obj
 0001:000173c6       _Init_                     1001b3c6 f   KernelInterface.obj
 0001:000173fa       _getStatus_                1001b3fa f   KernelInterface.obj
 0001:00017436       _RunOneYear_               1001b436 f   KernelInterface.obj
 0001:0001746a       _RunManyYears_             1001b46a f   KernelInterface.obj
 0001:0001749e       _OpenFiles_                1001b49e f   KernelInterface.obj
 0001:000174d2       _ReadFilesErr_             1001b4d2 f   KernelInterface.obj
 0001:00017506       _getReadFileError_         1001b506 f   KernelInterface.obj
 0001:00017546       _CloseFiles_               1001b546 f   KernelInterface.obj
 0001:0001757a       _getStartSimulation_       1001b57a f   KernelInterface.obj
 0001:000175b6       _setStartSimulation_       1001b5b6 f   KernelInterface.obj
 0001:000175f0       _getEndSimulation_         1001b5f0 f   KernelInterface.obj
 0001:0001762c       _setEndSimulation_         1001b62c f   KernelInterface.obj
 0001:00017666       _getWriteStatus_           1001b666 f   KernelInterface.obj
 0001:000176a6       _setWriteStatus_           1001b6a6 f   KernelInterface.obj
 0001:000176fa       _getWriteLog_              1001b6fa f   KernelInterface.obj
 0001:0001773a       _setWriteLog_              1001b73a f   KernelInterface.obj
 0001:0001778e       _getErrorCode_             1001b78e f   KernelInterface.obj
 0001:000177ce       _getAPIcode_               1001b7ce f   KernelInterface.obj
 0001:0001780e       _setAPIcode_               1001b80e f   KernelInterface.obj
 0001:0001784c       _setBaseYear_              1001b84c f   KernelInterface.obj
 0001:000178a1       _getClimateFactorEndYear_  1001b8a1 f   KernelInterface.obj
 0001:000178dd       _setClimateFactorEndYear_  1001b8dd f   KernelInterface.obj
 0001:00017932       _getModifyNormalFlow_      1001b932 f   KernelInterface.obj
 0001:00017a40       _setModifyNormalFlow_      1001ba40 f   KernelInterface.obj
 0001:00017ce1       _getSTVtrace_              1001bce1 f   KernelInterface.obj
 0001:00017d1d       _setSVTtrace_              1001bd1d f   KernelInterface.obj
 0001:00017d72       _getSVTHistData_           1001bd72 f   KernelInterface.obj
 0001:00017db9       _setSVTHistData_           1001bdb9 f   KernelInterface.obj
 0001:00017e0e       _getSVHistExtractionStartYear_ 1001be0e f   KernelInterface.obj
 0001:00017e4a       _setSVHistExtractionStartYear_ 1001be4a f   KernelInterface.obj
 0001:00017e84       _getSVClimateAdjustmentPercent_ 1001be84 f   KernelInterface.obj
 0001:00017eec       _setSVClimateAdjustmentPercent_ 1001beec f   KernelInterface.obj
 0001:00017f3b       _getSVUserAdjustmentStartYear_ 1001bf3b f   KernelInterface.obj
 0001:00017f77       _setSVUserAdjustmentStartYear_ 1001bf77 f   KernelInterface.obj
 0001:00017fcc       _getSVUserAdjustmentStopYear_ 1001bfcc f   KernelInterface.obj
 0001:00018008       _setSVUserAdjustmentStopYear_ 1001c008 f   KernelInterface.obj
 0001:00018042       _getSVUserAdjustmentPercent_ 1001c042 f   KernelInterface.obj
 0001:000180aa       _setSVUserAdjustmentPercent_ 1001c0aa f   KernelInterface.obj
 0001:000180f9       _setCOtrace_               1001c0f9 f   KernelInterface.obj
 0001:0001814e       _getCOHistData_            1001c14e f   KernelInterface.obj
 0001:0001818a       _setCOHistData_            1001c18a f   KernelInterface.obj
 0001:000181df       _getCOHistExtractionStartYear_ 1001c1df f   KernelInterface.obj
 0001:0001821b       _setCOHistExtractionStartYear_ 1001c21b f   KernelInterface.obj
 0001:00018270       _getCOClimateAdjustmentPercent_ 1001c270 f   KernelInterface.obj
 0001:000182dc       _setCOClimateAdjustmentPercent_ 1001c2dc f   KernelInterface.obj
 0001:0001832b       _getCOUserAdjustmentStartYear_ 1001c32b f   KernelInterface.obj
 0001:00018367       _setCOUserAdjustmentStartYear_ 1001c367 f   KernelInterface.obj
 0001:000183bc       _getCOUserAdjustmentStopYear_ 1001c3bc f   KernelInterface.obj
 0001:000183f8       _setCOUserAdjustmentStopYear_ 1001c3f8 f   KernelInterface.obj
 0001:00018432       _getCOUserAdjustmentPercent_ 1001c432 f   KernelInterface.obj
 0001:0001849a       _setCOUserAdjustmentPercent_ 1001c49a f   KernelInterface.obj
 0001:000184e9       _setWaterToCOdelta_        1001c4e9 f   KernelInterface.obj
 0001:0001853d       _setCODeltaBurden_         1001c53d f   KernelInterface.obj
 0001:00018593       _getRatioCOdeltaBurden_    1001c593 f   KernelInterface.obj
 0001:000185cf       _getAZshareCOdeltaWater_   1001c5cf f   KernelInterface.obj
 0001:0001860b       _getCAshareCOdeltaWater_   1001c60b f   KernelInterface.obj
 0001:00018647       _getNVshareCOdeltaWater_   1001c647 f   KernelInterface.obj
 0001:00018683       _getMXshareCOdeltaWater_   1001c683 f   KernelInterface.obj
 0001:000186bf       _getNaturalRechargeSwitch_ 1001c6bf f   KernelInterface.obj
 0001:000186fb       _setNaturalRechargeSwitch_ 1001c6fb f   KernelInterface.obj
 0001:00018735       _getSVDelivery_            1001c735 f   KernelInterface.obj
 0001:00018771       _getSVRiverFlow_           1001c771 f   KernelInterface.obj
 0001:000187ad       _getSVStorage_             1001c7ad f   KernelInterface.obj
 0001:000187e9       _getSVTspillage_           1001c7e9 f   KernelInterface.obj
 0001:00018825       _getVerdeFlow_             1001c825 f   KernelInterface.obj
 0001:00018861       _getVerdeStorage_          1001c861 f   KernelInterface.obj
 0001:0001889d       _getVerdeClassAused_acft_  1001c89d f   KernelInterface.obj
 0001:000188d9       _getverdeclassbcused_acft_ 1001c8d9 f   KernelInterface.obj
 0001:000188f2       _getSaltTontoFlow_         1001c8f2 f   KernelInterface.obj
 0001:0001892e       _getSaltTontoStorage_      1001c92e f   KernelInterface.obj
 0001:0001896a       _getOtherSaltStorage_      1001c96a f   KernelInterface.obj
 0001:000189a6       _getRooseveltStorage_      1001c9a6 f   KernelInterface.obj
 0001:000189e2       _getSaltTontoClassAused_acft_ 1001c9e2 f   KernelInterface.obj
 0001:00018a1e       _getSaltTontoClassBCused_acft_ 1001ca1e f   KernelInterface.obj
 0001:00018a5a       _getAZshareCO_             1001ca5a f   KernelInterface.obj
 0001:00018a96       _getCAP_                   1001ca96 f   KernelInterface.obj
 0001:00018ad2       _getPowellElevation_       1001cad2 f   KernelInterface.obj
 0001:00018b0e       _getMeadElevation_         1001cb0e f   KernelInterface.obj
 0001:00018b4a       _getUpperBasinDeliveries_  1001cb4a f   KernelInterface.obj
 0001:00018b86       _setUpperBasinDeliveriesIndex_ 1001cb86 f   KernelInterface.obj
 0001:00018be9       _getCODelivery_            1001cbe9 f   KernelInterface.obj
 0001:00018c25       _getCORiverFlow_           1001cc25 f   KernelInterface.obj
 0001:00018c61       _getCOStorage_             1001cc61 f   KernelInterface.obj
 0001:00018c9d       _getPowellStorage_         1001cc9d f   KernelInterface.obj
 0001:00018cd9       _getMeadStorage_           1001ccd9 f   KernelInterface.obj
 0001:00018d15       _setAgPumpingCurve_        1001cd15 f   KernelInterface.obj
 0001:00018d6a       _setAgCreditTransferPCT_   1001cd6a f   KernelInterface.obj
 0001:00018dbf       _setProviderAgCreditCurvePCT_ 1001cdbf f   KernelInterface.obj
 0001:0001904b       _getWaterFromAgPumping_    1001d04b f   KernelInterface.obj
 0001:00019130       _setWaterFromAgPumping_    1001d130 f   KernelInterface.obj
 0001:000193db       _setWaterToAgricultureAF_  1001d3db f   KernelInterface.obj
 0001:00019680       _getWaterToAgricultureAF_  1001d680 f   KernelInterface.obj
 0001:00019765       _getWaterFromAgPumpingMax_ 1001d765 f   KernelInterface.obj
 0001:0001984a       _getWaterFromAgSurface_    1001d84a f   KernelInterface.obj
 0001:00019950       _setWaterFromAgSurface_    1001d950 f   KernelInterface.obj
 0001:00019bf5       _getWaterFromAgSurfaceMax_ 1001dbf5 f   KernelInterface.obj
 0001:00019cfb       _getGrossAgricultureWaterAF_ 1001dcfb f   KernelInterface.obj
 0001:00019de0       _getNetAgricultureWaterAF_ 1001dde0 f   KernelInterface.obj
 0001:00019ec5       _getAgProductionPCT_       1001dec5 f   KernelInterface.obj
 0001:00019f01       _getAgCreditTransPCT_      1001df01 f   KernelInterface.obj
 0001:00019fe6       _getProviderMaxAgPumping_  1001dfe6 f   KernelInterface.obj
 0001:0001a0cb       _getProviderMaxAgSurface_  1001e0cb f   KernelInterface.obj
 0001:0001a1b0       _geteightyPctRule_         1001e1b0 f   KernelInterface.obj
 0001:0001a295       _getPopGrowthRateAdjustPct_ 1001e295 f   KernelInterface.obj
 0001:0001a3ac       _setPopGrowthRateAdjustPct_ 1001e3ac f   KernelInterface.obj
 0001:0001a64b       _getPopGrowthRateOnProjectPct_ 1001e64b f   KernelInterface.obj
 0001:0001a771       _setPopGrowthRateOnProjectPct_ 1001e771 f   KernelInterface.obj
 0001:0001aa10       _getPopGrowthRateOtherPct_ 1001ea10 f   KernelInterface.obj
 0001:0001ab36       _setPopGrowthRateOtherPct_ 1001eb36 f   KernelInterface.obj
 0001:0001add5       _PopulationOnProject_      1001edd5 f   KernelInterface.obj
 0001:0001aec3       _PopulationOther_          1001eec3 f   KernelInterface.obj
 0001:0001afb1       _getTotalDemands_          1001efb1 f   KernelInterface.obj
 0001:0001b096       _getPopulations_           1001f096 f   KernelInterface.obj
 0001:0001b17b       _getPopGrowthRate_         1001f17b f   KernelInterface.obj
 0001:0001b260       _setPopulationsOn_         1001f260 f   KernelInterface.obj
 0001:0001b505       _setPopulationsOther_      1001f505 f   KernelInterface.obj
 0001:0001b7aa       _getProviderDeliveriesUsed_ 1001f7aa f   KernelInterface.obj
 0001:0001b88f       _getCOAnnualDeliveries_    1001f88f f   KernelInterface.obj
 0001:0001b974       _getCAPMandI_              1001f974 f   KernelInterface.obj
 0001:0001b9b0       _getCOMaxDeliveries_       1001f9b0 f   KernelInterface.obj
 0001:0001ba95       _getSRPAnnualDeliveries_   1001fa95 f   KernelInterface.obj
 0001:0001bb7a       _getSVMaxDeliveriesSRP_    1001fb7a f   KernelInterface.obj
 0001:0001bc5f       _getSVClassADesignations_  1001fc5f f   KernelInterface.obj
 0001:0001bd44       _getSVClassBCDesignations_ 1001fd44 f   KernelInterface.obj
 0001:0001be29       _getSVClassBCmax_          1001fe29 f   KernelInterface.obj
 0001:0001bf0e       _getSVTclassBCstorage_     1001ff0e f   KernelInterface.obj
 0001:0001bff3       _getSVTclassBCstorageMax_  1001fff3 f   KernelInterface.obj
 0001:0001c0d8       _getSTClassAwaterUsed_     100200d8 f   KernelInterface.obj
 0001:0001c114       _getSaltTontoClassBCwaterUsed_ 10020114 f   KernelInterface.obj
 0001:0001c150       _getVerdeClassAwaterUsed_  10020150 f   KernelInterface.obj
 0001:0001c18c       _getVerdeClassBCwaterUsed_ 1002018c f   KernelInterface.obj
 0001:0001c1c8       _getProviderGWDesignations_ 100201c8 f   KernelInterface.obj
 0001:0001c2ad       _setProviderAnnualCredits_ 100202ad f   KernelInterface.obj
 0001:0001c544       _getProviderGWstored_      10020544 f   KernelInterface.obj
 0001:0001c637       _getProviderSWDesignations_ 10020637 f   KernelInterface.obj
 0001:0001c71c       _getAnnualProviderGroundW_ 1002071c f   KernelInterface.obj
 0001:0001c80a       _setProviderGroundWater_   1002080a f   KernelInterface.obj
 0001:0001ca94       _getProviderGWPumpageMuni_ 10020a94 f   KernelInterface.obj
 0001:0001cb79       _getProviderGWPumpageSRP_  10020b79 f   KernelInterface.obj
 0001:0001cc5e       _getProviderGWRecharge_    10020c5e f   KernelInterface.obj
 0001:0001cd43       _setAlterGPCDPct_          10020d43 f   KernelInterface.obj
 0001:0001cd87       _getProviderAlterGPCDPct_  10020d87 f   KernelInterface.obj
 0001:0001ce75       _setProviderAlterGPCDPct_  10020e75 f   KernelInterface.obj
 0001:0001d0ed       _setProviderMinGPCD_       100210ed f   KernelInterface.obj
 0001:0001d2c5       _getProviderMinGPCD_       100212c5 f   KernelInterface.obj
 0001:0001d3b3       _setDemandOption_          100213b3 f   KernelInterface.obj
 0001:0001d3ed       _getDemandOption_          100213ed f   KernelInterface.obj
 0001:0001d429       _getWaterBankingOption_    10021429 f   KernelInterface.obj
 0001:0001d50e       _setWaterBankingOption_    1002150e f   KernelInterface.obj
 0001:0001d798       _setDemandPercent_         10021798 f   KernelInterface.obj
 0001:0001d7dd       _getDemandPercent_         100217dd f   KernelInterface.obj
 0001:0001d819       _getDemandMultiplier_      10021819 f   KernelInterface.obj
 0001:0001d876       _getOnProjectDemand_       10021876 f   KernelInterface.obj
 0001:0001d95b       _getOffProjectDemand_      1002195b f   KernelInterface.obj
 0001:0001da40       _getTimeLagVadoseYears_    10021a40 f   KernelInterface.obj
 0001:0001db2e       _setTimeLagVadoseYears_    10021b2e f   KernelInterface.obj
 0001:0001ddb9       _getParmReclaimedToVadosePct_ 10021db9 f   KernelInterface.obj
 0001:0001dedf       _setParmReclaimedToVadosePct_ 10021edf f   KernelInterface.obj
 0001:0001e17e       _getParmReclaimedToDirectInjPct_ 1002217e f   KernelInterface.obj
 0001:0001e2a4       _setParmReclaimedToDirectInjPct_ 100222a4 f   KernelInterface.obj
 0001:0001e543       _getParmReclaimedToOutputPct_ 10022543 f   KernelInterface.obj
 0001:0001e669       _setParmReclaimedToOutputPct_ 10022669 f   KernelInterface.obj
 0001:0001e917       _getParmReclaimedToInputPct_ 10022917 f   KernelInterface.obj
 0001:0001ea3d       _setParmReclaimedToInputPct_ 10022a3d f   KernelInterface.obj
 0001:0001eceb       _getReclaimedOutdoorUse_   10022ceb f   KernelInterface.obj
 0001:0001ee11       _setReclaimedOutdoorUse_   10022e11 f   KernelInterface.obj
 0001:0001f0bf       _getParmRWWToROPct_        100230bf f   KernelInterface.obj
 0001:0001f1e5       _setParmRWWToROPct_        100231e5 f   KernelInterface.obj
 0001:0001f484       _getParmROToOutputPct_     10023484 f   KernelInterface.obj
 0001:0001f5aa       _setParmROToOutputPct_     100235aa f   KernelInterface.obj
 0001:0001f858       _getParmOutDoorResPct_     10023858 f   KernelInterface.obj
 0001:0001f97e       _setParmOutDoorResPct_     1002397e f   KernelInterface.obj
 0001:0001fc2c       _getParmOutDoorComPct_     10023c2c f   KernelInterface.obj
 0001:0001fd52       _setParmOutDoorComPct_     10023d52 f   KernelInterface.obj
 0001:00020000       _getParmOutDoorIndPct_     10024000 f   KernelInterface.obj
 0001:00020126       _setParmOutDoorIndPct_     10024126 f   KernelInterface.obj
 0001:000203d4       _getParmWStoResPct_        100243d4 f   KernelInterface.obj
 0001:000204fa       _setParmWStoResPct_        100244fa f   KernelInterface.obj
 0001:000207a8       _getParmWStoComPct_        100247a8 f   KernelInterface.obj
 0001:000208ce       _setParmWStoComPct_        100248ce f   KernelInterface.obj
 0001:00020b7c       _getParmWStoIndPct_        10024b7c f   KernelInterface.obj
 0001:00020ca2       _setParmWStoIndPct_        10024ca2 f   KernelInterface.obj
 0001:00020f50       _getParmWWtoRWWTPPct_      10024f50 f   KernelInterface.obj
 0001:00021076       _setParmWWtoRWWTPPct_      10025076 f   KernelInterface.obj
 0001:00021315       _getParmWWtoEffluentPct_   10025315 f   KernelInterface.obj
 0001:0002143b       _setParmWWtoEffluentPct_   1002543b f   KernelInterface.obj
 0001:000216e9       _getParmSWtoWBankPct_      100256e9 f   KernelInterface.obj
 0001:0002180f       _setParmSWtoWBankPct_      1002580f f   KernelInterface.obj
 0001:00021aae       _getParmSWtoWBankAmt_      10025aae f   KernelInterface.obj
 0001:00021bc0       _setParmSWtoWBankAmt_      10025bc0 f   KernelInterface.obj
 0001:00021e62       _getParmSWtoVadoseAmt_     10025e62 f   KernelInterface.obj
 0001:00021f74       _setParmSWtoVadoseAmt_     10025f74 f   KernelInterface.obj
 0001:00022216       _getParmWStoDIAmt_         10026216 f   KernelInterface.obj
 0001:00022328       _setParmWStoDIAmt_         10026328 f   KernelInterface.obj
 0001:000225ca       _getParmEffluentToPPlantPct_ 100265ca f   KernelInterface.obj
 0001:000226f0       _setParmEffluentToPPlantPct_ 100266f0 f   KernelInterface.obj
 0001:0002298f       _getParmEffluenttoVadosePct_ 1002698f f   KernelInterface.obj
 0001:00022ab5       _setParmEffluenttoVadosePct_ 10026ab5 f   KernelInterface.obj
 0001:00022d54       _getParmGWtoGWTPPct_       10026d54 f   KernelInterface.obj
 0001:00022e7a       _setParmGWtoGWTPPct_       10026e7a f   KernelInterface.obj
 0001:00023119       _setParmIncludeMeteo_      10027119 f   KernelInterface.obj
 0001:0002316d       _getGrayWaterResidential_  1002716d f   KernelInterface.obj
 0001:00023275       _getGrayWaterCommercial_   10027275 f   KernelInterface.obj
 0001:0002337d       _getGrayWaterIndustrial_   1002737d f   KernelInterface.obj
 0001:00023485       _getGWbankedUsed_          10027485 f   KernelInterface.obj
 0001:00023573       _getGWbanked_              10027573 f   KernelInterface.obj
 0001:00023661       _getReclaimedWaterTotal_   10027661 f   KernelInterface.obj
 0001:0002374f       _getReclaimedWaterOut_     1002774f f   KernelInterface.obj
 0001:0002383d       _getReclaimedWaterUsed_    1002783d f   KernelInterface.obj
 0001:0002392b       _getReclaimedWaterToVadose_ 1002792b f   KernelInterface.obj
 0001:00023a19       _getReclaimedWaterDischarged_ 10027a19 f   KernelInterface.obj
 0001:00023b07       _getReclaimedWaterDInject_ 10027b07 f   KernelInterface.obj
 0001:00023bf5       _getROReclaimedWaterOut_   10027bf5 f   KernelInterface.obj
 0001:00023ce3       _getROReclaimedWaterUsed_  10027ce3 f   KernelInterface.obj
 0001:00023dd1       _getROReclaimedWaterDI_    10027dd1 f   KernelInterface.obj
 0001:00023ebf       _getEffluentCreated_       10027ebf f   KernelInterface.obj
 0001:00023fad       _getTWWTPCreated_          10027fad f   KernelInterface.obj
 0001:0002409b       _getEffluentToPowerPlant_  1002809b f   KernelInterface.obj
 0001:00024189       _getEffluentToVadose_      10028189 f   KernelInterface.obj
 0001:00024277       _getEffluentToDischarge_   10028277 f   KernelInterface.obj
 0001:00024365       _getEffluentToAg_          10028365 f   KernelInterface.obj
 0001:000243a1       _getNonPotableOutdoorUse_  100283a1 f   KernelInterface.obj
 0001:000243f0       _getFlushesPCD_            100283f0 f   KernelInterface.obj
 0001:00024516       _getParmBlackWaterPct_     10028516 f   KernelInterface.obj
 0001:00024624       _setParmBlackWaterPct_     10028624 f   KernelInterface.obj
 0001:000248d2       _getShowerBathPCD_         100288d2 f   KernelInterface.obj
 0001:000249e4       _setShowerBathPCT_         100289e4 f   KernelInterface.obj
 0001:00024a47       _getDemandDeficit_         10028a47 f   KernelInterface.obj
 0001:00024b35       _setParmAllStraws_         10028b35 f   KernelInterface.obj
 0001:00024b73       _getNewWaterSupplies_      10028b73 f   KernelInterface.obj
 0001:00024c58       _setNewWaterSupplies_      10028c58 f   KernelInterface.obj
 0001:00024efd       _getNewWaterSuppliesUsed_  10028efd f   KernelInterface.obj
 0001:00024fe2       _getCreditDeficits_        10028fe2 f   KernelInterface.obj
 0001:000250eb       _getTotalCredits_          100290eb f   KernelInterface.obj
 0001:000251d9       _getIncidentalCredits_     100291d9 f   KernelInterface.obj
 0001:000252c7       _getAgToMuniAddedCredits_  100292c7 f   KernelInterface.obj
 0001:000253b5       _getTotalAddedCredits_     100293b5 f   KernelInterface.obj
 0001:000254a3       _getNormalFlowEmpiricalMax_ 100294a3 f   KernelInterface.obj
 0001:00025591       _setNormalFlowEmpiricalMax_ 10029591 f   KernelInterface.obj
 0001:00025824       _getRegionalGroundwater_   10029824 f   KernelInterface.obj
 0001:00025873       _getAgAndOtherPumping_     10029873 f   KernelInterface.obj
 0001:000258c2       _getRegionalInflow_        100298c2 f   KernelInterface.obj
 0001:00025911       _getRegionalOutflow_       10029911 f   KernelInterface.obj
 0001:00025960       _getRegionalRecharge_      10029960 f   KernelInterface.obj
 0001:000259af       _getNaturalRecharge_       100299af f   KernelInterface.obj
 0001:000259fe       _getfluxVadoseToAquifer_   100299fe f   KernelInterface.obj
 0001:00025aec       _getAgToVadoseFlux_        10029aec f   KernelInterface.obj
 0001:00025b3b       _getCAGRD_                 10029b3b f   KernelInterface.obj
 0001:00025b77       _setCAGRD_                 10029b77 f   KernelInterface.obj
 0001:00025bcb       _set_parmVinze_Johnston_   10029bcb f   KernelInterface.obj
 0001:00025c1c       _getProviderGPCD_          10029c1c f   KernelInterface.obj
 0001:00025d01       _setProviderGPCD_          10029d01 f   KernelInterface.obj
 0001:00025fa6       _getProviderGPCDraw_       10029fa6 f   KernelInterface.obj
 0001:00026094       _getProviderGPCDres_       1002a094 f   KernelInterface.obj
 0001:00026182       _getProviderGPCDind_       1002a182 f   KernelInterface.obj
 0001:00026270       _setWaterCommercialTurf_   1002a270 f   KernelInterface.obj
 0001:000262d9       _getGPCDResBehavior_       1002a2d9 f   KernelInterface.obj
 0001:000265d0       _setGPCDResBehavior_       1002a5d0 f   KernelInterface.obj
 0001:000268d1       _get_APIinterFaceStatus_   1002a8d1 f   KernelInterface.obj
 0001:00026911       _set_APIinterFaceStatus_   1002a911 f   KernelInterface.obj
 0001:00026965       _setProviderFlowToCOdelta_AF_ 1002a965 f   KernelInterface.obj
 0001:00026bef       _getProviderCOdelataRatioAZ_ 1002abef f   KernelInterface.obj
 0001:00026cd4       _setDefaultPumpingMandIPct_ 1002acd4 f   KernelInterface.obj
 0001:00026f5e       _getDefaultPumpingMandIPct_ 1002af5e f   KernelInterface.obj
 0001:00027043       _getCAPlossPotentialPriority4_AF_ 1002b043 f   KernelInterface.obj
 0001:00027128       _getCAPlossPotentialPiority5_AF_ 1002b128 f   KernelInterface.obj
 0001:0002720d       _getCAPpriority4NotUsed_AF_ 1002b20d f   KernelInterface.obj
 0001:000272f2       _getCAPpriority5NotUsed_AF_ 1002b2f2 f   KernelInterface.obj
 0001:000273d7       _setParmGrayWater_         1002b3d7 f   KernelInterface.obj
 0001:0002742b       _setParmGrayWaterCompliance_ 1002b42b f   KernelInterface.obj
 0001:0002747a       _setParmYearsToAdopt_      1002b47a f   KernelInterface.obj
 0001:000274c1       _setParmRainWaterHarvesting_ 1002b4c1 f   KernelInterface.obj
 0001:0002750c       _setParmRainWaterHarvestResOnly_ 1002b50c f   KernelInterface.obj
 0001:00027557       _setParmRainWaterHarvestComOnly_ 1002b557 f   KernelInterface.obj
 0001:000275a2       _setParmStormWaterHarvesting_ 1002b5a2 f   KernelInterface.obj
 0001:000275ed       _setStormWaterCapacity_m3_ 1002b5ed f   KernelInterface.obj
 0001:00027877       _getStormWaterCapacity_m3_ 1002b877 f   KernelInterface.obj
 0001:0002795c       _setParmIwaniecPPtoAgEffluent_ 1002b95c f   KernelInterface.obj
 0001:000279a7       _setParmIwaniecLeaks_      1002b9a7 f   KernelInterface.obj
 0001:000279f2       _getGPCD_resGrayWater_     1002b9f2 f   KernelInterface.obj
 0001:00027ad7       _getGPCD_comGrayWater_     1002bad7 f   KernelInterface.obj
 0001:00027bbc       _getGPCD_indGrayWater_     1002bbbc f   KernelInterface.obj
 0001:00027ca1       _setparmIwaniecScenarios_  1002bca1 f   KernelInterface.obj
 0001:00027cd9       _setScenario_              1002bcd9 f   KernelInterface.obj
 0001:00027d11       _getScenario_              1002bd11 f   KernelInterface.obj
 0001:00027d49       _get_harvestedStormWater_  1002bd49 f   KernelInterface.obj
 0001:00027e2e       _setAgEfficiency_          1002be2e f   KernelInterface.obj
 0001:00027e66       _getAgPumpingTotal_        1002be66 f   KernelInterface.obj
 0001:00027f42       _getAgSurfaceTotal_        1002bf42 f   KernelInterface.obj
 0001:0002801e       _get_effluentUsedAg_       1002c01e f   KernelInterface.obj
 0001:000280fa       _getUseLCLU_               1002c0fa f   KernelInterface.obj
 0001:00028134       _setUseLCLU_               1002c134 f   KernelInterface.obj
 0001:0002816c       _getRainWaterHarvested_    1002c16c f   KernelInterface.obj
 0001:00028248       _getRainWaterHarvested_SF_ 1002c248 f   KernelInterface.obj
 0001:00028324       _getRainWaterHarvested_MF_ 1002c324 f   KernelInterface.obj
 0001:00028400       _getRainWaterHarvested_PU_ 1002c400 f   KernelInterface.obj
 0001:000284dc       _getRainWaterHarvested_COM_ 1002c4dc f   KernelInterface.obj
 0001:000285b8       _getRainHarvestToTotalOutdoor_ 1002c5b8 f   KernelInterface.obj
 0001:0002869d       _getGrayWaterToTotalOutdoor_ 1002c69d f   KernelInterface.obj
 0001:00028782       _getReclaimedToTotalOutdoor_ 1002c782 f   KernelInterface.obj
 0001:00028867       _getAnnualDemand_MD_AF_    1002c867 f   KernelInterface.obj
 0001:0002894c       _getAnnualDemand_HD_AF_    1002c94c f   KernelInterface.obj
 0001:00028a31       _getAnnualDemand_LD_AF_    1002ca31 f   KernelInterface.obj
 0001:00028b16       _getAnnualDemand_Turf_AF_  1002cb16 f   KernelInterface.obj
 0001:00028bfb       _getAnnualDemand_GWay_AF_  1002cbfb f   KernelInterface.obj
 0001:00028ce0       _getAnnualDemand_Tree_AF_  1002cce0 f   KernelInterface.obj
 0001:00028dc5       _getNonpotableTotalUsed_AF_ 1002cdc5 f   KernelInterface.obj
 0001:00028ea1       _getResOutdoorGPCD_PU_     1002cea1 f   KernelInterface.obj
 0001:00028f7d       _getResIndoorGPCD_PU_      1002cf7d f   KernelInterface.obj
 0001:00029059       _getResOutdoorGPCD_MD_     1002d059 f   KernelInterface.obj
 0001:00029135       _getResIndoorGPCD_MD_      1002d135 f   KernelInterface.obj
 0001:00029211       _getResOutdoorGPCD_HD_     1002d211 f   KernelInterface.obj
 0001:000292ed       _getResIndoorGPCD_HD_      1002d2ed f   KernelInterface.obj
 0001:000293c9       _setRainFallFactor_        1002d3c9 f   KernelInterface.obj
 0001:00029401       _getResIndoorUse_          1002d401 f   KernelInterface.obj
 0001:0002943c       _getResOutdoorUse_         1002d43c f   KernelInterface.obj
 0001:00029477       _getAgRetirementPct_       1002d477 f   KernelInterface.obj
 0001:000294b2       _setAgRetirementPct_       1002d4b2 f   KernelInterface.obj
 0001:000294f0       _lm_lulc_                  1002d4f0 f   LandUseLandCover.obj
 0001:00029501       _lm_lulc@_initlulc_        1002d501 f   LandUseLandCover.obj
 0001:0002951f       _lm_lulc@_openfiles_lu_    1002d51f f   LandUseLandCover.obj
 0001:000296ab       _lm_lulc@_readfiles_lu_    1002d6ab f   LandUseLandCover.obj
 0001:00029814       _lms_lulc_                 1002d814 f   LandUseLandCover.obj
 0001:00029825       _lms_lulc@_providerrcn_    1002d825 f   LandUseLandCover.obj
 0001:000299cd       _lms_lulc@_slcluarea_      1002d9cd f   LandUseLandCover.obj
 0001:00029a15       _lms_lulc@_sproportionallandcover_ 1002da15 f   LandUseLandCover.obj
 0001:00029c31       _lms_lulc@_slanduselandcoverarea_ 1002dc31 f   LandUseLandCover.obj
 0001:00029df9       _lms_lulc@_ssetwaterusebylclu_ 1002ddf9 f   LandUseLandCover.obj
 0001:00029fb1       _lms_lulc@_sgetwaterusebylclu_ 1002dfb1 f   LandUseLandCover.obj
 0001:0002a0eb       _lms_lulc@_sgetrawefficiencies_ 1002e0eb f   LandUseLandCover.obj
 0001:0002a151       _lms_lulc@_sgetweighting_  1002e151 f   LandUseLandCover.obj
 0001:0002a30a       _lms_lulc@_smultiplymatricies_ 1002e30a f   LandUseLandCover.obj
 0001:0002a472       _lms_lulc@_getlclupct_     1002e472 f   LandUseLandCover.obj
 0001:0002a5e9       _lms_lulc@_setlinearlclu_  1002e5e9 f   LandUseLandCover.obj
 0001:0002a71b       _lms_lulc@_getlinearlclu_  1002e71b f   LandUseLandCover.obj
 0001:0002a81c       _lms_lulc@_logisticlclu_   1002e81c f   LandUseLandCover.obj
 0001:0002aa63       _lms_lulc@_hyperbollclu_   1002ea63 f   LandUseLandCover.obj
 0001:0002acaa       _lms_lulc@_sdefaultlandcover_ 1002ecaa f   LandUseLandCover.obj
 0001:0002ad3f       _initializelulc_           1002ed3f f   LandUseLandCover.obj
 0001:0002ad53       _sdefaultrcn_              1002ed53 f   LandUseLandCover.obj
 0001:0002aea7       _sproviderrcn_             1002eea7 f   LandUseLandCover.obj
 0001:0002aeca       _ssetlcludemand_           1002eeca f   LandUseLandCover.obj
 0001:0002aee9       _sgetlcludemand_           1002eee9 f   LandUseLandCover.obj
 0001:0002af08       _srunlcluarea_             1002ef08 f   LandUseLandCover.obj
 0001:0002af27       _srunlclu_                 1002ef27 f   LandUseLandCover.obj
 0001:0002af70       _lm_meteorology_           1002ef70 f   Meteorology.obj
 0001:0002af81       _lm_meteorology@_initmeteo_ 1002ef81 f   Meteorology.obj
 0001:0002afc5       _lm_meteorology@_openfiles_met_ 1002efc5 f   Meteorology.obj
 0001:0002b114       _lm_meteorology@_readfiles_met_ 1002f114 f   Meteorology.obj
 0001:0002bf16       _initializemeteo_          1002ff16 f   Meteorology.obj
 0001:0002bf30       _lm_parametercontrol_      1002ff30 f   Parameter_control.obj
 0001:0002bf41       _lm_parametercontrol@_initparmcontrol_ 1002ff41 f   Parameter_control.obj
 0001:0002bf5f       _lm_parametercontrol@_openfiles_pc_ 1002ff5f f   Parameter_control.obj
 0001:0002c09c       _lm_parametercontrol@_readfiles_pc_ 1003009c f   Parameter_control.obj
 0001:0002c232       _lm_parametercontrol@_initarrays_ 10030232 f   Parameter_control.obj
 0001:0002c60b       _lm_parametercontrol@_initparameters_ 1003060b f   Parameter_control.obj
 0001:0002c6c8       _lm_parametercontrol@_initbaseparms_ 100306c8 f   Parameter_control.obj
 0001:0002c7c2       _lm_parametercontrol@_initglobal_ 100307c2 f   Parameter_control.obj
 0001:0002c989       _lm_parametercontrol@_initco_ 10030989 f   Parameter_control.obj
 0001:0002ca14       _lm_parametercontrol@_initsvt_ 10030a14 f   Parameter_control.obj
 0001:0002ce6b       _lm_parametercontrol@_initpopanddemand_ 10030e6b f   Parameter_control.obj
 0001:0002d380       _lm_parametercontrol@_initcity_ 10031380 f   Parameter_control.obj
 0001:0002e061       _lm_parametercontrol@_initgeneral_ 10032061 f   Parameter_control.obj
 0001:0002e3f4       _lm_parametercontrol@_initgwater_ 100323f4 f   Parameter_control.obj
 0001:0002e58b       _lm_parametercontrol@_initgeneric_ 1003258b f   Parameter_control.obj
 0001:0002e952       _lm_parametercontrol@_initnew_ 10032952 f   Parameter_control.obj
 0001:0002ee54       _lms_parametercontrol_     10032e54 f   Parameter_control.obj
 0001:0002ee65       _lms_parametercontrol@_modifydesignations_ 10032e65 f   Parameter_control.obj
 0001:0002f021       _initializemodel_          10033021 f   Parameter_control.obj
 0001:0002f03f       _pcityparametercontrol_a_  1003303f f   Parameter_control.obj
 0001:0002f9df       _invokedefault_            100339df f   Parameter_control.obj
 0001:0002fbf9       _checkdefault_             10033bf9 f   Parameter_control.obj
 0001:0002ffac       _sparametercontrol_tstep_  10033fac f   Parameter_control.obj
 0001:0003008b       _clearinclude_             1003408b f   Parameter_control.obj
 0001:000300a7       _sinputscity_              100340a7 f   Parameter_control.obj
 0001:000305f0       _MAIN__                    100345f0 f   Program.obj
 0001:0003068c       _parminitialization_       1003468c f   Program.obj
 0001:000306f0       _lms_provider_             100346f0 f   Provider.obj
 0001:00030701       _lms_provider@_writetodisk__ 10034701 f   Provider.obj
 0001:0003075f       _lms_provider@_sprovider_  1003475f f   Provider.obj
 0001:00030998       _lms_provider@_ademandsupply_ 10034998 f   Provider.obj
 0001:00032e67       _lms_provider@_waterbanking_ 10036e67 f   Provider.obj
 0001:000330d8       _lms_provider@_clearvariables_ 100370d8 f   Provider.obj
 0001:000331b2       _lms_provider@_sendtocitymodelnewvar_ 100371b2 f   Provider.obj
 0001:000340be       _lms_provider@_adifference_ 100380be f   Provider.obj
 0001:000343ec       _nexchangevariables_       100383ec f   Provider.obj
 0001:000344e5       _pwaterproviders_          100384e5 f   Provider.obj
 0001:000345a0       _lm_providerpopulation_    100385a0 f   ProviderPopulationandDemand.obj
 0001:000345b1       _lm_providerpopulation@_initpop_ 100385b1 f   ProviderPopulationandDemand.obj
 0001:000345d4       _lm_providerpopulation@_openfiles_pop_ 100385d4 f   ProviderPopulationandDemand.obj
 0001:000347fe       _lm_providerpopulation@_readfiles_pop_ 100387fe f   ProviderPopulationandDemand.obj
 0001:00034e0d       _lm_providerpopulation@_initialize_ 10038e0d f   ProviderPopulationandDemand.obj
 0001:00034ed7       _lms_providerpopanddemand_ 10038ed7 f   ProviderPopulationandDemand.obj
 0001:00034ee8       _lms_providerpopanddemand@_calcdemand_ 10038ee8 f   ProviderPopulationandDemand.obj
 0001:000372a2       _lms_providerpopanddemand@_lulcdemand_ 1003b2a2 f   ProviderPopulationandDemand.obj
 0001:000372c6       _lms_providerpopanddemand@_foutdooruse_ 1003b2c6 f   ProviderPopulationandDemand.obj
 0001:0003736e       _lms_providerpopanddemand@_primegpcd_ 1003b36e f   ProviderPopulationandDemand.obj
 0001:00037913       _lms_providerpopanddemand@_readnewgpcd_ 1003b913 f   ProviderPopulationandDemand.obj
 0001:000379c3       _lms_providerpopanddemand@_gpcdses_ 1003b9c3 f   ProviderPopulationandDemand.obj
 0001:00038065       _lms_providerpopanddemand@_calculatealpha_ 1003c065 f   ProviderPopulationandDemand.obj
 0001:000381b0       _lms_providerpopanddemand@_gpcd_target_ 1003c1b0 f   ProviderPopulationandDemand.obj
 0001:000381e8       _lms_providerpopanddemand@_sholttarget_ 1003c1e8 f   ProviderPopulationandDemand.obj
 0001:0003845b       _lms_providerpopanddemand@_fholt_ 1003c45b f   ProviderPopulationandDemand.obj
 0001:0003855c       _lms_providerpopanddemand@_fminmaxalpha_ 1003c55c f   ProviderPopulationandDemand.obj
 0001:000385ba       _lms_providerpopanddemand@_fminmaxbeta_ 1003c5ba f   ProviderPopulationandDemand.obj
 0001:00038617       _lms_providerpopanddemand@_sfindalphabetastart_ 1003c617 f   ProviderPopulationandDemand.obj
 0001:00038869       _lms_providerpopanddemand@_slinearregression_ 1003c869 f   ProviderPopulationandDemand.obj
 0001:00038a25       _lms_providerpopanddemand@_sfindbetagamma_ 1003ca25 f   ProviderPopulationandDemand.obj
 0001:00038d46       _lms_providerpopanddemand@_ssetgpcd_ 1003cd46 f   ProviderPopulationandDemand.obj
 0001:00038df6       _initializepopanddemand_   1003cdf6 f   ProviderPopulationandDemand.obj
 0001:00038e0a       _readgpcdglobal_           1003ce0a f   ProviderPopulationandDemand.obj
 0001:00038e29       _readprovidergpcd_         1003ce29 f   ProviderPopulationandDemand.obj
 0001:00038e48       _foutdoorestimate_         1003ce48 f   ProviderPopulationandDemand.obj
 0001:00038f03       _fgpcdmethodvalues_        1003cf03 f   ProviderPopulationandDemand.obj
 0001:00038f7b       _punmetdemand_             1003cf7b f   ProviderPopulationandDemand.obj
 0001:0003914b       _pdemand_                  1003d14b f   ProviderPopulationandDemand.obj
 0001:000394bf       _pglobaldemand_            1003d4bf f   ProviderPopulationandDemand.obj
 0001:000395b7       _scleardemand_             1003d5b7 f   ProviderPopulationandDemand.obj
 0001:000396cf       _providerarea2012_         1003d6cf f   ProviderPopulationandDemand.obj
 0001:00039758       _providerareaag_2012_      1003d758 f   ProviderPopulationandDemand.obj
 0001:000398a0       _typefiveexpsrp_           1003d8a0 f   Regressions.obj
 0001:00039b83       _typefiveexp_              1003db83 f   Regressions.obj
 0001:00039ea8       _typefiveexpres_           1003dea8 f   Regressions.obj
 0001:0003a4fd       _typefiveexpcio_           1003e4fd f   Regressions.obj
 0001:0003ab36       _normal_                   1003eb36 f   Regressions.obj
 0001:0003b1b8       _zdistribution_            1003f1b8 f   Regressions.obj
 0001:0003b265       _donormal_                 1003f265 f   Regressions.obj
 0001:0003b3a5       _demandnormal_             1003f3a5 f   Regressions.obj
 0001:0003b47f       _nmodifier_                1003f47f f   Regressions.obj
 0001:0003b891       _catchexception_           1003f891 f   Regressions.obj
 0001:0003bae1       _catchminexception_        1003fae1 f   Regressions.obj
 0001:0003bb88       _gm_euler_                 1003fb88 f   Regressions.obj
 0001:0003bb99       _gm_euler@_seuler_         1003fb99 f   Regressions.obj
 0001:0003bd60       _f_                        1003fd60 f   Regressions.obj
 0001:0003bd8a       _ptypefiveexp_             1003fd8a f   Regressions.obj
 0001:0003be3e       _gaussian_                 1003fe3e f   Regressions.obj
 0001:0003bf34       _gaussianprime_            1003ff34 f   Regressions.obj
 0001:0003c080       _lms_srpnewrelease_        10040080 f   SRPnewRelease.obj
 0001:0003c091       _lms_srpnewrelease@_initialize_ 10040091 f   SRPnewRelease.obj
 0001:0003c1b4       _lms_srpnewrelease@_nrelease_ 100401b4 f   SRPnewRelease.obj
 0001:0003c3ae       _lms_srpnewrelease@_areleaseout_ 100403ae f   SRPnewRelease.obj
 0001:0003c40b       _lms_srpnewrelease@_updatestate_ 1004040b f   SRPnewRelease.obj
 0001:0003c54a       _lms_srpnewrelease@_outputstointerface_ 1004054a f   SRPnewRelease.obj
 0001:0003c5e0       _psrpnewrelease_           100405e0 f   SRPnewRelease.obj
 0001:0003c6d0       _lms_srpwateroperations_   100406d0 f   SRPwaterOperations.obj
 0001:0003c6e1       _lms_srpwateroperations@_classa_ 100406e1 f   SRPwaterOperations.obj
 0001:0003c917       _lms_srpwateroperations@_ncs_ 10040917 f   SRPwaterOperations.obj
 0001:0003cda3       _psrp_newclassa_           10040da3 f   SRPwaterOperations.obj
 0001:0003cfa3       _psrp_newclassbc_          10040fa3 f   SRPwaterOperations.obj
 0001:0003d733       _psrp_newncs_              10041733 f   SRPwaterOperations.obj
 0001:0003d8c0       _sstrings_                 100418c0 f   Strings.obj
 0001:0003df5c       _soncethrough_             10041f5c f   Strings.obj
 0001:0003e308       _swrite_                   10042308 f   Strings.obj
 0001:0003e376       _ewrite_                   10042376 f   Strings.obj
 0001:0003e400       _gm_typecontrol_           10042400 f   TypeConstructs.obj
 0001:0003e410       _lms_watershed_            10042410 f   WaterShed.obj
 0001:0003e421       _lms_watershed@_initgroundwater_ 10042421 f   WaterShed.obj
 0001:0003e489       _lms_watershed@_initgw_    10042489 f   WaterShed.obj
 0001:0003e55e       _pinitgroundwater_         1004255e f   WaterShed.obj
 0001:0003e5f4       _flows_                    100425f4 f   WaterShed.obj
 0001:0003e641       _sflowforenvironment_      10042641 f   WaterShed.obj
 0001:0003ead7       _sflowssalttontoverde_     10042ad7 f   WaterShed.obj
 0001:0003eb2d       _pdesignate_               10042b2d f   WaterShed.obj
 0001:0003ecd0       _lm_river_ba_              10042cd0 f   WaterShed_CO.obj
 0001:0003ece1       _lm_river_ba@_initwsb_     10042ce1 f   WaterShed_CO.obj
 0001:0003ed09       _lm_river_ba@_openfiles_b_ 10042d09 f   WaterShed_CO.obj
 0001:0003f0b6       _lm_river_ba@_readfiles_b_ 100430b6 f   WaterShed_CO.obj
 0001:0003f8ec       _lm_river_ba@_readparms_b_ 100438ec f   WaterShed_CO.obj
 0001:0003f9f2       _lm_river_ba@_initialstate_b_ 100439f2 f   WaterShed_CO.obj
 0001:0003fae6       _lms_river_ba_             10043ae6 f   WaterShed_CO.obj
 0001:0003faf7       _lms_river_ba@_initial_co_ 10043af7 f   WaterShed_CO.obj
 0001:0003fc25       _lms_river_ba@_aflow_b_    10043c25 f   WaterShed_CO.obj
 0001:00040795       _lms_river_ba@_amodifyflow_ba_ 10044795 f   WaterShed_CO.obj
 0001:00040c55       _lms_river_ba@_amodifyflow_bb_ 10044c55 f   WaterShed_CO.obj
 0001:00040dd3       _lms_river_ba@_amodifyflow_bc_ 10044dd3 f   WaterShed_CO.obj
 0001:0004106f       _lms_river_ba@_upperbasinempirical_ 1004506f f   WaterShed_CO.obj
 0001:00041104       _lms_river_ba@_aouttointerface_ 10045104 f   WaterShed_CO.obj
 0001:00041150       _lms_river_ba@_reservoirs_b_ 10045150 f   WaterShed_CO.obj
 0001:000411dd       _lms_river_ba@_expectedstorage_ba_ 100451dd f   WaterShed_CO.obj
 0001:000412e4       _lms_river_ba@_initialstorage_b_ 100452e4 f   WaterShed_CO.obj
 0001:0004132f       _lms_river_ba@_expectedstorage_bb_ 1004532f f   WaterShed_CO.obj
 0001:0004143c       _lms_river_ba@_fbankstoragepowell_ 1004543c f   WaterShed_CO.obj
 0001:0004146f       _lms_river_ba@_fbankstoragemead_ 1004546f f   WaterShed_CO.obj
 0001:000414a2       _lms_river_ba@_amodifystorage_ba_ 100454a2 f   WaterShed_CO.obj
 0001:000418fb       _lms_river_ba@_actualrelease_ 100458fb f   WaterShed_CO.obj
 0001:00041a3a       _lms_river_ba@_overriderelease_ 10045a3a f   WaterShed_CO.obj
 0001:00041b06       _lms_river_ba@_adwrrelease_ 10045b06 f   WaterShed_CO.obj
 0001:0004217b       _lms_river_ba@_actualstorage_ 1004617b f   WaterShed_CO.obj
 0001:00042324       _lms_river_ba@_threshold_b_ 10046324 f   WaterShed_CO.obj
 0001:00042a4b       _lms_river_ba@_targetamount_ 10046a4b f   WaterShed_CO.obj
 0001:00042baf       _lms_river_ba@_equalizationtier_ 10046baf f   WaterShed_CO.obj
 0001:00043226       _lms_river_ba@_upperelevationtier_ 10047226 f   WaterShed_CO.obj
 0001:00043483       _lms_river_ba@_targetelevations_ 10047483 f   WaterShed_CO.obj
 0001:00043672       _lms_river_ba@_balancecontent_ 10047672 f   WaterShed_CO.obj
 0001:00043abc       _lms_river_ba@_elevationspowell_ 10047abc f   WaterShed_CO.obj
 0001:00043bed       _lms_river_ba@_statefromelevationpowell_ 10047bed f   WaterShed_CO.obj
 0001:00043c2f       _lms_river_ba@_elevationsmead_ 10047c2f f   WaterShed_CO.obj
 0001:00043d38       _lms_river_ba@_amodifystorage_bb_ 10047d38 f   WaterShed_CO.obj
 0001:00044cfc       _lms_river_ba@_statesshortageratios_ 10048cfc f   WaterShed_CO.obj
 0001:00044dcd       _lms_river_ba@_sevenstates_ 10048dcd f   WaterShed_CO.obj
 0001:00044f88       _lms_river_ba@_designations_b_ 10048f88 f   WaterShed_CO.obj
 0001:00045102       _lms_river_ba@_updatestate_b_ 10049102 f   WaterShed_CO.obj
 0001:000454fd       _lms_river_ba@_outinitialb_ 100494fd f   WaterShed_CO.obj
 0001:00045529       _lms_river_ba@_outputsb_   10049529 f   WaterShed_CO.obj
 0001:00045657       _initializecolorado_       10049657 f   WaterShed_CO.obj
 0001:0004566b       _pflowsreservoirscolorado_ 1004966b f   WaterShed_CO.obj
 0001:00045770       _lm_srpsalttonto_          10049770 f   WaterShed_SaltTonto.obj
 0001:00045781       _lm_srpsalttonto@_initwssalttonto_ 10049781 f   WaterShed_SaltTonto.obj
 0001:0004579f       _lm_srpsalttonto@_openfiles_st_ 1004979f f   WaterShed_SaltTonto.obj
 0001:00045891       _lm_srpsalttonto@_readfiles_st_ 10049891 f   WaterShed_SaltTonto.obj
 0001:00045a35       _lm_srpsalttonto@_initialstate_st_ 10049a35 f   WaterShed_SaltTonto.obj
 0001:00045a85       _lms_srpsalttonto_         10049a85 f   WaterShed_SaltTonto.obj
 0001:00045a96       _lms_srpsalttonto@_ainflow_salttonto_ 10049a96 f   WaterShed_SaltTonto.obj
 0001:00045fe7       _lms_srpsalttonto@_countyears_ 10049fe7 f   WaterShed_SaltTonto.obj
 0001:00046092       _lms_srpsalttonto@_monthlyflow_ 1004a092 f   WaterShed_SaltTonto.obj
 0001:00046156       _lms_srpsalttonto@_expectedstoragesalt_ 1004a156 f   WaterShed_SaltTonto.obj
 0001:00046315       _lms_srpsalttonto@_normalflowavailablemonthly_ 1004a315 f   WaterShed_SaltTonto.obj
 0001:00046554       _lms_srpsalttonto@_monthlybc_ 1004a554 f   WaterShed_SaltTonto.obj
 0001:000465ef       _lms_srpsalttonto@_storagesaltmonthly_ 1004a5ef f   WaterShed_SaltTonto.obj
 0001:00046eab       _lms_srpsalttonto@_storagerooseveltmonthly_ 1004aeab f   WaterShed_SaltTonto.obj
 0001:00047266       _lms_srpsalttonto@_initializeloop_ 1004b266 f   WaterShed_SaltTonto.obj
 0001:000472ae       _lms_srpsalttonto@_outputstointerface_ 1004b2ae f   WaterShed_SaltTonto.obj
 0001:000473dd       _lms_srpsalttonto@_validate_ 1004b3dd f   WaterShed_SaltTonto.obj
 0001:0004747e       _lms_srpsalttonto@_updatestate_ 1004b47e f   WaterShed_SaltTonto.obj
 0001:0004754f       _lms_srpsalttonto@_movingaveage_ 1004b54f f   WaterShed_SaltTonto.obj
 0001:000476d3       _initializesalttonto_      1004b6d3 f   WaterShed_SaltTonto.obj
 0001:000476e7       _adjustedflowsalttonto_    1004b6e7 f   WaterShed_SaltTonto.obj
 0001:00047706       _normalflowsalttonto_      1004b706 f   WaterShed_SaltTonto.obj
 0001:00047c50       _lm_river_aa_              1004bc50 f   WaterShed_STV.obj
 0001:00047c61       _lm_river_aa@_initwsa_     1004bc61 f   WaterShed_STV.obj
 0001:00047c89       _lm_river_aa@_openfiles_a_ 1004bc89 f   WaterShed_STV.obj
 0001:00047e15       _lm_river_aa@_readfiles_a_ 1004be15 f   WaterShed_STV.obj
 0001:00047fd4       _lm_river_aa@_readparms_a_ 1004bfd4 f   WaterShed_STV.obj
 0001:0004816c       _lm_river_aa@_initialstate_a_ 1004c16c f   WaterShed_STV.obj
 0001:000482c2       _lms_river_aa_             1004c2c2 f   WaterShed_STV.obj
 0001:000482d3       _lms_river_aa@_outinitiala_ 1004c2d3 f   WaterShed_STV.obj
 0001:000482e7       _lms_river_aa@_sunintendedrecharge_ 1004c2e7 f   WaterShed_STV.obj
 0001:00048400       _initializesalttontoverde_ 1004c400 f   WaterShed_STV.obj
 0001:00048414       _psalttontoverde_          1004c414 f   WaterShed_STV.obj
 0001:00048450       _lm_srpverde_              1004c450 f   WaterShed_Verde.obj
 0001:00048461       _lm_srpverde@_initwsverde_ 1004c461 f   WaterShed_Verde.obj
 0001:0004847f       _lm_srpverde@_openfiles_v_ 1004c47f f   WaterShed_Verde.obj
 0001:00048553       _lm_srpverde@_readfiles_v_ 1004c553 f   WaterShed_Verde.obj
 0001:000486f7       _lm_srpverde@_initialstate_v_ 1004c6f7 f   WaterShed_Verde.obj
 0001:0004871f       _lms_srpverde_             1004c71f f   WaterShed_Verde.obj
 0001:00048730       _lms_srpverde@_ainflow_verde_ 1004c730 f   WaterShed_Verde.obj
 0001:00048c74       _lms_srpverde@_countyears_ 1004cc74 f   WaterShed_Verde.obj
 0001:00048d1f       _lms_srpverde@_monthlyflow_ 1004cd1f f   WaterShed_Verde.obj
 0001:00048de3       _lms_srpverde@_expectedstorageverde_ 1004cde3 f   WaterShed_Verde.obj
 0001:00048f20       _lms_srpverde@_normalflowavailablemonthly_ 1004cf20 f   WaterShed_Verde.obj
 0001:000490f9       _lms_srpverde@_monthlybc_  1004d0f9 f   WaterShed_Verde.obj
 0001:000493bc       _lms_srpverde@_storageverdemonthly_ 1004d3bc f   WaterShed_Verde.obj
 0001:0004994d       _lms_srpverde@_initializeloop_ 1004d94d f   WaterShed_Verde.obj
 0001:000499c3       _lms_srpverde@_transferout_ 1004d9c3 f   WaterShed_Verde.obj
 0001:00049a11       _lms_srpverde@_outputstointerface_ 1004da11 f   WaterShed_Verde.obj
 0001:00049ae4       _lms_srpverde@_validate_   1004dae4 f   WaterShed_Verde.obj
 0001:00049c06       _lms_srpverde@_updatestate_ 1004dc06 f   WaterShed_Verde.obj
 0001:00049c56       _initializeverde_          1004dc56 f   WaterShed_Verde.obj
 0001:00049c6a       _adjustedflowverde_        1004dc6a f   WaterShed_Verde.obj
 0001:00049c89       _normalflowverde_          1004dc89 f   WaterShed_Verde.obj
 0001:00049f37       _monthlydemand_            1004df37 f   WaterShed_Verde.obj
 0001:0004a06d       _checkclassaflowavailable_ 1004e06d f   WaterShed_Verde.obj
 0001:0004a110       _lm_citiwaterbudgets_      1004e110 f   Water_CityModel.obj
 0001:0004a121       _lm_citiwaterbudgets@_initcitymodel_ 1004e121 f   Water_CityModel.obj
 0001:0004a13f       _lm_citiwaterbudgets@_openfiles_cm_ 1004e13f f   Water_CityModel.obj
 0001:0004a2cb       _lm_citiwaterbudgets@_readfiles_cm_ 1004e2cb f   Water_CityModel.obj
 0001:0004a434       _lms_citiwaterbudgets_     1004e434 f   Water_CityModel.obj
 0001:0004a445       _lms_citiwaterbudgets@_saquifer_ 1004e445 f   Water_CityModel.obj
 0001:0004acdd       _lms_citiwaterbudgets@_scommercial_ 1004ecdd f   Water_CityModel.obj
 0001:0004bb6e       _lms_citiwaterbudgets@_sshowerminutes_ 1004fb6e f   Water_CityModel.obj
 0001:0004bbcd       _lms_citiwaterbudgets@_sindustrial_ 1004fbcd f   Water_CityModel.obj
 0001:0004cab4       _lms_citiwaterbudgets@_sdirectinjection_ 10050ab4 f   Water_CityModel.obj
 0001:0004cc7f       _lms_citiwaterbudgets@_seffluent_ 10050c7f f   Water_CityModel.obj
 0001:0004d55f       _lms_citiwaterbudgets@_sgwtreatment_ 1005155f f   Water_CityModel.obj
 0001:0004d6d6       _lms_citiwaterbudgets@_sindustrialreuse_ 100516d6 f   Water_CityModel.obj
 0001:0004d987       _lms_citiwaterbudgets@_sreclaimed_ 10051987 f   Water_CityModel.obj
 0001:0004de9a       _lms_citiwaterbudgets@_sresidential_ 10051e9a f   Water_CityModel.obj
 0001:0004ee19       _lms_citiwaterbudgets@_sroprocess_ 10052e19 f   Water_CityModel.obj
 0001:0004f145       _lms_citiwaterbudgets@_srwwtp_ 10053145 f   Water_CityModel.obj
 0001:0004f411       _lms_citiwaterbudgets@_ssurfacewater_ 10053411 f   Water_CityModel.obj
 0001:0004f81d       _lms_citiwaterbudgets@_sswtp_ 1005381d f   Water_CityModel.obj
 0001:0004f980       _lms_citiwaterbudgets@_svadose_ 10053980 f   Water_CityModel.obj
 0001:0005041b       _lms_citiwaterbudgets@_slagvadose_ 1005441b f   Water_CityModel.obj
 0001:000505e9       _lms_citiwaterbudgets@_storelaggedvadose_ 100545e9 f   Water_CityModel.obj
 0001:0005069e       _lms_citiwaterbudgets@_fvadoseinfiltration_ 1005469e f   Water_CityModel.obj
 0001:00050723       _lms_citiwaterbudgets@_fvadoseloss_ 10054723 f   Water_CityModel.obj
 0001:0005079c       _lms_citiwaterbudgets@_swsupply_ 1005479c f   Water_CityModel.obj
 0001:0005121e       _lms_citiwaterbudgets@_swwtp_ 1005521e f   Water_CityModel.obj
 0001:0005168f       _lms_citiwaterbudgets@_sagriculture_ 1005568f f   Water_CityModel.obj
 0001:0005180f       _lms_citiwaterbudgets@_spowerplant_ 1005580f f   Water_CityModel.obj
 0001:000518ae       _lms_citiwaterbudgets@_sbalancews_ 100558ae f   Water_CityModel.obj
 0001:00051ca5       _lms_citiwaterbudgets@_sproportionnew_ 10055ca5 f   Water_CityModel.obj
 0001:00051f17       _lms_citiwaterbudgets@_sproportion_ 10055f17 f   Water_CityModel.obj
 0001:000526cc       _lms_citiwaterbudgets@_srangecheck_ 100566cc f   Water_CityModel.obj
 0001:000527bc       _lms_citiwaterbudgets@_swaterfluxtoatmos_ 100567bc f   Water_CityModel.obj
 0001:0005284f       _lms_citiwaterbudgets@_supdatestate_ 1005684f f   Water_CityModel.obj
 0001:00052979       _lms_citiwaterbudgets@_sstepupdate_ 10056979 f   Water_CityModel.obj
 0001:00052b41       _lms_citiwaterbudgets@_sgraywater_ 10056b41 f   Water_CityModel.obj
 0001:00052e23       _lms_citiwaterbudgets@_sblackwater_ 10056e23 f   Water_CityModel.obj
 0001:000531b0       _lms_citiwaterbudgets@_srunoff_ 100571b0 f   Water_CityModel.obj
 0001:0005329c       _lms_citiwaterbudgets@_fpercolation_ 1005729c f   Water_CityModel.obj
 0001:00053308       _lms_citiwaterbudgets@_fstormwaterstorage_ 10057308 f   Water_CityModel.obj
 0001:000534cf       _lms_citiwaterbudgets@_speakrainfall_ 100574cf f   Water_CityModel.obj
 0001:00053520       _lms_citiwaterbudgets@_srainfallrunoff_ 10057520 f   Water_CityModel.obj
 0001:00053cee       _lms_citiwaterbudgets@_sconverge_ 10057cee f   Water_CityModel.obj
 0001:00053d02       _lms_citiwaterbudgets@_svadosecurve_ 10057d02 f   Water_CityModel.obj
 0001:00053d77       _lms_citiwaterbudgets@_typetransferin_ 10057d77 f   Water_CityModel.obj
 0001:00054487       _lms_citiwaterbudgets@_typetransferout_ 10058487 f   Water_CityModel.obj
 0001:000549ca       _lms_citiwaterbudgets@_soutputtointerface_ 100589ca f   Water_CityModel.obj
 0001:000553bf       _lms_citiwaterbudgets@_scitymodelwater_ 100593bf f   Water_CityModel.obj
 0001:000555eb       _lms_citiwaterbudgets@_loopend_ 100595eb f   Water_CityModel.obj
 0001:0005561c       _lms_citiwaterbudgets@_screditbalance_ 1005961c f   Water_CityModel.obj
 0001:0005586d       _lms_citiwaterbudgets@_outputs_ 1005986d f   Water_CityModel.obj
 0001:000558ed       _initializecitymodel_      100598ed f   Water_CityModel.obj
 0001:000558f9       _pcitimodel_               100598f9 f   Water_CityModel.obj
 0001:00055c86       _frainevaporationrate_     10059c86 f   Water_CityModel.obj
 0001:00055cd0       _f_anint                   10059cd0 f   fj90f:jwe_fani.obj
 0001:00055d50       _f_trim                    10059d50 f   fj90f:jwe_ftrm.obj
 0001:00055da0       _f_scmov                   10059da0 f   fj90f:jwe_fcmv.obj
 0001:00055e00       _f_cmove                   10059e00 f   fj90f:jwe_fcmv.obj
 0001:00055e60       _f_dnint                   10059e60 f   fj90f:jwe_fdni.obj
 0001:00055f70       _f_aixi                    10059f70 f   fj90f:jwe_fixi.obj
 0001:00056120       _f_index                   1005a120 f   fj90f:jwe_fidx.obj
 0001:00056190       _f_indexa                  1005a190 f   fj90f:jwe_fidx.obj
 0001:00056270       _f_indexj                  1005a270 f   fj90f:jwe_fidx.obj
 0001:00056310       _f_indxaj                  1005a310 f   fj90f:jwe_fidx.obj
 0001:00056450       _f_datim                   1005a450 f   fj90f:jwe_fdat.obj
 0001:00056a80       _f_dint                    1005aa80 f   fj90f:jwe_fdin.obj
 0001:00056af0       _f_cshft                   1005aaf0 f   fj90f:jwe_fcsh.obj
 0001:000592e0       _jwe_fcsh1                 1005d2e0 f   fj90f:jwe_fcsh1.obj
 0001:0005b5c0       _jwe_fcsh8                 1005f5c0 f   fj90f:jwe_fcsh8.obj
 0001:0005dcc0       _jwe_fcsh4                 10061cc0 f   fj90f:jwe_fcsh4.obj
 0001:0005ff30       _jwe_fcsh2                 10063f30 f   fj90f:jwe_fcsh2.obj
 0001:000621b0       _g_arxr                    100661b0 f   fj90g:jwe_grxr.obj
 0001:000627fa       _jwe_gpow                  100667fa f   fj90g:jwe_grxr.obj
 0001:00062990       _g_exp                     10066990 f   fj90g:jwe_gexp.obj
 0001:00062ac0       _g_adxd                    10066ac0 f   fj90g:jwe_gdxd.obj
 0001:00062fa0       _jwe_gpwd                  10066fa0 f   fj90g:jwe_gdxd.obj
 0001:00063200       _g_fract                   10067200 f   fj90g:jwe_gfrr.obj
 0001:00063240       _g_atan                    10067240 f   fj90g:jwe_gatn.obj
 0001:00063260       _g_dexp                    10067260 f   fj90g:jwe_gdex.obj
 0001:000633a0       _jwe_gdex                  100673a0 f   fj90g:jwe_gdex.obj
 0001:000633c0       _g_dsqrt                   100673c0 f   fj90g:jwe_gdsq.obj
 0001:000634d0       _jwe_ilst                  100674d0 f   fj90i:jwe_ilst.obj
 0001:00063a90       _jwe_iocf                  10067a90 f   fj90i:jwe_iocf.obj
 0001:00066260       _jwe_ifac                  1006a260 f   fj90i:jwe_iocf.obj
 0001:00066470       _jwe_iinq                  1006a470 f   fj90i:jwe_iinq.obj
 0001:000666c0       _jwe_iiq0                  1006a6c0 f   fj90i:jwe_iinq.obj
 0001:00066a60       _jwe_iiq1                  1006aa60 f   fj90i:jwe_iinq.obj
 0001:00066d50       _jwe_iiq2                  1006ad50 f   fj90i:jwe_iinq.obj
 0001:00067030       _jwe_iiq3                  1006b030 f   fj90i:jwe_iinq.obj
 0001:00067590       _jwe_iiqs                  1006b590 f   fj90i:jwe_iinq.obj
 0001:000681e0       _jwe_iiqe                  1006c1e0 f   fj90i:jwe_iinq.obj
 0001:00068490       _jwe_iiq4                  1006c490 f   fj90i:jwe_iinq.obj
 0001:00068780       _jwe_iiq5                  1006c780 f   fj90i:jwe_iinq.obj
 0001:00068e30       _jwe_xalc                  1006ce30 f   fj90i:jwe_xalc.obj
 0001:00069290       _jwe_x_alloc_trace         1006d290 f   fj90i:jwe_xalc.obj
 0001:000693c0       _jwe_xdal                  1006d3c0 f   fj90i:jwe_xdal.obj
 0001:00069770       _jwe_iinf                  1006d770 f   fj90i:jwe_iinf.obj
 0001:0006a210       _jwe_xstp                  1006e210 f   fj90i:jwe_xstp.obj
 0001:0006a360       _jwe_xadt                  1006e360 f   fj90i:jwe_xadt.obj
 0001:0006a540       _jwe_xddt                  1006e540 f   fj90i:jwe_xadt.obj
 0001:0006a780       _jwe_xopt                  1006e780 f   fj90i:jwe_xopt.obj
 0001:0006b740       _jwe_xcop                  1006f740 f   fj90i:jwe_xopt.obj
 0001:0006b9a0       _jwe_xrcp                  1006f9a0 f   fj90i:jwe_xopt.obj
 0001:0006b9b0       _jwe_isfm                  1006f9b0 f   fj90i:jwe_isfm.obj
 0001:0006c240       _jwe_ipsf                  10070240 f   fj90i:jwe_ipsf.obj
 0001:0006c610       _jwe_xilc                  10070610 f   fj90i:jwe_xilc.obj
 0001:0006c650       _jwe_xint                  10070650 f   fj90i:jwe_xint.obj
 0001:0006c6d0       _jwe_iedo                  100706d0 f   fj90i:jwe_iedo.obj
 0001:0006f760       _jwe_ildo                  10073760 f   fj90i:jwe_ildo.obj
 0001:00070fa0       _jwe_illd                  10074fa0 f   fj90i:jwe_ildo.obj
 0001:000710d0       _jwe_iedi                  100750d0 f   fj90i:jwe_iedi.obj
 0001:00074700       _jwe_ilni                  10078700 f   fj90i:jwe_ilni.obj
 0001:00075af0       _jwe_ildi                  10079af0 f   fj90i:jwe_ildi.obj
 0001:00076790       _jwe_iscf                  1007a790 f   fj90i:jwe_iscf.obj
 0001:00077350       _jwe_icui                  1007b350 f   fj90i:jwe_icui.obj
 0001:000777c0       _jwe_iist                  1007b7c0 f   fj90i:jwe_icui.obj
 0001:00077810       _jwe_isui                  1007b810 f   fj90i:jwe_isui.obj
 0001:00077940       _jwe_isu1                  1007b940 f   fj90i:jwe_isui.obj
 0001:000779f0       _jwe_icep                  1007b9f0 f   fj90i:jwe_icep.obj
 0001:00077ab0       _jwe_ifcf                  1007bab0 f   fj90i:jwe_ifcf.obj
 0001:00077c30       _jwe_ifcc                  1007bc30 f   fj90i:jwe_ifcc.obj
 0001:00077cf0       _jwe_iflc                  1007bcf0 f   fj90i:jwe_iflc.obj
 0001:00077f50       _jwe_iflo                  1007bf50 f   fj90i:jwe_iflo.obj
 0001:00077fe0       _jwe_ienv                  1007bfe0 f   fj90i:jwe_ienv.obj
 0001:00078160       _jwe_isss                  1007c160 f   fj90i:jwe_isss.obj
 0001:00078170       _jwe_ifnc                  1007c170 f   fj90i:jwe_ifnc.obj
 0001:00078420       _jwe_ifck                  1007c420 f   fj90i:jwe_ifck.obj
 0001:000784f0       _jwe_igfn                  1007c4f0 f   fj90i:jwe_igfn.obj
 0001:000785a0       _jwe_iftx                  1007c5a0 f   fj90i:jwe_iftx.obj
 0001:00078700       _jwe_iiol                  1007c700 f   fj90i:jwe_iiol.obj
 0001:00078c20       _jwe_iils                  1007cc20 f   fj90i:jwe_iiol.obj
 0001:00078c70       _jwe_ifil                  1007cc70 f   fj90i:jwe_ifil.obj
 0001:00079110       _jwe_iunt                  1007d110 f   fj90i:jwe_iunt.obj
 0001:000791f0       _jwe_iblk                  1007d1f0 f   fj90i:jwe_iblk.obj
 0001:00079320       _jwe_xalc_fast             1007d320 f   fj90i:jwe_xdta.obj
 0001:00079530       _jwe_xdal_fast             1007d530 f   fj90i:jwe_xdta.obj
 0001:000797d0       _jwe_xget_align            1007d7d0 f   fj90i:jwe_xdta.obj
 0001:00079840       _jwe_xfree_align           1007d840 f   fj90i:jwe_xdta.obj
 0001:00079860       _jwe_ifct                  1007d860 f   fj90i:jwe_ifct.obj
 0001:0007b980       _jwe_isob                  1007f980 f   fj90i:jwe_isob.obj
 0001:0007bab0       _jwe_ifmt                  1007fab0 f   fj90i:jwe_ifmt.obj
 0001:0007d020       _jwe_inao                  10081020 f   fj90i:jwe_inao.obj
 0001:0007e680       _jwe_inai                  10082680 f   fj90i:jwe_inai.obj
 0001:0007faf0       _jwe_inkw                  10083af0 f   fj90i:jwe_inai.obj
 0001:000802a0       _jwe_inch                  100842a0 f   fj90i:jwe_inai.obj
 0001:00080310       _jwe_inc2                  10084310 f   fj90i:jwe_inai.obj
 0001:00080350       _jwe_inhx                  10084350 f   fj90i:jwe_inai.obj
 0001:00080520       _jwe_inex                  10084520 f   fj90i:jwe_inai.obj
 0001:00080570       _jwe_inhc                  10084570 f   fj90i:jwe_inai.obj
 0001:000812c0       _jwe_ine1                  100852c0 f   fj90i:jwe_inai.obj
 0001:000814a0       _jwe_ine2                  100854a0 f   fj90i:jwe_inai.obj
 0001:000816c0       _jwe_ine3                  100856c0 f   fj90i:jwe_inai.obj
 0001:000817f0       _jwe_in_g                  100857f0 f   fj90i:jwe_inai.obj
 0001:000819e0       _jwe_insf                  100859e0 f   fj90i:jwe_inai.obj
 0001:00081a60       _jwe_inah                  10085a60 f   fj90i:jwe_inai.obj
 0001:00081ac0       _jwe_igad                  10085ac0 f   fj90i:jwe_igad.obj
 0001:00081ae0       _jwe_ipid                  10085ae0 f   fj90i:jwe_ipid.obj
 0001:00081b70       _jwe_iipg                  10085b70 f   fj90i:jwe_iipg.obj
[...]
 0001:000714d0       _jwe_iimv                  100754d0 f   fj90i:jwe_iedi.obj
 0001:000715b0       _jwe_iidp                  100755b0 f   fj90i:jwe_iedi.obj
 0001:000717a0       _jwe_idmv                  100757a0 f   fj90i:jwe_iedi.obj
 0001:00071870       _jwe_iiex                  10075870 f   fj90i:jwe_iedi.obj
 0001:00071980       _jwe_iexp                  10075980 f   fj90i:jwe_iedi.obj
 0001:00071ab0       _jwe_iied                  10075ab0 f   fj90i:jwe_iedi.obj
 0001:00071bd0       _jwe_iiif                  10075bd0 f   fj90i:jwe_iedi.obj
 0001:00071ca0       _jwe_iiec                  10075ca0 f   fj90i:jwe_iedi.obj
 0001:00071cf0       _jwe_iieo                  10075cf0 f   fj90i:jwe_iedi.obj
 0001:00071d90       _jwe_iiri                  10075d90 f   fj90i:jwe_iedi.obj
 0001:00071e90       _jwe_iini                  10075e90 f   fj90i:jwe_iedi.obj
 0001:00071ff0       _jwe_iiie                  10075ff0 f   fj90i:jwe_iedi.obj
 0001:00072700       _jwe_iile                  10076700 f   fj90i:jwe_iedi.obj
 0001:00072a10       _jwe_iize                  10076a10 f   fj90i:jwe_iedi.obj
 0001:00072e30       _jwe_iizs                  10076e30 f   fj90i:jwe_iedi.obj
 0001:000731c0       _jwe_iiae                  100771c0 f   fj90i:jwe_iedi.obj
 0001:00073260       _jwe_iiaw                  10077260 f   fj90i:jwe_iedi.obj
 0001:000733c0       _jwe_iire                  100773c0 f   fj90i:jwe_iedi.obj
 0001:00073540       _jwe_iibe                  10077540 f   fj90i:jwe_iedi.obj
 0001:000738d0       _jwe_iibs                  100778d0 f   fj90i:jwe_iedi.obj
 0001:00073bb0       _jwe_iioe                  10077bb0 f   fj90i:jwe_iedi.obj
 0001:00073f20       _jwe_iios                  10077f20 f   fj90i:jwe_iedi.obj
 0001:00074230       _jwe_iige                  10078230 f   fj90i:jwe_iedi.obj
 0001:00074250       _jwe_iine                  10078250 f   fj90i:jwe_iedi.obj
 0001:00074260       _jwe_iief                  10078260 f   fj90i:jwe_iedi.obj
 0001:00074650       _jwe_iiqe                  10078650 f   fj90i:jwe_iedi.obj
 0001:0006f7d0       _jwe_ilor                  100737d0 f   fj90i:jwe_ildo.obj
 0001:00070970       _jwe_il_c                  10074970 f   fj90i:jwe_ildo.obj
 0001:00070a30       _jwe_il_r                  10074a30 f   fj90i:jwe_ildo.obj
 0001:00070d50       _jwe_iloc                  10074d50 f   fj90i:jwe_ildo.obj
 0001:00070f00       _jwe_iloe                  10074f00 f   fj90i:jwe_ildo.obj
 0001:0006c6f0       _jwe_iofe                  100706f0 f   fj90i:jwe_iedo.obj
 0001:0006c960       _jwe_ioed                  10070960 f   fj90i:jwe_iedo.obj
 0001:0006d2e0       _jwe_ior0                  100712e0 f   fj90i:jwe_iedo.obj
 0001:0006d470       _jwe_ioni                  10071470 f   fj90i:jwe_iedo.obj
 0001:0006d530       _jwe_ioic                  10071530 f   fj90i:jwe_iedo.obj
 0001:0006d750       _jwe_ioge                  10071750 f   fj90i:jwe_iedo.obj
 0001:0006d790       _jwe_iocl                  10071790 f   fj90i:jwe_iedo.obj
 0001:0006d7c0       _jwe_ioie                  100717c0 f   fj90i:jwe_iedo.obj
 0001:0006da80       _jwe_ioig                  10071a80 f   fj90i:jwe_iedo.obj
 0001:0006dd20       _jwe_iole                  10071d20 f   fj90i:jwe_iedo.obj
 0001:0006de00       _jwe_ioaw                  10071e00 f   fj90i:jwe_iedo.obj
 0001:0006de90       _jwe_ioae                  10071e90 f   fj90i:jwe_iedo.obj
 0001:0006dec0       _jwe_iozs                  10071ec0 f   fj90i:jwe_iedo.obj
 0001:0006e110       _jwe_ioze                  10072110 f   fj90i:jwe_iedo.obj
 0001:0006e310       _jwe_ioen                  10072310 f   fj90i:jwe_iedo.obj
 0001:0006e7c0       _jwe_ioes                  100727c0 f   fj90i:jwe_iedo.obj
 0001:0006eb60       _jwe_iore                  10072b60 f   fj90i:jwe_iedo.obj
 0001:0006ebf0       _jwe_iobs                  10072bf0 f   fj90i:jwe_iedo.obj
 0001:0006eee0       _jwe_iobe                  10072ee0 f   fj90i:jwe_iedo.obj
 0001:0006f190       _jwe_ioos                  10073190 f   fj90i:jwe_iedo.obj
 0001:0006f540       _jwe_iooe                  10073540 f   fj90i:jwe_iedo.obj
 0001:0006f750       _jwe_ione                  10073750 f   fj90i:jwe_iedo.obj
 0001:0006c4b0       _jwe_ipse                  100704b0 f   fj90i:jwe_ipsf.obj
 0001:0006c1b0       _jwe_iser                  100701b0 f   fj90i:jwe_isfm.obj
 0001:0006a990       _jwe_xsch                  1006e990 f   fj90i:jwe_xopt.obj
 0001:0006a640       _err_end                   1006e640 f   fj90i:jwe_xadt.obj
 0001:0006a040       _jwe_iifg                  1006e040 f   fj90i:jwe_iinf.obj
 0001:0006a100       _jwe_iifp                  1006e100 f   fj90i:jwe_iinf.obj
 0001:00069600       _jwe_error_call            1006d600 f   fj90i:jwe_xdal.obj
 0001:00069040       _jwe_error_call            1006d040 f   fj90i:jwe_xalc.obj
 0001:00067940       _jwe_iiqc                  1006b940 f   fj90i:jwe_iinq.obj
 0001:00068000       _jwe_iiqn                  1006c000 f   fj90i:jwe_iinq.obj
 0001:00068100       _jwe_iiqt                  1006c100 f   fj90i:jwe_iinq.obj
 0001:00068360       _jwe_iiqi                  1006c360 f   fj90i:jwe_iinq.obj
 0001:000683d0       _jwe_wiqt                  1006c3d0 f   fj90i:jwe_iinq.obj
 0001:00068430       _jwe_wiqf                  1006c430 f   fj90i:jwe_iinq.obj
 0001:00068ce0       _jwe_ifls                  1006cce0 f   fj90i:jwe_iinq.obj
 0001:00068dc0       _jwe_ifse                  1006cdc0 f   fj90i:jwe_iinq.obj
 0001:00068e00       _jwe_ifst                  1006ce00 f   fj90i:jwe_iinq.obj
 0001:00064100       _jwe_iop0                  10068100 f   fj90i:jwe_iocf.obj
 0001:000645d0       _jwe_iocl                  100685d0 f   fj90i:jwe_iocf.obj
 0001:000647f0       _jwe_iop1                  100687f0 f   fj90i:jwe_iocf.obj
 0001:000652c0       _jwe_iop2                  100692c0 f   fj90i:jwe_iocf.obj
 0001:00065490       _jwe_iop3                  10069490 f   fj90i:jwe_iocf.obj
 0001:00065500       _jwe_iop5                  10069500 f   fj90i:jwe_iocf.obj
 0001:000655b0       _jwe_iop4                  100695b0 f   fj90i:jwe_iocf.obj
 0001:00065670       _jwe_iop6                  10069670 f   fj90i:jwe_iocf.obj
 0001:000656f0       _jwe_iop7                  100696f0 f   fj90i:jwe_iocf.obj
 0001:000658f0       _jwe_iopc                  100698f0 f   fj90i:jwe_iocf.obj
 0001:000659c0       _jwe_iopw                  100699c0 f   fj90i:jwe_iocf.obj
 0001:00065c40       _jwe_iope                  10069c40 f   fj90i:jwe_iocf.obj
 0001:00065e60       _jwe_iops                  10069e60 f   fj90i:jwe_iocf.obj
 0001:00065f10       _jwe_iop8                  10069f10 f   fj90i:jwe_iocf.obj
 0001:000b5f2e       _xtoa                      100b9f2e f   libc:xtoa.obj
 0001:000b6000       _x64toa@20                 100ba000 f   libc:xtoa.obj
 0001:000b5d3d       __stripquote               100b9d3d f   libc:tempnam.obj
 0001:000b53d1       _output                    100b93d1 f   libc:cprintf.obj
 0001:000b5afe       _write_char                100b9afe f   libc:cprintf.obj
 0001:000b5b18       _write_multi_char          100b9b18 f   libc:cprintf.obj
 0001:000b5b44       _write_string              100b9b44 f   libc:cprintf.obj
 0001:000b5b77       _get_int_arg               100b9b77 f   libc:cprintf.obj
 0001:000b5b84       _get_int64_arg             100b9b84 f   libc:cprintf.obj
 0001:000b5b94       _get_short_arg             100b9b94 f   libc:cprintf.obj
 0001:000b3eb9       __get_fname                100b7eb9 f   libc:fpexcept.obj
 0001:000b15b4       label0                     100b55b4 f   libc:adj_fdiv.obj
 0001:000b15ba       label1                     100b55ba f   libc:adj_fdiv.obj
 0001:000b15bf       label2                     100b55bf f   libc:adj_fdiv.obj
 0001:000b15c5       label3                     100b55c5 f   libc:adj_fdiv.obj
 0001:000b15ca       label4                     100b55ca f   libc:adj_fdiv.obj
 0001:000b15d0       label5                     100b55d0 f   libc:adj_fdiv.obj
 0001:000b15d6       label6                     100b55d6 f   libc:adj_fdiv.obj
 0001:000b15dc       label7                     100b55dc f   libc:adj_fdiv.obj
 0001:000b15e2       label8                     100b55e2 f   libc:adj_fdiv.obj
 0001:000b15fe       label9                     100b55fe f   libc:adj_fdiv.obj
 0001:000b1603       label10                    100b5603 f   libc:adj_fdiv.obj
 0001:000b1619       label11                    100b5619 f   libc:adj_fdiv.obj
 0001:000b161e       label12                    100b561e f   libc:adj_fdiv.obj
 0001:000b163a       label13                    100b563a f   libc:adj_fdiv.obj
 0001:000b164a       label14                    100b564a f   libc:adj_fdiv.obj
 0001:000b165e       label15                    100b565e f   libc:adj_fdiv.obj
 0001:000b166e       label16                    100b566e f   libc:adj_fdiv.obj
 0001:000b168e       label17                    100b568e f   libc:adj_fdiv.obj
 0001:000b1693       label18                    100b5693 f   libc:adj_fdiv.obj
 0001:000b16ad       label19                    100b56ad f   libc:adj_fdiv.obj
 0001:000b16b2       label20                    100b56b2 f   libc:adj_fdiv.obj
 0001:000b16d2       label21                    100b56d2 f   libc:adj_fdiv.obj
 0001:000b16e6       label22                    100b56e6 f   libc:adj_fdiv.obj
 0001:000b16fe       label23                    100b56fe f   libc:adj_fdiv.obj
 0001:000b1712       label24                    100b5712 f   libc:adj_fdiv.obj
 0001:000b1732       label25                    100b5732 f   libc:adj_fdiv.obj
 0001:000b1737       label26                    100b5737 f   libc:adj_fdiv.obj
 0001:000b1751       label27                    100b5751 f   libc:adj_fdiv.obj
 0001:000b1756       label28                    100b5756 f   libc:adj_fdiv.obj
 0001:000b1776       label29                    100b5776 f   libc:adj_fdiv.obj
 0001:000b178a       label30                    100b578a f   libc:adj_fdiv.obj
 0001:000b17a2       label31                    100b57a2 f   libc:adj_fdiv.obj
 0001:000b17b6       label32                    100b57b6 f   libc:adj_fdiv.obj
 0001:000b17d6       label33                    100b57d6 f   libc:adj_fdiv.obj
 0001:000b17db       label34                    100b57db f   libc:adj_fdiv.obj
 0001:000b17f5       label35                    100b57f5 f   libc:adj_fdiv.obj
 0001:000b17fa       label36                    100b57fa f   libc:adj_fdiv.obj
 0001:000b181a       label37                    100b581a f   libc:adj_fdiv.obj
 0001:000b182e       label38                    100b582e f   libc:adj_fdiv.obj
 0001:000b1846       label39                    100b5846 f   libc:adj_fdiv.obj
 0001:000b185a       label40                    100b585a f   libc:adj_fdiv.obj
 0001:000b187a       label41                    100b587a f   libc:adj_fdiv.obj
 0001:000b187f       label42                    100b587f f   libc:adj_fdiv.obj
 0001:000b1899       label43                    100b5899 f   libc:adj_fdiv.obj
 0001:000b189e       label44                    100b589e f   libc:adj_fdiv.obj
 0001:000b18be       label45                    100b58be f   libc:adj_fdiv.obj
 0001:000b18d2       label46                    100b58d2 f   libc:adj_fdiv.obj
 0001:000b18ea       label47                    100b58ea f   libc:adj_fdiv.obj
 0001:000b18fe       label48                    100b58fe f   libc:adj_fdiv.obj
 0001:000b191e       label49                    100b591e f   libc:adj_fdiv.obj
 0001:000b1923       label50                    100b5923 f   libc:adj_fdiv.obj
 0001:000b193d       label51                    100b593d f   libc:adj_fdiv.obj
 0001:000b1942       label52                    100b5942 f   libc:adj_fdiv.obj
 0001:000b1962       label53                    100b5962 f   libc:adj_fdiv.obj
 0001:000b1976       label54                    100b5976 f   libc:adj_fdiv.obj
 0001:000b198e       label55                    100b598e f   libc:adj_fdiv.obj
 0001:000b19a2       label56                    100b59a2 f   libc:adj_fdiv.obj
 0001:000b19c2       label57                    100b59c2 f   libc:adj_fdiv.obj
 0001:000b19c7       label58                    100b59c7 f   libc:adj_fdiv.obj
 0001:000b19e1       label59                    100b59e1 f   libc:adj_fdiv.obj
 0001:000b19e6       label60                    100b59e6 f   libc:adj_fdiv.obj
 0001:000b1a06       label61                    100b5a06 f   libc:adj_fdiv.obj
 0001:000b1a1a       label62                    100b5a1a f   libc:adj_fdiv.obj
 0001:000b1a32       label63                    100b5a32 f   libc:adj_fdiv.obj
 0001:000b12cc       _gu_return                 100b52cc f   libc:exsup.obj
 0001:000b12d4       __unwind_handler           100b52d4 f   libc:exsup.obj
 0001:000b11f4       _findenv                   100b51f4 f   libc:setenv.obj
 0001:000b124c       _copy_environ              100b524c f   libc:setenv.obj
 0001:000b1042       _strncnt                   100b5042 f   libc:a_cmp.obj
 0001:000b09ce       _cvtdate                   100b49ce f   libc:tzset.obj
 0001:000afa79       _getSystemCP               100b3a79 f   libc:mbctype.obj
 0001:000afac3       _CPtoLCID                  100b3ac3 f   libc:mbctype.obj
 0001:000afaf6       _setSBCS                   100b3af6 f   libc:mbctype.obj
 0001:000afb1f       _setSBUpLow                100b3b1f f   libc:mbctype.obj
 0001:000aef92       _ctrlevent_capture@4       100b2f92 f   libc:winsig.obj
 0001:000af0f7       _siglookup                 100b30f7 f   libc:winsig.obj
 0001:000ad225       _strncnt                   100b1225 f   libc:a_map.obj
 0001:000ac8b1       fFEXP                      100b08b1 f   libc:87tran.obj
 0001:000ac9f1       _rtforexpinf               100b09f1 f   libc:87tran.obj
 0001:000ac5d7       _write_char                100b05d7 f   libc:output.obj
 0001:000ac60c       _write_multi_char          100b060c f   libc:output.obj
 0001:000ac63d       _write_string              100b063d f   libc:output.obj
 0001:000ac675       _get_int_arg               100b0675 f   libc:output.obj
 0001:000ac682       _get_int64_arg             100b0682 f   libc:output.obj
 0001:000ac692       _get_short_arg             100b0692 f   libc:output.obj
 0001:000ab7cf       _IsRootUNCName             100af7cf f   libc:stat.obj
 0001:000ab2b1       _xcptlookup                100af2b1 f   libc:winxfltr.obj
 0001:000ab0b0       __cftoe_g                  100af0b0 f   libc:cvt.obj
 0001:000ab0d7       __cftof_g                  100af0d7 f   libc:cvt.obj
 0001:000ab14b       __shift                    100af14b f   libc:cvt.obj
 0001:000aa7f9       _parse_cmdline             100ae7f9 f   libc:stdargv.obj
 0001:000a8f7f       _doexit                    100acf7f f   libc:crt0dat.obj
 0001:000a9018       __initterm                 100ad018 f   libc:crt0dat.obj
 0001:000a84f0       LeadUp1                    100ac4f0 f   libc:memmove.obj
 0001:000a851c       LeadUp2                    100ac51c f   libc:memmove.obj
 0001:000a8540       LeadUp3                    100ac540 f   libc:memmove.obj
 0001:000a85bf       UnwindUp0                  100ac5bf f   libc:memmove.obj
 0001:000a85ac       UnwindUp1                  100ac5ac f   libc:memmove.obj
 0001:000a85a4       UnwindUp2                  100ac5a4 f   libc:memmove.obj
 0001:000a859c       UnwindUp3                  100ac59c f   libc:memmove.obj
 0001:000a8594       UnwindUp4                  100ac594 f   libc:memmove.obj
 0001:000a858c       UnwindUp5                  100ac58c f   libc:memmove.obj
 0001:000a8584       UnwindUp6                  100ac584 f   libc:memmove.obj
 0001:000a857c       UnwindUp7                  100ac57c f   libc:memmove.obj
 0001:000a85d8       TrailUp0                   100ac5d8 f   libc:memmove.obj
 0001:000a85e0       TrailUp1                   100ac5e0 f   libc:memmove.obj
 0001:000a85ec       TrailUp2                   100ac5ec f   libc:memmove.obj
 0001:000a8600       TrailUp3                   100ac600 f   libc:memmove.obj
 0001:000a8678       LeadDown1                  100ac678 f   libc:memmove.obj
 0001:000a8698       LeadDown2                  100ac698 f   libc:memmove.obj
 0001:000a86c0       LeadDown3                  100ac6c0 f   libc:memmove.obj
 0001:000a8714       UnwindDown7                100ac714 f   libc:memmove.obj
 0001:000a871c       UnwindDown6                100ac71c f   libc:memmove.obj
 0001:000a8724       UnwindDown5                100ac724 f   libc:memmove.obj
 0001:000a872c       UnwindDown4                100ac72c f   libc:memmove.obj
 0001:000a8734       UnwindDown3                100ac734 f   libc:memmove.obj
 0001:000a873c       UnwindDown2                100ac73c f   libc:memmove.obj
 0001:000a8744       UnwindDown1                100ac744 f   libc:memmove.obj
 0001:000a8757       UnwindDown0                100ac757 f   libc:memmove.obj
 0001:000a8770       TrailDown0                 100ac770 f   libc:memmove.obj
 0001:000a8778       TrailDown1                 100ac778 f   libc:memmove.obj
 0001:000a8788       TrailDown2                 100ac788 f   libc:memmove.obj
 0001:000a879c       TrailDown3                 100ac79c f   libc:memmove.obj
 0001:000a81e2       _strtoxl                   100ac1e2 f   libc:strtol.obj
 0001:000a7fa6       _flsall                    100abfa6 f   libc:fflush.obj
 0001:000a7e96       _IsRootUNCName             100abe96 f   libc:stati64.obj
 0001:000a79be       __abstract_cw              100ab9be f   libc:ieee87.obj
 0001:000a7a50       __hw_cw                    100aba50 f   libc:ieee87.obj
 0001:000a7ad9       __abstract_sw              100abad9 f   libc:ieee87.obj
 0001:000a73c0       LeadUp1                    100ab3c0 f   libc:memcpy.obj
 0001:000a73ec       LeadUp2                    100ab3ec f   libc:memcpy.obj
 0001:000a7410       LeadUp3                    100ab410 f   libc:memcpy.obj
 0001:000a748f       UnwindUp0                  100ab48f f   libc:memcpy.obj
 0001:000a747c       UnwindUp1                  100ab47c f   libc:memcpy.obj
 0001:000a7474       UnwindUp2                  100ab474 f   libc:memcpy.obj
 0001:000a746c       UnwindUp3                  100ab46c f   libc:memcpy.obj
 0001:000a7464       UnwindUp4                  100ab464 f   libc:memcpy.obj
 0001:000a745c       UnwindUp5                  100ab45c f   libc:memcpy.obj
 0001:000a7454       UnwindUp6                  100ab454 f   libc:memcpy.obj
 0001:000a744c       UnwindUp7                  100ab44c f   libc:memcpy.obj
 0001:000a74a8       TrailUp0                   100ab4a8 f   libc:memcpy.obj
 0001:000a74b0       TrailUp1                   100ab4b0 f   libc:memcpy.obj
 0001:000a74bc       TrailUp2                   100ab4bc f   libc:memcpy.obj
 0001:000a74d0       TrailUp3                   100ab4d0 f   libc:memcpy.obj
 0001:000a7548       LeadDown1                  100ab548 f   libc:memcpy.obj
 0001:000a7568       LeadDown2                  100ab568 f   libc:memcpy.obj
 0001:000a7590       LeadDown3                  100ab590 f   libc:memcpy.obj
 0001:000a75e4       UnwindDown7                100ab5e4 f   libc:memcpy.obj
 0001:000a75ec       UnwindDown6                100ab5ec f   libc:memcpy.obj
 0001:000a75f4       UnwindDown5                100ab5f4 f   libc:memcpy.obj
 0001:000a75fc       UnwindDown4                100ab5fc f   libc:memcpy.obj
 0001:000a7604       UnwindDown3                100ab604 f   libc:memcpy.obj
 0001:000a760c       UnwindDown2                100ab60c f   libc:memcpy.obj
 0001:000a7614       UnwindDown1                100ab614 f   libc:memcpy.obj
 0001:000a7627       UnwindDown0                100ab627 f   libc:memcpy.obj
 0001:000a7640       TrailDown0                 100ab640 f   libc:memcpy.obj
 0001:000a7648       TrailDown1                 100ab648 f   libc:memcpy.obj
 0001:000a7658       TrailDown2                 100ab658 f   libc:memcpy.obj
 0001:000a766c       TrailDown3                 100ab66c f   libc:memcpy.obj
